Archive member included to satisfy reference by file (symbol)

f:/mounriver_studio_ii/mounriver_studio2/resources/app/resources/win32/components/wch/toolchain/risc-v embedded gcc/bin/../lib/gcc/riscv-none-embed/8.2.0/rv32imacxw/ilp32\libgcc.a(_divdi3.o)
                              ./Peripheral/src/ch32v20x_usart.o (__divdi3)
f:/mounriver_studio_ii/mounriver_studio2/resources/app/resources/win32/components/wch/toolchain/risc-v embedded gcc/bin/../lib/gcc/riscv-none-embed/8.2.0/rv32imacxw/ilp32\libgcc.a(_udivdi3.o)
                              ./Peripheral/src/ch32v20x_usart.o (__udivdi3)
f:/mounriver_studio_ii/mounriver_studio2/resources/app/resources/win32/components/wch/toolchain/risc-v embedded gcc/bin/../lib/gcc/riscv-none-embed/8.2.0/rv32imacxw/ilp32\libgcc.a(save-restore.o)
                              ./User/USBLIB/USB-Driver/src/usb_int.o (__riscv_save_8)
f:/mounriver_studio_ii/mounriver_studio2/resources/app/resources/win32/components/wch/toolchain/risc-v embedded gcc/bin/../lib/gcc/riscv-none-embed/8.2.0/rv32imacxw/ilp32\libgcc.a(_clz.o)
                              f:/mounriver_studio_ii/mounriver_studio2/resources/app/resources/win32/components/wch/toolchain/risc-v embedded gcc/bin/../lib/gcc/riscv-none-embed/8.2.0/rv32imacxw/ilp32\libgcc.a(_divdi3.o) (__clz_tab)
f:/mounriver_studio_ii/mounriver_studio2/resources/app/resources/win32/components/wch/toolchain/risc-v embedded gcc/bin/../lib/gcc/riscv-none-embed/8.2.0/../../../../riscv-none-embed/lib/rv32imacxw/ilp32\libg_nano.a(lib_a-memset.o)
                              ./User/UART/UART.o (memset)
f:/mounriver_studio_ii/mounriver_studio2/resources/app/resources/win32/components/wch/toolchain/risc-v embedded gcc/bin/../lib/gcc/riscv-none-embed/8.2.0/../../../../riscv-none-embed/lib/rv32imacxw/ilp32\libg_nano.a(lib_a-printf.o)
                              ./User/UART/UART.o (printf)
f:/mounriver_studio_ii/mounriver_studio2/resources/app/resources/win32/components/wch/toolchain/risc-v embedded gcc/bin/../lib/gcc/riscv-none-embed/8.2.0/../../../../riscv-none-embed/lib/rv32imacxw/ilp32\libg_nano.a(lib_a-puts.o)
                              ./User/USBLIB/CONFIG/hw_config.o (puts)
f:/mounriver_studio_ii/mounriver_studio2/resources/app/resources/win32/components/wch/toolchain/risc-v embedded gcc/bin/../lib/gcc/riscv-none-embed/8.2.0/../../../../riscv-none-embed/lib/rv32imacxw/ilp32\libg_nano.a(lib_a-wbuf.o)
                              f:/mounriver_studio_ii/mounriver_studio2/resources/app/resources/win32/components/wch/toolchain/risc-v embedded gcc/bin/../lib/gcc/riscv-none-embed/8.2.0/../../../../riscv-none-embed/lib/rv32imacxw/ilp32\libg_nano.a(lib_a-puts.o) (__swbuf_r)
f:/mounriver_studio_ii/mounriver_studio2/resources/app/resources/win32/components/wch/toolchain/risc-v embedded gcc/bin/../lib/gcc/riscv-none-embed/8.2.0/../../../../riscv-none-embed/lib/rv32imacxw/ilp32\libg_nano.a(lib_a-wsetup.o)
                              f:/mounriver_studio_ii/mounriver_studio2/resources/app/resources/win32/components/wch/toolchain/risc-v embedded gcc/bin/../lib/gcc/riscv-none-embed/8.2.0/../../../../riscv-none-embed/lib/rv32imacxw/ilp32\libg_nano.a(lib_a-puts.o) (__swsetup_r)
f:/mounriver_studio_ii/mounriver_studio2/resources/app/resources/win32/components/wch/toolchain/risc-v embedded gcc/bin/../lib/gcc/riscv-none-embed/8.2.0/../../../../riscv-none-embed/lib/rv32imacxw/ilp32\libg_nano.a(lib_a-fflush.o)
                              f:/mounriver_studio_ii/mounriver_studio2/resources/app/resources/win32/components/wch/toolchain/risc-v embedded gcc/bin/../lib/gcc/riscv-none-embed/8.2.0/../../../../riscv-none-embed/lib/rv32imacxw/ilp32\libg_nano.a(lib_a-wbuf.o) (_fflush_r)
f:/mounriver_studio_ii/mounriver_studio2/resources/app/resources/win32/components/wch/toolchain/risc-v embedded gcc/bin/../lib/gcc/riscv-none-embed/8.2.0/../../../../riscv-none-embed/lib/rv32imacxw/ilp32\libg_nano.a(lib_a-findfp.o)
                              f:/mounriver_studio_ii/mounriver_studio2/resources/app/resources/win32/components/wch/toolchain/risc-v embedded gcc/bin/../lib/gcc/riscv-none-embed/8.2.0/../../../../riscv-none-embed/lib/rv32imacxw/ilp32\libg_nano.a(lib_a-printf.o) (__sinit)
f:/mounriver_studio_ii/mounriver_studio2/resources/app/resources/win32/components/wch/toolchain/risc-v embedded gcc/bin/../lib/gcc/riscv-none-embed/8.2.0/../../../../riscv-none-embed/lib/rv32imacxw/ilp32\libg_nano.a(lib_a-fwalk.o)
                              f:/mounriver_studio_ii/mounriver_studio2/resources/app/resources/win32/components/wch/toolchain/risc-v embedded gcc/bin/../lib/gcc/riscv-none-embed/8.2.0/../../../../riscv-none-embed/lib/rv32imacxw/ilp32\libg_nano.a(lib_a-findfp.o) (_fwalk)
f:/mounriver_studio_ii/mounriver_studio2/resources/app/resources/win32/components/wch/toolchain/risc-v embedded gcc/bin/../lib/gcc/riscv-none-embed/8.2.0/../../../../riscv-none-embed/lib/rv32imacxw/ilp32\libg_nano.a(lib_a-impure.o)
[...]
Memory Configuration

Name             Origin             Length             Attributes
FLASH            0x0000000000000000 0x0000000000010000 xr
RAM              0x0000000020000000 0x0000000000005000 xrw
*default*        0x0000000000000000 0xffffffffffffffff

Linker script and memory map

LOAD ./User/USBLIB/USB-Driver/src/usb_core.o
LOAD ./User/USBLIB/USB-Driver/src/usb_init.o
LOAD ./User/USBLIB/USB-Driver/src/usb_int.o
LOAD ./User/USBLIB/USB-Driver/src/usb_mem.o
LOAD ./User/USBLIB/USB-Driver/src/usb_regs.o
LOAD ./User/USBLIB/USB-Driver/src/usb_sil.o
LOAD ./User/USBLIB/CONFIG/hw_config.o
LOAD ./User/USBLIB/CONFIG/usb_desc.o
LOAD ./User/USBLIB/CONFIG/usb_endp.o
LOAD ./User/USBLIB/CONFIG/usb_istr.o
LOAD ./User/USBLIB/CONFIG/usb_prop.o
LOAD ./User/USBLIB/CONFIG/usb_pwr.o
LOAD ./User/UART/UART.o
LOAD ./User/Main.o
LOAD ./User/ch32v20x_it.o
LOAD ./User/system_ch32v20x.o
LOAD ./Startup/startup_ch32v20x_D6.o
LOAD ./Peripheral/src/ch32v20x_adc.o
LOAD ./Peripheral/src/ch32v20x_bkp.o
LOAD ./Peripheral/src/ch32v20x_can.o
LOAD ./Peripheral/src/ch32v20x_crc.o
LOAD ./Peripheral/src/ch32v20x_dbgmcu.o
LOAD ./Peripheral/src/ch32v20x_dma.o
LOAD ./Peripheral/src/ch32v20x_exti.o
LOAD ./Peripheral/src/ch32v20x_flash.o
LOAD ./Peripheral/src/ch32v20x_gpio.o
LOAD ./Peripheral/src/ch32v20x_i2c.o
LOAD ./Peripheral/src/ch32v20x_iwdg.o
LOAD ./Peripheral/src/ch32v20x_misc.o
LOAD ./Peripheral/src/ch32v20x_opa.o
LOAD ./Peripheral/src/ch32v20x_pwr.o
LOAD ./Peripheral/src/ch32v20x_rcc.o
LOAD ./Peripheral/src/ch32v20x_rtc.o
LOAD ./Peripheral/src/ch32v20x_spi.o
LOAD ./Peripheral/src/ch32v20x_tim.o
LOAD ./Peripheral/src/ch32v20x_usart.o
LOAD ./Peripheral/src/ch32v20x_wwdg.o
LOAD ./Debug/debug.o
LOAD ./Core/core_riscv.o
LOAD f:/mounriver_studio_ii/mounriver_studio2/resources/app/resources/win32/components/wch/toolchain/risc-v embedded gcc/bin/../lib/gcc/riscv-none-embed/8.2.0/../../../../riscv-none-embed/lib/rv32imacxw/ilp32\libm.a
LOAD f:/mounriver_studio_ii/mounriver_studio2/resources/app/resources/win32/components/wch/toolchain/risc-v embedded gcc/bin/../lib/gcc/riscv-none-embed/8.2.0/rv32imacxw/ilp32\libgcc.a
LOAD f:/mounriver_studio_ii/mounriver_studio2/resources/app/resources/win32/components/wch/toolchain/risc-v embedded gcc/bin/../lib/gcc/riscv-none-embed/8.2.0/../../../../riscv-none-embed/lib/rv32imacxw/ilp32\libg_nano.a
LOAD f:/mounriver_studio_ii/mounriver_studio2/resources/app/resources/win32/components/wch/toolchain/risc-v embedded gcc/bin/../lib/gcc/riscv-none-embed/8.2.0/../../../../riscv-none-embed/lib/rv32imacxw/ilp32\libc_nano.a
LOAD f:/mounriver_studio_ii/mounriver_studio2/resources/app/resources/win32/components/wch/toolchain/risc-v embedded gcc/bin/../lib/gcc/riscv-none-embed/8.2.0/rv32imacxw/ilp32\libgcc.a
START GROUP
LOAD f:/mounriver_studio_ii/mounriver_studio2/resources/app/resources/win32/components/wch/toolchain/risc-v embedded gcc/bin/../lib/gcc/riscv-none-embed/8.2.0/rv32imacxw/ilp32\libgcc.a
LOAD f:/mounriver_studio_ii/mounriver_studio2/resources/app/resources/win32/components/wch/toolchain/risc-v embedded gcc/bin/../lib/gcc/riscv-none-embed/8.2.0/../../../../riscv-none-embed/lib/rv32imacxw/ilp32\libc_nano.a
LOAD f:/mounriver_studio_ii/mounriver_studio2/resources/app/resources/win32/components/wch/toolchain/risc-v embedded gcc/bin/../lib/gcc/riscv-none-embed/8.2.0/../../../../riscv-none-embed/lib/rv32imacxw/ilp32\libnosys.a
END GROUP
START GROUP
LOAD f:/mounriver_studio_ii/mounriver_studio2/resources/app/resources/win32/components/wch/toolchain/risc-v embedded gcc/bin/../lib/gcc/riscv-none-embed/8.2.0/rv32imacxw/ilp32\libgcc.a
LOAD f:/mounriver_studio_ii/mounriver_studio2/resources/app/resources/win32/components/wch/toolchain/risc-v embedded gcc/bin/../lib/gcc/riscv-none-embed/8.2.0/../../../../riscv-none-embed/lib/rv32imacxw/ilp32\libc_nano.a
LOAD f:/mounriver_studio_ii/mounriver_studio2/resources/app/resources/win32/components/wch/toolchain/risc-v embedded gcc/bin/../lib/gcc/riscv-none-embed/8.2.0/../../../../riscv-none-embed/lib/rv32imacxw/ilp32\libnosys.a
END GROUP
                0x0000000000000800                __stack_size = 0x800
                [!provide]                        PROVIDE (_stack_size = __stack_size)

.init           0x0000000000000000        0x4
                0x0000000000000000                _sinit = .
                0x0000000000000000                . = ALIGN (0x4)
 *(SORT_NONE(.init))
 .init          0x0000000000000000        0x4 ./Startup/startup_ch32v20x_D6.o
                0x0000000000000000                _start
                0x0000000000000004                . = ALIGN (0x4)
                0x0000000000000004                _einit = .

.vector         0x0000000000000004       0xfc
 *(.vector)
 .vector        0x0000000000000004       0xfc ./Startup/startup_ch32v20x_D6.o
                0x0000000000000100                . = ALIGN (0x40)

.text           0x0000000000000100     0x43f4
                0x0000000000000100                . = ALIGN (0x4)
 *(.text)
 .text          0x0000000000000100       0x60 f:/mounriver_studio_ii/mounriver_studio2/resources/app/resources/win32/components/wch/toolchain/risc-v embedded gcc/bin/../lib/gcc/riscv-none-embed/8.2.0/rv32imacxw/ilp32\libgcc.a(save-restore.o)
                0x0000000000000100                __riscv_save_12
                0x0000000000000108                __riscv_save_9
                0x0000000000000108                __riscv_save_11
                0x0000000000000108                __riscv_save_10
                0x0000000000000108                __riscv_save_8
                0x0000000000000116                __riscv_save_4
                0x0000000000000116                __riscv_save_6
                0x0000000000000116                __riscv_save_5
                0x0000000000000116                __riscv_save_7
                0x0000000000000130                __riscv_save_3
                0x0000000000000130                __riscv_save_2
                0x0000000000000130                __riscv_save_1
                0x0000000000000130                __riscv_save_0
                0x000000000000013c                __riscv_restore_12
                0x0000000000000140                __riscv_restore_11
                0x0000000000000140                __riscv_restore_9
                0x0000000000000140                __riscv_restore_10
                0x0000000000000140                __riscv_restore_8
                0x000000000000014a                __riscv_restore_5
                0x000000000000014a                __riscv_restore_7
                0x000000000000014a                __riscv_restore_6
                0x000000000000014a                __riscv_restore_4
                0x0000000000000154                __riscv_restore_3
                0x0000000000000154                __riscv_restore_0
                0x0000000000000154                __riscv_restore_2
                0x0000000000000154                __riscv_restore_1
 .text          0x0000000000000160       0xa8 f:/mounriver_studio_ii/mounriver_studio2/resources/app/resources/win32/components/wch/toolchain/risc-v embedded gcc/bin/../lib/gcc/riscv-none-embed/8.2.0/../../../../riscv-none-embed/lib/rv32imacxw/ilp32\libg_nano.a(lib_a-memset.o)
                0x0000000000000160                memset
 *(.text.*)
 .text.Standard_GetConfiguration
                0x0000000000000208       0x20 ./User/USBLIB/USB-Driver/src/usb_core.o
                0x0000000000000208                Standard_GetConfiguration
 .text.Standard_GetInterface
                0x0000000000000228       0x20 ./User/USBLIB/USB-Driver/src/usb_core.o
                0x0000000000000228                Standard_GetInterface
 .text.Standard_GetStatus
                0x0000000000000248       0x8e ./User/USBLIB/USB-Driver/src/usb_core.o
                0x0000000000000248                Standard_GetStatus
 .text.DataStageIn
                0x00000000000002d6       0xae ./User/USBLIB/USB-Driver/src/usb_core.o
 .text.Standard_SetConfiguration
                0x0000000000000384       0x2c ./User/USBLIB/USB-Driver/src/usb_core.o
                0x0000000000000384                Standard_SetConfiguration
 .text.Standard_SetInterface
                0x00000000000003b0       0x48 ./User/USBLIB/USB-Driver/src/usb_core.o
                0x00000000000003b0                Standard_SetInterface
 .text.Standard_ClearFeature
                0x00000000000003f8      0x11a ./User/USBLIB/USB-Driver/src/usb_core.o
                0x00000000000003f8                Standard_ClearFeature
 .text.Standard_SetEndPointFeature
                0x0000000000000512       0xba ./User/USBLIB/USB-Driver/src/usb_core.o
                0x0000000000000512                Standard_SetEndPointFeature
 .text.Standard_SetDeviceFeature
                0x00000000000005cc       0x1c ./User/USBLIB/USB-Driver/src/usb_core.o
                0x00000000000005cc                Standard_SetDeviceFeature
 .text.Standard_GetDescriptorData
                0x00000000000005e8       0x18 ./User/USBLIB/USB-Driver/src/usb_core.o
                0x00000000000005e8                Standard_GetDescriptorData
 .text.Post0_Process
                0x0000000000000600       0x32 ./User/USBLIB/USB-Driver/src/usb_core.o
                0x0000000000000600                Post0_Process
 .text.Setup0_Process
                0x0000000000000632      0x2f0 ./User/USBLIB/USB-Driver/src/usb_core.o
                0x0000000000000632                Setup0_Process
 .text.Out0_Process
                0x0000000000000922       0xca ./User/USBLIB/USB-Driver/src/usb_core.o
                0x0000000000000922                Out0_Process
 .text.SetDeviceAddress
                0x00000000000009ec       0x4a ./User/USBLIB/USB-Driver/src/usb_core.o
                0x00000000000009ec                SetDeviceAddress
 .text.In0_Process
                0x0000000000000a36       0x5a ./User/USBLIB/USB-Driver/src/usb_core.o
                0x0000000000000a36                In0_Process
 .text.NOP_Process
                0x0000000000000a90        0x2 ./User/USBLIB/USB-Driver/src/usb_core.o
                0x0000000000000a90                NOP_Process
 .text.USB_Init
                0x0000000000000a92       0x32 ./User/USBLIB/USB-Driver/src/usb_init.o
                0x0000000000000a92                USB_Init
 .text.CTR_LP   0x0000000000000ac4      0x3b8 ./User/USBLIB/USB-Driver/src/usb_int.o
                0x0000000000000ac4                CTR_LP
 .text.UserToPMABufferCopy
                0x0000000000000e7c       0x24 ./User/USBLIB/USB-Driver/src/usb_mem.o
                0x0000000000000e7c                UserToPMABufferCopy
 .text.PMAToUserBufferCopy
                0x0000000000000ea0       0x1e ./User/USBLIB/USB-Driver/src/usb_mem.o
                0x0000000000000ea0                PMAToUserBufferCopy
 .text.SetBTABLE
                0x0000000000000ebe       0x10 ./User/USBLIB/USB-Driver/src/usb_regs.o
                0x0000000000000ebe                SetBTABLE
 .text.SetEPType
                0x0000000000000ece       0x20 ./User/USBLIB/USB-Driver/src/usb_regs.o
                0x0000000000000ece                SetEPType
 .text.SetEPTxStatus
                0x0000000000000eee       0x48 ./User/USBLIB/USB-Driver/src/usb_regs.o
                0x0000000000000eee                SetEPTxStatus
 .text.SetEPRxStatus
                0x0000000000000f36       0x56 ./User/USBLIB/USB-Driver/src/usb_regs.o
                0x0000000000000f36                SetEPRxStatus
 .text.SetEPRxValid
                0x0000000000000f8c       0x42 ./User/USBLIB/USB-Driver/src/usb_regs.o
                0x0000000000000f8c                SetEPRxValid
 .text.ClearEP_KIND
                0x0000000000000fce       0x26 ./User/USBLIB/USB-Driver/src/usb_regs.o
                0x0000000000000fce                ClearEP_KIND
 .text.Clear_Status_Out
                0x0000000000000ff4        0xa ./User/USBLIB/USB-Driver/src/usb_regs.o
                0x0000000000000ff4                Clear_Status_Out
 .text.ClearDTOG_RX
                0x0000000000000ffe       0x34 ./User/USBLIB/USB-Driver/src/usb_regs.o
                0x0000000000000ffe                ClearDTOG_RX
 .text.ClearDTOG_TX
                0x0000000000001032       0x30 ./User/USBLIB/USB-Driver/src/usb_regs.o
                0x0000000000001032                ClearDTOG_TX
 .text.SetEPTxAddr
                0x0000000000001062       0x20 ./User/USBLIB/USB-Driver/src/usb_regs.o
                0x0000000000001062                SetEPTxAddr
 .text.SetEPRxAddr
                0x0000000000001082       0x22 ./User/USBLIB/USB-Driver/src/usb_regs.o
                0x0000000000001082                SetEPRxAddr
 .text.GetEPTxAddr
                0x00000000000010a4       0x1c ./User/USBLIB/USB-Driver/src/usb_regs.o
                0x00000000000010a4                GetEPTxAddr
 .text.GetEPRxAddr
                0x00000000000010c0       0x1e ./User/USBLIB/USB-Driver/src/usb_regs.o
                0x00000000000010c0                GetEPRxAddr
 .text.SetEPTxCount
                0x00000000000010de       0x1e ./User/USBLIB/USB-Driver/src/usb_regs.o
                0x00000000000010de                SetEPTxCount
 .text.SetEPRxCount
                0x00000000000010fc       0x82 ./User/USBLIB/USB-Driver/src/usb_regs.o
                0x00000000000010fc                SetEPRxCount
 .text.GetEPRxCount
                0x000000000000117e       0x22 ./User/USBLIB/USB-Driver/src/usb_regs.o
                0x000000000000117e                GetEPRxCount
 .text.ByteSwap
                0x00000000000011a0        0xe ./User/USBLIB/USB-Driver/src/usb_regs.o
                0x00000000000011a0                ByteSwap
 .text.USB_SIL_Init
                0x00000000000011ae       0x20 ./User/USBLIB/USB-Driver/src/usb_sil.o
                0x00000000000011ae                USB_SIL_Init
 .text.USB_SIL_Write
                0x00000000000011ce       0x28 ./User/USBLIB/USB-Driver/src/usb_sil.o
                0x00000000000011ce                USB_SIL_Write
 .text.USBWakeUp_IRQHandler
                0x00000000000011f6        0xc ./User/USBLIB/CONFIG/hw_config.o
                0x00000000000011f6                USBWakeUp_IRQHandler
 .text.USB_LP_CAN1_RX0_IRQHandler
                0x0000000000001202        0x6 ./User/USBLIB/CONFIG/hw_config.o
                0x0000000000001202                USB_LP_CAN1_RX0_IRQHandler
 .text.Set_USBConfig
                0x0000000000001208       0x56 ./User/USBLIB/CONFIG/hw_config.o
                0x0000000000001208                Set_USBConfig
 .text.Enter_LowPowerMode
                0x000000000000125e       0x1a ./User/USBLIB/CONFIG/hw_config.o
                0x000000000000125e                Enter_LowPowerMode
 .text.Leave_LowPowerMode
                0x0000000000001278       0x24 ./User/USBLIB/CONFIG/hw_config.o
                0x0000000000001278                Leave_LowPowerMode
 .text.USB_Interrupts_Config
                0x000000000000129c       0x48 ./User/USBLIB/CONFIG/hw_config.o
                0x000000000000129c                USB_Interrupts_Config
 .text.USB_Port_Set
                0x00000000000012e4       0xb2 ./User/USBLIB/CONFIG/hw_config.o
                0x00000000000012e4                USB_Port_Set
 .text.EP1_IN_Callback
                0x0000000000001396        0x2 ./User/USBLIB/CONFIG/usb_endp.o
                0x0000000000001396                EP1_IN_Callback
 .text.EP2_OUT_Callback
                0x0000000000001398       0xc4 ./User/USBLIB/CONFIG/usb_endp.o
                0x0000000000001398                EP2_OUT_Callback
 .text.EP3_IN_Callback
                0x000000000000145c        0xe ./User/USBLIB/CONFIG/usb_endp.o
                0x000000000000145c                EP3_IN_Callback
 .text.USBD_ENDPx_DataUp
                0x000000000000146a       0x30 ./User/USBLIB/CONFIG/usb_endp.o
                0x000000000000146a                USBD_ENDPx_DataUp
 .text.USB_Istr
                0x000000000000149a      0x208 ./User/USBLIB/CONFIG/usb_istr.o
                0x000000000000149a                USB_Istr
 .text.USBD_SetConfiguration
                0x00000000000016a2        0xe ./User/USBLIB/CONFIG/usb_prop.o
                0x00000000000016a2                USBD_SetConfiguration
 .text.USBD_SetDeviceAddress
                0x00000000000016b0        0x8 ./User/USBLIB/CONFIG/usb_prop.o
                0x00000000000016b0                USBD_SetDeviceAddress
 .text.USBD_SetDeviceFeature
                0x00000000000016b8        0x2 ./User/USBLIB/CONFIG/usb_prop.o
                0x00000000000016b8                USBD_SetDeviceFeature
 .text.USBD_Get_Interface_Setting
                0x00000000000016ba       0x10 ./User/USBLIB/CONFIG/usb_prop.o
                0x00000000000016ba                USBD_Get_Interface_Setting
 .text.USB_CDC_GetLineCoding
                0x00000000000016ca       0x12 ./User/USBLIB/CONFIG/usb_prop.o
                0x00000000000016ca                USB_CDC_GetLineCoding
 .text.USB_CDC_SetLineCoding
                0x00000000000016dc        0xa ./User/USBLIB/CONFIG/usb_prop.o
                0x00000000000016dc                USB_CDC_SetLineCoding
 .text.USBD_Data_Setup
                0x00000000000016e6       0x4a ./User/USBLIB/CONFIG/usb_prop.o
                0x00000000000016e6                USBD_Data_Setup
 .text.USBD_NoData_Setup
                0x0000000000001730       0x28 ./User/USBLIB/CONFIG/usb_prop.o
                0x0000000000001730                USBD_NoData_Setup
 .text.USBD_Status_In
                0x0000000000001758       0x2a ./User/USBLIB/CONFIG/usb_prop.o
                0x0000000000001758                USBD_Status_In
 .text.USBD_init
                0x0000000000001782       0x5c ./User/USBLIB/CONFIG/usb_prop.o
                0x0000000000001782                USBD_init
 .text.USBD_Reset
                0x00000000000017de      0x254 ./User/USBLIB/CONFIG/usb_prop.o
                0x00000000000017de                USBD_Reset
 .text.USBD_GetDeviceDescriptor
                0x0000000000001a32       0x10 ./User/USBLIB/CONFIG/usb_prop.o
                0x0000000000001a32                USBD_GetDeviceDescriptor
 .text.USBD_GetConfigDescriptor
                0x0000000000001a42       0x14 ./User/USBLIB/CONFIG/usb_prop.o
                0x0000000000001a42                USBD_GetConfigDescriptor
 .text.USBD_GetStringDescriptor
                0x0000000000001a56       0x28 ./User/USBLIB/CONFIG/usb_prop.o
                0x0000000000001a56                USBD_GetStringDescriptor
 .text.USBD_Status_Out
                0x0000000000001a7e        0x2 ./User/USBLIB/CONFIG/usb_prop.o
                0x0000000000001a7e                USBD_Status_Out
 .text.USBD_ClearFeature
                0x0000000000001a80        0x2 ./User/USBLIB/CONFIG/usb_prop.o
                0x0000000000001a80                USBD_ClearFeature
 .text.PowerOn  0x0000000000001a82       0x2a ./User/USBLIB/CONFIG/usb_pwr.o
                0x0000000000001a82                PowerOn
 .text.Suspend  0x0000000000001aac       0xba ./User/USBLIB/CONFIG/usb_pwr.o
                0x0000000000001aac                Suspend
 .text.Resume_Init
                0x0000000000001b66       0x2c ./User/USBLIB/CONFIG/usb_pwr.o
                0x0000000000001b66                Resume_Init
 .text.Resume   0x0000000000001b92       0xb6 ./User/USBLIB/CONFIG/usb_pwr.o
                0x0000000000001b92                Resume
 .text.RCC_Configuration
                0x0000000000001c48       0x2a ./User/UART/UART.o
                0x0000000000001c48                RCC_Configuration
 .text.TIM2_Init
                0x0000000000001c72       0x6e ./User/UART/UART.o
                0x0000000000001c72                TIM2_Init
 .text.UART1_CfgInit
                0x0000000000001ce0      0x114 ./User/UART/UART.o
                0x0000000000001ce0                UART1_CfgInit
 .text.UART1_ParaInit
                0x0000000000001df4       0x8e ./User/UART/UART.o
                0x0000000000001df4                UART1_ParaInit
 .text.UART1_DMAInit
                0x0000000000001e82       0xaa ./User/UART/UART.o
                0x0000000000001e82                UART1_DMAInit
 .text.UART1_Init
                0x0000000000001f2c       0x76 ./User/UART/UART.o
                0x0000000000001f2c                UART1_Init
 .text.UART1_USB_Init
                0x0000000000001fa2       0x34 ./User/UART/UART.o
                0x0000000000001fa2                UART1_USB_Init
 .text.UART1_DataTx_Deal
                0x0000000000001fd6      0x162 ./User/UART/UART.o
                0x0000000000001fd6                UART1_DataTx_Deal
 .text.UART1_DataRx_Deal
                0x0000000000002138      0x1e4 ./User/UART/UART.o
                0x0000000000002138                UART1_DataRx_Deal
 .text.startup.main
                0x000000000000231c       0x6e ./User/Main.o
                0x000000000000231c                main
 .text.NMI_Handler
                0x000000000000238a        0x2 ./User/ch32v20x_it.o
                0x000000000000238a                NMI_Handler
 .text.TIM2_IRQHandler
                0x000000000000238c       0x42 ./User/ch32v20x_it.o
                0x000000000000238c                TIM2_IRQHandler
 .text.HardFault_Handler
                0x00000000000023ce       0x10 ./User/ch32v20x_it.o
                0x00000000000023ce                HardFault_Handler
 .text.SystemInit
                0x00000000000023de       0xa8 ./User/system_ch32v20x.o
                0x00000000000023de                SystemInit
 .text.SystemCoreClockUpdate
                0x0000000000002486       0x8e ./User/system_ch32v20x.o
                0x0000000000002486                SystemCoreClockUpdate
 .text.vector_handler
                0x0000000000002514        0x2 ./Startup/startup_ch32v20x_D6.o
                0x0000000000002514                EXTI2_IRQHandler
                0x0000000000002514                TIM1_CC_IRQHandler
                0x0000000000002514                SysTick_Handler
                0x0000000000002514                PVD_IRQHandler
                0x0000000000002514                EXTI3_IRQHandler
                0x0000000000002514                USBFS_IRQHandler
                0x0000000000002514                EXTI0_IRQHandler
                0x0000000000002514                I2C2_EV_IRQHandler
                0x0000000000002514                ADC1_2_IRQHandler
                0x0000000000002514                Break_Point_Handler
                0x0000000000002514                SPI1_IRQHandler
                0x0000000000002514                TAMPER_IRQHandler
                0x0000000000002514                Ecall_M_Mode_Handler
                0x0000000000002514                DMA1_Channel4_IRQHandler
                0x0000000000002514                USART3_IRQHandler
                0x0000000000002514                RTC_IRQHandler
                0x0000000000002514                DMA1_Channel7_IRQHandler
                0x0000000000002514                CAN1_RX1_IRQHandler
                0x0000000000002514                TIM4_IRQHandler
                0x0000000000002514                I2C1_EV_IRQHandler
                0x0000000000002514                DMA1_Channel6_IRQHandler
                0x0000000000002514                UART4_IRQHandler
                0x0000000000002514                TIM3_IRQHandler
                0x0000000000002514                RCC_IRQHandler
                0x0000000000002514                TIM1_TRG_COM_IRQHandler
                0x0000000000002514                DMA1_Channel1_IRQHandler
                0x0000000000002514                EXTI15_10_IRQHandler
                0x0000000000002514                DMA1_Channel8_IRQHandler
                0x0000000000002514                EXTI9_5_IRQHandler
                0x0000000000002514                SPI2_IRQHandler
                0x0000000000002514                DMA1_Channel5_IRQHandler
                0x0000000000002514                EXTI4_IRQHandler
                0x0000000000002514                USB_HP_CAN1_TX_IRQHandler
                0x0000000000002514                DMA1_Channel3_IRQHandler
                0x0000000000002514                TIM1_UP_IRQHandler
                0x0000000000002514                WWDG_IRQHandler
                0x0000000000002514                Ecall_U_Mode_Handler
                0x0000000000002514                SW_Handler
                0x0000000000002514                TIM1_BRK_IRQHandler
                0x0000000000002514                EXTI1_IRQHandler
                0x0000000000002514                RTCAlarm_IRQHandler
                0x0000000000002514                USART2_IRQHandler
                0x0000000000002514                I2C2_ER_IRQHandler
                0x0000000000002514                DMA1_Channel2_IRQHandler
                0x0000000000002514                CAN1_SCE_IRQHandler
                0x0000000000002514                FLASH_IRQHandler
                0x0000000000002514                USBFSWakeUp_IRQHandler
                0x0000000000002514                USART1_IRQHandler
                0x0000000000002514                I2C1_ER_IRQHandler
 .text.handle_reset
                0x0000000000002516       0x86 ./Startup/startup_ch32v20x_D6.o
                0x0000000000002516                handle_reset
 .text.DBGMCU_GetCHIPID
                0x000000000000259c        0xa ./Peripheral/src/ch32v20x_dbgmcu.o
                0x000000000000259c                DBGMCU_GetCHIPID
 .text.DMA_DeInit
                0x00000000000025a6       0x9c ./Peripheral/src/ch32v20x_dma.o
                0x00000000000025a6                DMA_DeInit
 .text.DMA_Init
                0x0000000000002642       0x38 ./Peripheral/src/ch32v20x_dma.o
                0x0000000000002642                DMA_Init
 .text.DMA_Cmd  0x000000000000267a       0x14 ./Peripheral/src/ch32v20x_dma.o
                0x000000000000267a                DMA_Cmd
 .text.EXTI_Init
                0x000000000000268e       0x6a ./Peripheral/src/ch32v20x_exti.o
                0x000000000000268e                EXTI_Init
 .text.EXTI_ClearITPendingBit
                0x00000000000026f8        0xa ./Peripheral/src/ch32v20x_exti.o
                0x00000000000026f8                EXTI_ClearITPendingBit
 .text.GPIO_Init
                0x0000000000002702       0xf2 ./Peripheral/src/ch32v20x_gpio.o
                0x0000000000002702                GPIO_Init
 .text.GPIO_SetBits
                0x00000000000027f4       0x14 ./Peripheral/src/ch32v20x_gpio.o
                0x00000000000027f4                GPIO_SetBits
 .text.NVIC_PriorityGroupConfig
                0x0000000000002808        0x6 ./Peripheral/src/ch32v20x_misc.o
                0x0000000000002808                NVIC_PriorityGroupConfig
 .text.NVIC_Init
                0x000000000000280e       0x62 ./Peripheral/src/ch32v20x_misc.o
                0x000000000000280e                NVIC_Init
 .text.RCC_USBCLKConfig
                0x0000000000002870       0x1a ./Peripheral/src/ch32v20x_rcc.o
                0x0000000000002870                RCC_USBCLKConfig
 .text.RCC_GetClocksFreq
                0x000000000000288a       0xbe ./Peripheral/src/ch32v20x_rcc.o
                0x000000000000288a                RCC_GetClocksFreq
 .text.RCC_AHBPeriphClockCmd
                0x0000000000002948       0x1e ./Peripheral/src/ch32v20x_rcc.o
                0x0000000000002948                RCC_AHBPeriphClockCmd
 .text.RCC_APB2PeriphClockCmd
                0x0000000000002966       0x1e ./Peripheral/src/ch32v20x_rcc.o
                0x0000000000002966                RCC_APB2PeriphClockCmd
 .text.RCC_APB1PeriphClockCmd
                0x0000000000002984       0x1e ./Peripheral/src/ch32v20x_rcc.o
                0x0000000000002984                RCC_APB1PeriphClockCmd
 .text.RCC_APB2PeriphResetCmd
                0x00000000000029a2       0x1e ./Peripheral/src/ch32v20x_rcc.o
                0x00000000000029a2                RCC_APB2PeriphResetCmd
 .text.RCC_APB1PeriphResetCmd
                0x00000000000029c0       0x1e ./Peripheral/src/ch32v20x_rcc.o
                0x00000000000029c0                RCC_APB1PeriphResetCmd
 .text.TIM_DeInit
                0x00000000000029de       0x7c ./Peripheral/src/ch32v20x_tim.o
                0x00000000000029de                TIM_DeInit
 .text.TIM_TimeBaseInit
                0x0000000000002a5a       0x62 ./Peripheral/src/ch32v20x_tim.o
                0x0000000000002a5a                TIM_TimeBaseInit
 .text.TIM_Cmd  0x0000000000002abc       0x18 ./Peripheral/src/ch32v20x_tim.o
                0x0000000000002abc                TIM_Cmd
 .text.TIM_ITConfig
                0x0000000000002ad4       0x12 ./Peripheral/src/ch32v20x_tim.o
                0x0000000000002ad4                TIM_ITConfig
 .text.TIM_ClearFlag
                0x0000000000002ae6        0xc ./Peripheral/src/ch32v20x_tim.o
                0x0000000000002ae6                TIM_ClearFlag
 .text.USART_Init
                0x0000000000002af2       0xa6 ./Peripheral/src/ch32v20x_usart.o
                0x0000000000002af2                USART_Init
 .text.USART_Cmd
                0x0000000000002b98       0x16 ./Peripheral/src/ch32v20x_usart.o
                0x0000000000002b98                USART_Cmd
 .text.USART_DMACmd
                0x0000000000002bae       0x12 ./Peripheral/src/ch32v20x_usart.o
                0x0000000000002bae                USART_DMACmd
 .text.USART_SendData
                0x0000000000002bc0        0x8 ./Peripheral/src/ch32v20x_usart.o
                0x0000000000002bc0                USART_SendData
 .text.USART_GetFlagStatus
                0x0000000000002bc8        0xa ./Peripheral/src/ch32v20x_usart.o
                0x0000000000002bc8                USART_GetFlagStatus
 .text.USART_ClearFlag
                0x0000000000002bd2        0xc ./Peripheral/src/ch32v20x_usart.o
                0x0000000000002bd2                USART_ClearFlag
 .text.Delay_Init
                0x0000000000002bde       0x26 ./Debug/debug.o
                0x0000000000002bde                Delay_Init
 .text.Delay_Ms
                0x0000000000002c04       0x36 ./Debug/debug.o
                0x0000000000002c04                Delay_Ms
 .text.USART_Printf_Init
                0x0000000000002c3a       0x56 ./Debug/debug.o
                0x0000000000002c3a                USART_Printf_Init
 .text._write   0x0000000000002c90       0x3a ./Debug/debug.o
                0x0000000000002c90                _write
 .text._sbrk    0x0000000000002cca       0x26 ./Debug/debug.o
                0x0000000000002cca                _sbrk
 .text.__udivdi3
                0x0000000000002cf0      0x392 f:/mounriver_studio_ii/mounriver_studio2/resources/app/resources/win32/components/wch/toolchain/risc-v embedded gcc/bin/../lib/gcc/riscv-none-embed/8.2.0/rv32imacxw/ilp32\libgcc.a(_udivdi3.o)
                0x0000000000002cf0                __udivdi3
 .text.printf   0x0000000000003082       0x40 f:/mounriver_studio_ii/mounriver_studio2/resources/app/resources/win32/components/wch/toolchain/risc-v embedded gcc/bin/../lib/gcc/riscv-none-embed/8.2.0/../../../../riscv-none-embed/lib/rv32imacxw/ilp32\libg_nano.a(lib_a-printf.o)
                0x0000000000003082                iprintf
                0x0000000000003082                printf
 .text._puts_r  0x00000000000030c2       0xd4 f:/mounriver_studio_ii/mounriver_studio2/resources/app/resources/win32/components/wch/toolchain/risc-v embedded gcc/bin/../lib/gcc/riscv-none-embed/8.2.0/../../../../riscv-none-embed/lib/rv32imacxw/ilp32\libg_nano.a(lib_a-puts.o)
                0x00000000000030c2                _puts_r
 .text.puts     0x0000000000003196        0xa f:/mounriver_studio_ii/mounriver_studio2/resources/app/resources/win32/components/wch/toolchain/risc-v embedded gcc/bin/../lib/gcc/riscv-none-embed/8.2.0/../../../../riscv-none-embed/lib/rv32imacxw/ilp32\libg_nano.a(lib_a-puts.o)
                0x0000000000003196                puts
 .text.__swbuf_r
                0x00000000000031a0       0xbc f:/mounriver_studio_ii/mounriver_studio2/resources/app/resources/win32/components/wch/toolchain/risc-v embedded gcc/bin/../lib/gcc/riscv-none-embed/8.2.0/../../../../riscv-none-embed/lib/rv32imacxw/ilp32\libg_nano.a(lib_a-wbuf.o)
                0x00000000000031a0                __swbuf_r
 .text.__swsetup_r
                0x000000000000325c       0xfc f:/mounriver_studio_ii/mounriver_studio2/resources/app/resources/win32/components/wch/toolchain/risc-v embedded gcc/bin/../lib/gcc/riscv-none-embed/8.2.0/../../../../riscv-none-embed/lib/rv32imacxw/ilp32\libg_nano.a(lib_a-wsetup.o)
                0x000000000000325c                __swsetup_r
 .text.__sflush_r
                0x0000000000003358      0x130 f:/mounriver_studio_ii/mounriver_studio2/resources/app/resources/win32/components/wch/toolchain/risc-v embedded gcc/bin/../lib/gcc/riscv-none-embed/8.2.0/../../../../riscv-none-embed/lib/rv32imacxw/ilp32\libg_nano.a(lib_a-fflush.o)
                0x0000000000003358                __sflush_r
 .text._fflush_r
                0x0000000000003488       0x66 f:/mounriver_studio_ii/mounriver_studio2/resources/app/resources/win32/components/wch/toolchain/risc-v embedded gcc/bin/../lib/gcc/riscv-none-embed/8.2.0/../../../../riscv-none-embed/lib/rv32imacxw/ilp32\libg_nano.a(lib_a-fflush.o)
                0x0000000000003488                _fflush_r
 .text.std      0x00000000000034ee       0x66 f:/mounriver_studio_ii/mounriver_studio2/resources/app/resources/win32/components/wch/toolchain/risc-v embedded gcc/bin/../lib/gcc/riscv-none-embed/8.2.0/../../../../riscv-none-embed/lib/rv32imacxw/ilp32\libg_nano.a(lib_a-findfp.o)
 .text._cleanup_r
                0x0000000000003554        0xa f:/mounriver_studio_ii/mounriver_studio2/resources/app/resources/win32/components/wch/toolchain/risc-v embedded gcc/bin/../lib/gcc/riscv-none-embed/8.2.0/../../../../riscv-none-embed/lib/rv32imacxw/ilp32\libg_nano.a(lib_a-findfp.o)
                0x0000000000003554                _cleanup_r
 .text.__sfmoreglue
                0x000000000000355e       0x46 f:/mounriver_studio_ii/mounriver_studio2/resources/app/resources/win32/components/wch/toolchain/risc-v embedded gcc/bin/../lib/gcc/riscv-none-embed/8.2.0/../../../../riscv-none-embed/lib/rv32imacxw/ilp32\libg_nano.a(lib_a-findfp.o)
                0x000000000000355e                __sfmoreglue
 .text.__sinit  0x00000000000035a4       0x68 f:/mounriver_studio_ii/mounriver_studio2/resources/app/resources/win32/components/wch/toolchain/risc-v embedded gcc/bin/../lib/gcc/riscv-none-embed/8.2.0/../../../../riscv-none-embed/lib/rv32imacxw/ilp32\libg_nano.a(lib_a-findfp.o)
                0x00000000000035a4                __sinit
 .text.__sfp    0x000000000000360c       0x9e f:/mounriver_studio_ii/mounriver_studio2/resources/app/resources/win32/components/wch/toolchain/risc-v embedded gcc/bin/../lib/gcc/riscv-none-embed/8.2.0/../../../../riscv-none-embed/lib/rv32imacxw/ilp32\libg_nano.a(lib_a-findfp.o)
                0x000000000000360c                __sfp
 .text._fwalk_reent
                0x00000000000036aa       0x6a f:/mounriver_studio_ii/mounriver_studio2/resources/app/resources/win32/components/wch/toolchain/risc-v embedded gcc/bin/../lib/gcc/riscv-none-embed/8.2.0/../../../../riscv-none-embed/lib/rv32imacxw/ilp32\libg_nano.a(lib_a-fwalk.o)
                0x00000000000036aa                _fwalk_reent
 .text.__swhatbuf_r
                0x0000000000003714       0x58 f:/mounriver_studio_ii/mounriver_studio2/resources/app/resources/win32/components/wch/toolchain/risc-v embedded gcc/bin/../lib/gcc/riscv-none-embed/8.2.0/../../../../riscv-none-embed/lib/rv32imacxw/ilp32\libg_nano.a(lib_a-makebuf.o)
                0x0000000000003714                __swhatbuf_r
 .text.__smakebuf_r
                0x000000000000376c       0x90 f:/mounriver_studio_ii/mounriver_studio2/resources/app/resources/win32/components/wch/toolchain/risc-v embedded gcc/bin/../lib/gcc/riscv-none-embed/8.2.0/../../../../riscv-none-embed/lib/rv32imacxw/ilp32\libg_nano.a(lib_a-makebuf.o)
                0x000000000000376c                __smakebuf_r
 .text._free_r  0x00000000000037fc       0xa8 f:/mounriver_studio_ii/mounriver_studio2/resources/app/resources/win32/components/wch/toolchain/risc-v embedded gcc/bin/../lib/gcc/riscv-none-embed/8.2.0/../../../../riscv-none-embed/lib/rv32imacxw/ilp32\libg_nano.a(lib_a-nano-freer.o)
                0x00000000000037fc                _free_r
 .text._malloc_r
                0x00000000000038a4       0xd4 f:/mounriver_studio_ii/mounriver_studio2/resources/app/resources/win32/components/wch/toolchain/risc-v embedded gcc/bin/../lib/gcc/riscv-none-embed/8.2.0/../../../../riscv-none-embed/lib/rv32imacxw/ilp32\libg_nano.a(lib_a-nano-mallocr.o)
                0x00000000000038a4                _malloc_r
 .text.__sfputc_r
                0x0000000000003978       0x28 f:/mounriver_studio_ii/mounriver_studio2/resources/app/resources/win32/components/wch/toolchain/risc-v embedded gcc/bin/../lib/gcc/riscv-none-embed/8.2.0/../../../../riscv-none-embed/lib/rv32imacxw/ilp32\libg_nano.a(lib_a-nano-vfprintf.o)
 .text.__sfputs_r
                0x00000000000039a0       0x40 f:/mounriver_studio_ii/mounriver_studio2/resources/app/resources/win32/components/wch/toolchain/risc-v embedded gcc/bin/../lib/gcc/riscv-none-embed/8.2.0/../../../../riscv-none-embed/lib/rv32imacxw/ilp32\libg_nano.a(lib_a-nano-vfprintf.o)
                0x00000000000039a0                __sfputs_r
 .text._vfprintf_r
                0x00000000000039e0      0x288 f:/mounriver_studio_ii/mounriver_studio2/resources/app/resources/win32/components/wch/toolchain/risc-v embedded gcc/bin/../lib/gcc/riscv-none-embed/8.2.0/../../../../riscv-none-embed/lib/rv32imacxw/ilp32\libg_nano.a(lib_a-nano-vfprintf.o)
                0x00000000000039e0                _vfprintf_r
                0x00000000000039e0                _vfiprintf_r
 .text._printf_common
                0x0000000000003c68      0x10c f:/mounriver_studio_ii/mounriver_studio2/resources/app/resources/win32/components/wch/toolchain/risc-v embedded gcc/bin/../lib/gcc/riscv-none-embed/8.2.0/../../../../riscv-none-embed/lib/rv32imacxw/ilp32\libg_nano.a(lib_a-nano-vfprintf_i.o)
                0x0000000000003c68                _printf_common
 .text._printf_i
                0x0000000000003d74      0x2a2 f:/mounriver_studio_ii/mounriver_studio2/resources/app/resources/win32/components/wch/toolchain/risc-v embedded gcc/bin/../lib/gcc/riscv-none-embed/8.2.0/../../../../riscv-none-embed/lib/rv32imacxw/ilp32\libg_nano.a(lib_a-nano-vfprintf_i.o)
                0x0000000000003d74                _printf_i
 .text._sbrk_r  0x0000000000004016       0x2a f:/mounriver_studio_ii/mounriver_studio2/resources/app/resources/win32/components/wch/toolchain/risc-v embedded gcc/bin/../lib/gcc/riscv-none-embed/8.2.0/../../../../riscv-none-embed/lib/rv32imacxw/ilp32\libg_nano.a(lib_a-sbrkr.o)
                0x0000000000004016                _sbrk_r
 .text.__sread  0x0000000000004040       0x2c f:/mounriver_studio_ii/mounriver_studio2/resources/app/resources/win32/components/wch/toolchain/risc-v embedded gcc/bin/../lib/gcc/riscv-none-embed/8.2.0/../../../../riscv-none-embed/lib/rv32imacxw/ilp32\libg_nano.a(lib_a-stdio.o)
                0x0000000000004040                __sread
 .text.__swrite
                0x000000000000406c       0x48 f:/mounriver_studio_ii/mounriver_studio2/resources/app/resources/win32/components/wch/toolchain/risc-v embedded gcc/bin/../lib/gcc/riscv-none-embed/8.2.0/../../../../riscv-none-embed/lib/rv32imacxw/ilp32\libg_nano.a(lib_a-stdio.o)
                0x000000000000406c                __swrite
 .text.__sseek  0x00000000000040b4       0x30 f:/mounriver_studio_ii/mounriver_studio2/resources/app/resources/win32/components/wch/toolchain/risc-v embedded gcc/bin/../lib/gcc/riscv-none-embed/8.2.0/../../../../riscv-none-embed/lib/rv32imacxw/ilp32\libg_nano.a(lib_a-stdio.o)
                0x00000000000040b4                __sseek
 .text.__sclose
                0x00000000000040e4        0x6 f:/mounriver_studio_ii/mounriver_studio2/resources/app/resources/win32/components/wch/toolchain/risc-v embedded gcc/bin/../lib/gcc/riscv-none-embed/8.2.0/../../../../riscv-none-embed/lib/rv32imacxw/ilp32\libg_nano.a(lib_a-stdio.o)
                0x00000000000040e4                __sclose
 .text._write_r
                0x00000000000040ea       0x2e f:/mounriver_studio_ii/mounriver_studio2/resources/app/resources/win32/components/wch/toolchain/risc-v embedded gcc/bin/../lib/gcc/riscv-none-embed/8.2.0/../../../../riscv-none-embed/lib/rv32imacxw/ilp32\libg_nano.a(lib_a-writer.o)
                0x00000000000040ea                _write_r
 .text._close_r
                0x0000000000004118       0x28 f:/mounriver_studio_ii/mounriver_studio2/resources/app/resources/win32/components/wch/toolchain/risc-v embedded gcc/bin/../lib/gcc/riscv-none-embed/8.2.0/../../../../riscv-none-embed/lib/rv32imacxw/ilp32\libg_nano.a(lib_a-closer.o)
                0x0000000000004118                _close_r
 .text._fstat_r
                0x0000000000004140       0x2a f:/mounriver_studio_ii/mounriver_studio2/resources/app/resources/win32/components/wch/toolchain/risc-v embedded gcc/bin/../lib/gcc/riscv-none-embed/8.2.0/../../../../riscv-none-embed/lib/rv32imacxw/ilp32\libg_nano.a(lib_a-fstatr.o)
                0x0000000000004140                _fstat_r
 .text._isatty_r
                0x000000000000416a       0x28 f:/mounriver_studio_ii/mounriver_studio2/resources/app/resources/win32/components/wch/toolchain/risc-v embedded gcc/bin/../lib/gcc/riscv-none-embed/8.2.0/../../../../riscv-none-embed/lib/rv32imacxw/ilp32\libg_nano.a(lib_a-isattyr.o)
                0x000000000000416a                _isatty_r
 .text._lseek_r
                0x0000000000004192       0x2c f:/mounriver_studio_ii/mounriver_studio2/resources/app/resources/win32/components/wch/toolchain/risc-v embedded gcc/bin/../lib/gcc/riscv-none-embed/8.2.0/../../../../riscv-none-embed/lib/rv32imacxw/ilp32\libg_nano.a(lib_a-lseekr.o)
                0x0000000000004192                _lseek_r
 .text.memchr   0x00000000000041be       0x18 f:/mounriver_studio_ii/mounriver_studio2/resources/app/resources/win32/components/wch/toolchain/risc-v embedded gcc/bin/../lib/gcc/riscv-none-embed/8.2.0/../../../../riscv-none-embed/lib/rv32imacxw/ilp32\libg_nano.a(lib_a-memchr.o)
                0x00000000000041be                memchr
 .text.__malloc_lock
                0x00000000000041d6        0x2 f:/mounriver_studio_ii/mounriver_studio2/resources/app/resources/win32/components/wch/toolchain/risc-v embedded gcc/bin/../lib/gcc/riscv-none-embed/8.2.0/../../../../riscv-none-embed/lib/rv32imacxw/ilp32\libg_nano.a(lib_a-mlock.o)
                0x00000000000041d6                __malloc_lock
 .text.__malloc_unlock
                0x00000000000041d8        0x2 f:/mounriver_studio_ii/mounriver_studio2/resources/app/resources/win32/components/wch/toolchain/risc-v embedded gcc/bin/../lib/gcc/riscv-none-embed/8.2.0/../../../../riscv-none-embed/lib/rv32imacxw/ilp32\libg_nano.a(lib_a-mlock.o)
                0x00000000000041d8                __malloc_unlock
 .text._read_r  0x00000000000041da       0x2c f:/mounriver_studio_ii/mounriver_studio2/resources/app/resources/win32/components/wch/toolchain/risc-v embedded gcc/bin/../lib/gcc/riscv-none-embed/8.2.0/../../../../riscv-none-embed/lib/rv32imacxw/ilp32\libg_nano.a(lib_a-readr.o)
                0x00000000000041da                _read_r
 .text._close   0x0000000000004206        0xc f:/mounriver_studio_ii/mounriver_studio2/resources/app/resources/win32/components/wch/toolchain/risc-v embedded gcc/bin/../lib/gcc/riscv-none-embed/8.2.0/../../../../riscv-none-embed/lib/rv32imacxw/ilp32\libnosys.a(close.o)
                0x0000000000004206                _close
 .text._fstat   0x0000000000004212        0xc f:/mounriver_studio_ii/mounriver_studio2/resources/app/resources/win32/components/wch/toolchain/risc-v embedded gcc/bin/../lib/gcc/riscv-none-embed/8.2.0/../../../../riscv-none-embed/lib/rv32imacxw/ilp32\libnosys.a(fstat.o)
                0x0000000000004212                _fstat
 .text._isatty  0x000000000000421e        0xc f:/mounriver_studio_ii/mounriver_studio2/resources/app/resources/win32/components/wch/toolchain/risc-v embedded gcc/bin/../lib/gcc/riscv-none-embed/8.2.0/../../../../riscv-none-embed/lib/rv32imacxw/ilp32\libnosys.a(isatty.o)
                0x000000000000421e                _isatty
 .text._lseek   0x000000000000422a        0xc f:/mounriver_studio_ii/mounriver_studio2/resources/app/resources/win32/components/wch/toolchain/risc-v embedded gcc/bin/../lib/gcc/riscv-none-embed/8.2.0/../../../../riscv-none-embed/lib/rv32imacxw/ilp32\libnosys.a(lseek.o)
                0x000000000000422a                _lseek
 .text._read    0x0000000000004236        0xc f:/mounriver_studio_ii/mounriver_studio2/resources/app/resources/win32/components/wch/toolchain/risc-v embedded gcc/bin/../lib/gcc/riscv-none-embed/8.2.0/../../../../riscv-none-embed/lib/rv32imacxw/ilp32\libnosys.a(read.o)
                0x0000000000004236                _read
 *(.rodata)
 *(.rodata*)
 *fill*         0x0000000000004242        0x2 
 .rodata.Enter_LowPowerMode.str1.4
                0x0000000000004244       0x1a ./User/USBLIB/CONFIG/hw_config.o
 *fill*         0x000000000000425e        0x2 
 .rodata.Leave_LowPowerMode.str1.4
                0x0000000000004260       0x1a ./User/USBLIB/CONFIG/hw_config.o
 *fill*         0x000000000000427a        0x2 
 .rodata.USBD_ConfigDescriptor
                0x000000000000427c       0x43 ./User/USBLIB/CONFIG/usb_desc.o
                0x000000000000427c                USBD_ConfigDescriptor
 *fill*         0x00000000000042bf        0x1 
 .rodata.USBD_DeviceDescriptor
                0x00000000000042c0       0x12 ./User/USBLIB/CONFIG/usb_desc.o
                0x00000000000042c0                USBD_DeviceDescriptor
 *fill*         0x00000000000042d2        0x2 
 .rodata.USBD_StringProduct
                0x00000000000042d4       0x16 ./User/USBLIB/CONFIG/usb_desc.o
                0x00000000000042d4                USBD_StringProduct
 *fill*         0x00000000000042ea        0x2 
 .rodata.USBD_StringVendor
                0x00000000000042ec        0xe ./User/USBLIB/CONFIG/usb_desc.o
                0x00000000000042ec                USBD_StringVendor
 *fill*         0x00000000000042fa        0x2 
 .rodata.Resume
                0x00000000000042fc       0x18 ./User/USBLIB/CONFIG/usb_pwr.o
 .rodata.UART1_DataRx_Deal.str1.4
                0x0000000000004314        0xc ./User/UART/UART.o
 .rodata.main.str1.4
                0x0000000000004320       0x37 ./User/Main.o
 *fill*         0x0000000000004357        0x1 
 .rodata.__clz_tab
                0x0000000000004358      0x100 f:/mounriver_studio_ii/mounriver_studio2/resources/app/resources/win32/components/wch/toolchain/risc-v embedded gcc/bin/../lib/gcc/riscv-none-embed/8.2.0/rv32imacxw/ilp32\libgcc.a(_clz.o)
                0x0000000000004358                __clz_tab
 .rodata.__sf_fake_stderr
                0x0000000000004458       0x20 f:/mounriver_studio_ii/mounriver_studio2/resources/app/resources/win32/components/wch/toolchain/risc-v embedded gcc/bin/../lib/gcc/riscv-none-embed/8.2.0/../../../../riscv-none-embed/lib/rv32imacxw/ilp32\libg_nano.a(lib_a-findfp.o)
                0x0000000000004458                __sf_fake_stderr
 .rodata.__sf_fake_stdin
                0x0000000000004478       0x20 f:/mounriver_studio_ii/mounriver_studio2/resources/app/resources/win32/components/wch/toolchain/risc-v embedded gcc/bin/../lib/gcc/riscv-none-embed/8.2.0/../../../../riscv-none-embed/lib/rv32imacxw/ilp32\libg_nano.a(lib_a-findfp.o)
                0x0000000000004478                __sf_fake_stdin
 .rodata.__sf_fake_stdout
                0x0000000000004498       0x20 f:/mounriver_studio_ii/mounriver_studio2/resources/app/resources/win32/components/wch/toolchain/risc-v embedded gcc/bin/../lib/gcc/riscv-none-embed/8.2.0/../../../../riscv-none-embed/lib/rv32imacxw/ilp32\libg_nano.a(lib_a-findfp.o)
                0x0000000000004498                __sf_fake_stdout
 .rodata._vfprintf_r.str1.4
                0x00000000000044b8       0x13 f:/mounriver_studio_ii/mounriver_studio2/resources/app/resources/win32/components/wch/toolchain/risc-v embedded gcc/bin/../lib/gcc/riscv-none-embed/8.2.0/../../../../riscv-none-embed/lib/rv32imacxw/ilp32\libg_nano.a(lib_a-nano-vfprintf.o)
 *fill*         0x00000000000044cb        0x1 
 .rodata._printf_i.str1.4
                0x00000000000044cc       0x28 f:/mounriver_studio_ii/mounriver_studio2/resources/app/resources/win32/components/wch/toolchain/risc-v embedded gcc/bin/../lib/gcc/riscv-none-embed/8.2.0/../../../../riscv-none-embed/lib/rv32imacxw/ilp32\libg_nano.a(lib_a-nano-vfprintf_i.o)
                                         0x25 (size before relaxing)
 *(.gnu.linkonce.t.*)
                0x00000000000044f4                . = ALIGN (0x4)

.rela.dyn       0x00000000000044f4        0x0
 .rela.init     0x00000000000044f4        0x0 ./User/USBLIB/USB-Driver/src/usb_core.o
 .rela.vector   0x00000000000044f4        0x0 ./User/USBLIB/USB-Driver/src/usb_core.o
 .rela.text.handle_reset
                0x00000000000044f4        0x0 ./User/USBLIB/USB-Driver/src/usb_core.o
 .rela.text._sbrk
                0x00000000000044f4        0x0 ./User/USBLIB/USB-Driver/src/usb_core.o
 .rela.sdata.curbrk.4672
                0x00000000000044f4        0x0 ./User/USBLIB/USB-Driver/src/usb_core.o
 .rela.text._vfprintf_r
                0x00000000000044f4        0x0 ./User/USBLIB/USB-Driver/src/usb_core.o
 .rela.text._sbrk_r
                0x00000000000044f4        0x0 ./User/USBLIB/USB-Driver/src/usb_core.o
 .rela.text._write_r
                0x00000000000044f4        0x0 ./User/USBLIB/USB-Driver/src/usb_core.o
 .rela.text._close_r
                0x00000000000044f4        0x0 ./User/USBLIB/USB-Driver/src/usb_core.o
 .rela.text._fstat_r
                0x00000000000044f4        0x0 ./User/USBLIB/USB-Driver/src/usb_core.o
 .rela.text._isatty_r
                0x00000000000044f4        0x0 ./User/USBLIB/USB-Driver/src/usb_core.o
 .rela.text._lseek_r
                0x00000000000044f4        0x0 ./User/USBLIB/USB-Driver/src/usb_core.o
 .rela.text._read_r
                0x00000000000044f4        0x0 ./User/USBLIB/USB-Driver/src/usb_core.o
 .rela.text._close
                0x00000000000044f4        0x0 ./User/USBLIB/USB-Driver/src/usb_core.o
 .rela.text._fstat
                0x00000000000044f4        0x0 ./User/USBLIB/USB-Driver/src/usb_core.o
 .rela.text._isatty
                0x00000000000044f4        0x0 ./User/USBLIB/USB-Driver/src/usb_core.o
 .rela.text._lseek
                0x00000000000044f4        0x0 ./User/USBLIB/USB-Driver/src/usb_core.o
 .rela.text._read
                0x00000000000044f4        0x0 ./User/USBLIB/USB-Driver/src/usb_core.o

.fini           0x00000000000044f4        0x0
 *(SORT_NONE(.fini))
                0x00000000000044f4                . = ALIGN (0x4)
                [!provide]                        PROVIDE (_etext = .)
                [!provide]                        PROVIDE (_eitcm = .)

.preinit_array  0x00000000000044f4        0x0
                [!provide]                        PROVIDE (__preinit_array_start = .)
 *(.preinit_array)
                [!provide]                        PROVIDE (__preinit_array_end = .)

.init_array     0x00000000000044f4        0x0
                [!provide]                        PROVIDE (__init_array_start = .)
 *(SORT_BY_INIT_PRIORITY(.init_array.*) SORT_BY_INIT_PRIORITY(.ctors.*))
 *(.init_array EXCLUDE_FILE(*crtend?.o *crtend.o *crtbegin?.o *crtbegin.o) .ctors)
                [!provide]                        PROVIDE (__init_array_end = .)

.fini_array     0x00000000000044f4        0x0
                [!provide]                        PROVIDE (__fini_array_start = .)
 *(SORT_BY_INIT_PRIORITY(.fini_array.*) SORT_BY_INIT_PRIORITY(.dtors.*))
 *(.fini_array EXCLUDE_FILE(*crtend?.o *crtend.o *crtbegin?.o *crtbegin.o) .dtors)
                [!provide]                        PROVIDE (__fini_array_end = .)

.ctors
 *crtbegin.o(.ctors)
 *crtbegin?.o(.ctors)
 *(EXCLUDE_FILE(*crtend?.o *crtend.o) .ctors)
 *(SORT_BY_NAME(.ctors.*))
 *(.ctors)

.dtors
 *crtbegin.o(.dtors)
 *crtbegin?.o(.dtors)
 *(EXCLUDE_FILE(*crtend?.o *crtend.o) .dtors)
 *(SORT_BY_NAME(.dtors.*))
 *(.dtors)

.dalign         0x0000000020000000        0x0 load address 0x00000000000044f4
                0x0000000020000000                . = ALIGN (0x4)
                0x0000000020000000                PROVIDE (_data_vma = .)

.dlalign        0x00000000000044f4        0x0
                0x00000000000044f4                . = ALIGN (0x4)
                0x00000000000044f4                PROVIDE (_data_lma = .)

.data           0x0000000020000000      0x178 load address 0x00000000000044f4
 *(.gnu.linkonce.r.*)
 *(.data .data.*)
 .data.USBD_StringSerial
                0x0000000020000000       0x16 ./User/USBLIB/CONFIG/usb_desc.o
                0x0000000020000000                USBD_StringSerial
 *fill*         0x0000000020000016        0x2 
 .data.pEpInt_IN
                0x0000000020000018       0x1c ./User/USBLIB/CONFIG/usb_istr.o
                0x0000000020000018                pEpInt_IN
 .data.pEpInt_OUT
                0x0000000020000034       0x1c ./User/USBLIB/CONFIG/usb_istr.o
                0x0000000020000034                pEpInt_OUT
 .data.Device_Property
                0x0000000020000050       0x30 ./User/USBLIB/CONFIG/usb_prop.o
                0x0000000020000050                Device_Property
 .data.String_Descriptor
                0x0000000020000080       0x20 ./User/USBLIB/CONFIG/usb_prop.o
                0x0000000020000080                String_Descriptor
 .data.User_Standard_Requests
                0x00000000200000a0       0x24 ./User/USBLIB/CONFIG/usb_prop.o
                0x00000000200000a0                User_Standard_Requests
 .data.AHBPrescTable
                0x00000000200000c4       0x10 ./User/system_ch32v20x.o
                0x00000000200000c4                AHBPrescTable
 .data.APBAHBPrescTable
                0x00000000200000d4       0x10 ./Peripheral/src/ch32v20x_rcc.o
 .data.impure_data
                0x00000000200000e4       0x60 f:/mounriver_studio_ii/mounriver_studio2/resources/app/resources/win32/components/wch/toolchain/risc-v embedded gcc/bin/../lib/gcc/riscv-none-embed/8.2.0/../../../../riscv-none-embed/lib/rv32imacxw/ilp32\libg_nano.a(lib_a-impure.o)
 *(.gnu.linkonce.d.*)
                0x0000000020000148                . = ALIGN (0x8)
 *fill*         0x0000000020000144        0x4 
                0x0000000020000948                PROVIDE (__global_pointer$ = (. + 0x800))
 *(.sdata .sdata.*)
 .sdata.Config_Descriptor
                0x0000000020000148        0x8 ./User/USBLIB/CONFIG/usb_prop.o
                0x0000000020000148                Config_Descriptor
 .sdata.Device_Descriptor
                0x0000000020000150        0x8 ./User/USBLIB/CONFIG/usb_prop.o
                0x0000000020000150                Device_Descriptor
 .sdata.Device_Table
                0x0000000020000158        0x2 ./User/USBLIB/CONFIG/usb_prop.o
                0x0000000020000158                Device_Table
 *fill*         0x000000002000015a        0x2 
 .sdata.fSuspendEnabled
                0x000000002000015c        0x4 ./User/USBLIB/CONFIG/usb_pwr.o
                0x000000002000015c                fSuspendEnabled
 .sdata.SystemCoreClock
                0x0000000020000160        0x4 ./User/system_ch32v20x.o
                0x0000000020000160                SystemCoreClock
 .sdata.ADCPrescTable
                0x0000000020000164        0x4 ./Peripheral/src/ch32v20x_rcc.o
 .sdata.curbrk.4672
                0x0000000020000168        0x4 ./Debug/debug.o
 .sdata._impure_ptr
                0x000000002000016c        0x4 f:/mounriver_studio_ii/mounriver_studio2/resources/app/resources/win32/components/wch/toolchain/risc-v embedded gcc/bin/../lib/gcc/riscv-none-embed/8.2.0/../../../../riscv-none-embed/lib/rv32imacxw/ilp32\libg_nano.a(lib_a-impure.o)
                0x000000002000016c                _impure_ptr
 *(.sdata2.*)
 .sdata2.USBD_StringLangID
                0x0000000020000170        0x4 ./User/USBLIB/CONFIG/usb_desc.o
                0x0000000020000170                USBD_StringLangID
 .sdata2._global_impure_ptr
                0x0000000020000174        0x4 f:/mounriver_studio_ii/mounriver_studio2/resources/app/resources/win32/components/wch/toolchain/risc-v embedded gcc/bin/../lib/gcc/riscv-none-embed/8.2.0/../../../../riscv-none-embed/lib/rv32imacxw/ilp32\libg_nano.a(lib_a-impure.o)
                0x0000000020000174                _global_impure_ptr
 *(.gnu.linkonce.s.*)
                0x0000000020000178                . = ALIGN (0x8)
 *(.srodata.cst16)
 *(.srodata.cst8)
 *(.srodata.cst4)
 *(.srodata.cst2)
 *(.srodata .srodata.*)
                0x0000000020000178                . = ALIGN (0x4)
                0x0000000020000178                PROVIDE (_edata = .)

.bss            0x0000000020000178      0xce0 load address 0x000000000000466c
                0x0000000020000178                . = ALIGN (0x4)
                0x0000000020000178                PROVIDE (_sbss = .)
 *(.sbss*)
 .sbss.Data_Mul_MaxPacketSize
                0x0000000020000178        0x4 ./User/USBLIB/USB-Driver/src/usb_core.o
                0x0000000020000178                Data_Mul_MaxPacketSize
 .sbss.StatusInfo
                0x000000002000017c        0x2 ./User/USBLIB/USB-Driver/src/usb_core.o
                0x000000002000017c                StatusInfo
 .sbss.EPindex  0x000000002000017e        0x1 ./User/USBLIB/USB-Driver/src/usb_init.o
                0x000000002000017e                EPindex
 *fill*         0x000000002000017f        0x1 
 .sbss.pInformation
                0x0000000020000180        0x4 ./User/USBLIB/USB-Driver/src/usb_init.o
                0x0000000020000180                pInformation
 .sbss.pProperty
                0x0000000020000184        0x4 ./User/USBLIB/USB-Driver/src/usb_init.o
                0x0000000020000184                pProperty
 .sbss.pUser_Standard_Requests
                0x0000000020000188        0x4 ./User/USBLIB/USB-Driver/src/usb_init.o
                0x0000000020000188                pUser_Standard_Requests
 .sbss.wInterrupt_Mask
                0x000000002000018c        0x2 ./User/USBLIB/USB-Driver/src/usb_init.o
                0x000000002000018c                wInterrupt_Mask
 .sbss.SaveRState
                0x000000002000018e        0x2 ./User/USBLIB/USB-Driver/src/usb_int.o
                0x000000002000018e                SaveRState
 .sbss.SaveTState
                0x0000000020000190        0x2 ./User/USBLIB/USB-Driver/src/usb_int.o
                0x0000000020000190                SaveTState
 .sbss.USBD_Endp3_Busy
                0x0000000020000192        0x1 ./User/USBLIB/CONFIG/usb_endp.o
                0x0000000020000192                USBD_Endp3_Busy
 *fill*         0x0000000020000193        0x1 
 .sbss.Ep0RxBlks
                0x0000000020000194        0x2 ./User/USBLIB/CONFIG/usb_istr.o
                0x0000000020000194                Ep0RxBlks
 .sbss.bIntPackSOF
                0x0000000020000196        0x1 ./User/USBLIB/CONFIG/usb_istr.o
                0x0000000020000196                bIntPackSOF
 *fill*         0x0000000020000197        0x1 
 .sbss.esof_counter
                0x0000000020000198        0x4 ./User/USBLIB/CONFIG/usb_istr.o
                0x0000000020000198                esof_counter
 .sbss.wCNTR    0x000000002000019c        0x4 ./User/USBLIB/CONFIG/usb_istr.o
                0x000000002000019c                wCNTR
 .sbss.wIstr    0x00000000200001a0        0x2 ./User/USBLIB/CONFIG/usb_istr.o
                0x00000000200001a0                wIstr
 *fill*         0x00000000200001a2        0x2 
 .sbss.ResumeS  0x00000000200001a4        0x8 ./User/USBLIB/CONFIG/usb_pwr.o
                0x00000000200001a4                ResumeS
 .sbss.bDeviceState
                0x00000000200001ac        0x4 ./User/USBLIB/CONFIG/usb_pwr.o
                0x00000000200001ac                bDeviceState
 .sbss.remotewakeupon
                0x00000000200001b0        0x4 ./User/USBLIB/CONFIG/usb_pwr.o
                0x00000000200001b0                remotewakeupon
 .sbss.UARTx_Rx_DMACurCount
                0x00000000200001b4        0x4 ./User/UART/UART.o
                0x00000000200001b4                UARTx_Rx_DMACurCount
 .sbss.UARTx_Rx_DMALastCount
                0x00000000200001b8        0x4 ./User/UART/UART.o
                0x00000000200001b8                UARTx_Rx_DMALastCount
 .sbss.MCU_Version
                0x00000000200001bc        0x1 ./Peripheral/src/ch32v20x_gpio.o
                0x00000000200001bc                MCU_Version
 *fill*         0x00000000200001bd        0x3 
 .sbss.NVIC_Priority_Group
                0x00000000200001c0        0x4 ./Peripheral/src/ch32v20x_misc.o
                0x00000000200001c0                NVIC_Priority_Group
 .sbss.p_ms     0x00000000200001c4        0x2 ./Debug/debug.o
 .sbss.p_us     0x00000000200001c6        0x1 ./Debug/debug.o
 *fill*         0x00000000200001c7        0x1 
 .sbss.__malloc_free_list
                0x00000000200001c8        0x4 f:/mounriver_studio_ii/mounriver_studio2/resources/app/resources/win32/components/wch/toolchain/risc-v embedded gcc/bin/../lib/gcc/riscv-none-embed/8.2.0/../../../../riscv-none-embed/lib/rv32imacxw/ilp32\libg_nano.a(lib_a-nano-mallocr.o)
                0x00000000200001c8                __malloc_free_list
 .sbss.__malloc_sbrk_start
                0x00000000200001cc        0x4 f:/mounriver_studio_ii/mounriver_studio2/resources/app/resources/win32/components/wch/toolchain/risc-v embedded gcc/bin/../lib/gcc/riscv-none-embed/8.2.0/../../../../riscv-none-embed/lib/rv32imacxw/ilp32\libg_nano.a(lib_a-nano-mallocr.o)
                0x00000000200001cc                __malloc_sbrk_start
 *(.gnu.linkonce.sb.*)
 *(.bss*)
 .bss.Device_Info
                0x00000000200001d0       0x1c ./User/USBLIB/USB-Driver/src/usb_init.o
                0x00000000200001d0                Device_Info
 .bss.EP        0x00000000200001ec       0x20 ./User/USBLIB/CONFIG/usb_pwr.o
                0x00000000200001ec                EP
 .bss.UART1_Rx_Buf
                0x000000002000020c      0x800 ./User/UART/UART.o
                0x000000002000020c                UART1_Rx_Buf
 .bss.UART1_Tx_Buf
                0x0000000020000a0c      0x400 ./User/UART/UART.o
                0x0000000020000a0c                UART1_Tx_Buf
 .bss.Uart      0x0000000020000e0c       0x46 ./User/UART/UART.o
                0x0000000020000e0c                Uart
 *(.gnu.linkonce.b.*)
 *(COMMON*)
 *fill*         0x0000000020000e52        0x2 
 COMMON         0x0000000020000e54        0x4 f:/mounriver_studio_ii/mounriver_studio2/resources/app/resources/win32/components/wch/toolchain/risc-v embedded gcc/bin/../lib/gcc/riscv-none-embed/8.2.0/../../../../riscv-none-embed/lib/rv32imacxw/ilp32\libg_nano.a(lib_a-reent.o)
                0x0000000020000e54                errno
                0x0000000020000e58                . = ALIGN (0x4)
                0x0000000020000e58                PROVIDE (_ebss = .)
                0x0000000020000e58                PROVIDE (_end = _ebss)
                [!provide]                        PROVIDE (end = .)

.stack          0x0000000020004800      0x800
                0x0000000020004800                PROVIDE (_heap_end = .)
                0x0000000020004800                . = ALIGN (0x4)
                [!provide]                        PROVIDE (_susrstack = .)
                0x0000000020005000                . = (. + __stack_size)
 *fill*         0x0000000020004800      0x800 
                0x0000000020005000                PROVIDE (_eusrstack = .)
OUTPUT(SimulateCDC.elf elf32-littleriscv)

.debug_info     0x0000000000000000    0x1ce5a
 .debug_info    0x0000000000000000     0x1802 ./User/USBLIB/USB-Driver/src/usb_core.o
 .debug_info    0x0000000000001802      0xde5 ./User/USBLIB/USB-Driver/src/usb_init.o
 .debug_info    0x00000000000025e7      0xef1 ./User/USBLIB/USB-Driver/src/usb_int.o
 .debug_info    0x00000000000034d8      0xe81 ./User/USBLIB/USB-Driver/src/usb_mem.o
 .debug_info    0x0000000000004359     0x19df ./User/USBLIB/USB-Driver/src/usb_regs.o
 .debug_info    0x0000000000005d38      0xeeb ./User/USBLIB/USB-Driver/src/usb_sil.o
 .debug_info    0x0000000000006c23     0x144d ./User/USBLIB/CONFIG/hw_config.o
 .debug_info    0x0000000000008070      0xe83 ./User/USBLIB/CONFIG/usb_desc.o
 .debug_info    0x0000000000008ef3     0x11c1 ./User/USBLIB/CONFIG/usb_endp.o
 .debug_info    0x000000000000a0b4      0xf3b ./User/USBLIB/CONFIG/usb_istr.o
 .debug_info    0x000000000000afef     0x174e ./User/USBLIB/CONFIG/usb_prop.o
 .debug_info    0x000000000000c73d      0xfe1 ./User/USBLIB/CONFIG/usb_pwr.o
 .debug_info    0x000000000000d71e     0x24b7 ./User/UART/UART.o
 .debug_info    0x000000000000fbd5     0x10f1 ./User/Main.o
 .debug_info    0x0000000000010cc6     0x110d ./User/ch32v20x_it.o
 .debug_info    0x0000000000011dd3      0xb3b ./User/system_ch32v20x.o
 .debug_info    0x000000000001290e       0x22 ./Startup/startup_ch32v20x_D6.o
 .debug_info    0x0000000000012930      0xa94 ./Peripheral/src/ch32v20x_dbgmcu.o
 .debug_info    0x00000000000133c4      0xd21 ./Peripheral/src/ch32v20x_dma.o
 .debug_info    0x00000000000140e5      0xc0d ./Peripheral/src/ch32v20x_exti.o
 .debug_info    0x0000000000014cf2     0x133b ./Peripheral/src/ch32v20x_gpio.o
 .debug_info    0x000000000001602d      0xe67 ./Peripheral/src/ch32v20x_misc.o
 .debug_info    0x0000000000016e94     0x1273 ./Peripheral/src/ch32v20x_rcc.o
 .debug_info    0x0000000000018107     0x2aca ./Peripheral/src/ch32v20x_tim.o
 .debug_info    0x000000000001abd1     0x135c ./Peripheral/src/ch32v20x_usart.o
 .debug_info    0x000000000001bf2d      0xf2d ./Debug/debug.o

.debug_abbrev   0x0000000000000000     0x4c52
 .debug_abbrev  0x0000000000000000      0x553 ./User/USBLIB/USB-Driver/src/usb_core.o
 .debug_abbrev  0x0000000000000553      0x223 ./User/USBLIB/USB-Driver/src/usb_init.o
 .debug_abbrev  0x0000000000000776      0x279 ./User/USBLIB/USB-Driver/src/usb_int.o
 .debug_abbrev  0x00000000000009ef      0x25a ./User/USBLIB/USB-Driver/src/usb_mem.o
 .debug_abbrev  0x0000000000000c49      0x3b2 ./User/USBLIB/USB-Driver/src/usb_regs.o
 .debug_abbrev  0x0000000000000ffb      0x2a0 ./User/USBLIB/USB-Driver/src/usb_sil.o
 .debug_abbrev  0x000000000000129b      0x2be ./User/USBLIB/CONFIG/hw_config.o
 .debug_abbrev  0x0000000000001559      0x205 ./User/USBLIB/CONFIG/usb_desc.o
 .debug_abbrev  0x000000000000175e      0x310 ./User/USBLIB/CONFIG/usb_endp.o
 .debug_abbrev  0x0000000000001a6e      0x2af ./User/USBLIB/CONFIG/usb_istr.o
 .debug_abbrev  0x0000000000001d1d      0x3bc ./User/USBLIB/CONFIG/usb_prop.o
 .debug_abbrev  0x00000000000020d9      0x2fa ./User/USBLIB/CONFIG/usb_pwr.o
 .debug_abbrev  0x00000000000023d3      0x452 ./User/UART/UART.o
 .debug_abbrev  0x0000000000002825      0x27f ./User/Main.o
 .debug_abbrev  0x0000000000002aa4      0x263 ./User/ch32v20x_it.o
 .debug_abbrev  0x0000000000002d07      0x2b0 ./User/system_ch32v20x.o
 .debug_abbrev  0x0000000000002fb7       0x12 ./Startup/startup_ch32v20x_D6.o
 .debug_abbrev  0x0000000000002fc9      0x2f7 ./Peripheral/src/ch32v20x_dbgmcu.o
 .debug_abbrev  0x00000000000032c0      0x302 ./Peripheral/src/ch32v20x_dma.o
 .debug_abbrev  0x00000000000035c2      0x2da ./Peripheral/src/ch32v20x_exti.o
 .debug_abbrev  0x000000000000389c      0x34b ./Peripheral/src/ch32v20x_gpio.o
 .debug_abbrev  0x0000000000003be7      0x2e1 ./Peripheral/src/ch32v20x_misc.o
 .debug_abbrev  0x0000000000003ec8      0x36b ./Peripheral/src/ch32v20x_rcc.o
 .debug_abbrev  0x0000000000004233      0x40f ./Peripheral/src/ch32v20x_tim.o
 .debug_abbrev  0x0000000000004642      0x32e ./Peripheral/src/ch32v20x_usart.o
 .debug_abbrev  0x0000000000004970      0x2e2 ./Debug/debug.o

.debug_loc      0x0000000000000000     0x5685
 .debug_loc     0x0000000000000000      0xa1e ./User/USBLIB/USB-Driver/src/usb_core.o
 .debug_loc     0x0000000000000a1e       0xfa ./User/USBLIB/USB-Driver/src/usb_int.o
 .debug_loc     0x0000000000000b18      0x1dc ./User/USBLIB/USB-Driver/src/usb_mem.o
 .debug_loc     0x0000000000000cf4      0xb6f ./User/USBLIB/USB-Driver/src/usb_regs.o
 .debug_loc     0x0000000000001863       0xc4 ./User/USBLIB/USB-Driver/src/usb_sil.o
 .debug_loc     0x0000000000001927       0x3c ./User/USBLIB/CONFIG/hw_config.o
 .debug_loc     0x0000000000001963       0x9d ./User/USBLIB/CONFIG/usb_endp.o
 .debug_loc     0x0000000000001a00       0x42 ./User/USBLIB/CONFIG/usb_istr.o
 .debug_loc     0x0000000000001a42      0x1e4 ./User/USBLIB/CONFIG/usb_prop.o
 .debug_loc     0x0000000000001c26      0x139 ./User/USBLIB/CONFIG/usb_pwr.o
 .debug_loc     0x0000000000001d5f      0x3f7 ./User/UART/UART.o
 .debug_loc     0x0000000000002156       0xac ./User/system_ch32v20x.o
 .debug_loc     0x0000000000002202       0x7c ./Peripheral/src/ch32v20x_dbgmcu.o
 .debug_loc     0x000000000000227e      0x155 ./Peripheral/src/ch32v20x_dma.o
 .debug_loc     0x00000000000023d3      0x181 ./Peripheral/src/ch32v20x_exti.o
 .debug_loc     0x0000000000002554      0x888 ./Peripheral/src/ch32v20x_gpio.o
 .debug_loc     0x0000000000002ddc       0x47 ./Peripheral/src/ch32v20x_misc.o
 .debug_loc     0x0000000000002e23      0x797 ./Peripheral/src/ch32v20x_rcc.o
 .debug_loc     0x00000000000035ba     0x180e ./Peripheral/src/ch32v20x_tim.o
 .debug_loc     0x0000000000004dc8      0x746 ./Peripheral/src/ch32v20x_usart.o
 .debug_loc     0x000000000000550e      0x177 ./Debug/debug.o

.debug_aranges  0x0000000000000000      0xc70
 .debug_aranges
                0x0000000000000000       0x98 ./User/USBLIB/USB-Driver/src/usb_core.o
 .debug_aranges
                0x0000000000000098       0x20 ./User/USBLIB/USB-Driver/src/usb_init.o
 .debug_aranges
                0x00000000000000b8       0x28 ./User/USBLIB/USB-Driver/src/usb_int.o
 .debug_aranges
                0x00000000000000e0       0x28 ./User/USBLIB/USB-Driver/src/usb_mem.o
 .debug_aranges
                0x0000000000000108      0x1a0 ./User/USBLIB/USB-Driver/src/usb_regs.o
 .debug_aranges
                0x00000000000002a8       0x30 ./User/USBLIB/USB-Driver/src/usb_sil.o
 .debug_aranges
                0x00000000000002d8       0x50 ./User/USBLIB/CONFIG/hw_config.o
 .debug_aranges
                0x0000000000000328       0x18 ./User/USBLIB/CONFIG/usb_desc.o
 .debug_aranges
                0x0000000000000340       0x38 ./User/USBLIB/CONFIG/usb_endp.o
 .debug_aranges
                0x0000000000000378       0x20 ./User/USBLIB/CONFIG/usb_istr.o
 .debug_aranges
                0x0000000000000398       0x80 ./User/USBLIB/CONFIG/usb_prop.o
 .debug_aranges
                0x0000000000000418       0x40 ./User/USBLIB/CONFIG/usb_pwr.o
 .debug_aranges
                0x0000000000000458       0x60 ./User/UART/UART.o
 .debug_aranges
                0x00000000000004b8       0x20 ./User/Main.o
 .debug_aranges
                0x00000000000004d8       0x30 ./User/ch32v20x_it.o
 .debug_aranges
                0x0000000000000508       0x28 ./User/system_ch32v20x.o
 .debug_aranges
                0x0000000000000530       0x30 ./Startup/startup_ch32v20x_D6.o
 .debug_aranges
                0x0000000000000560       0x48 ./Peripheral/src/ch32v20x_dbgmcu.o
 .debug_aranges
                0x00000000000005a8       0x60 ./Peripheral/src/ch32v20x_dma.o
 .debug_aranges
                0x0000000000000608       0x50 ./Peripheral/src/ch32v20x_exti.o
 .debug_aranges
                0x0000000000000658       0xb0 ./Peripheral/src/ch32v20x_gpio.o
 .debug_aranges
                0x0000000000000708       0x28 ./Peripheral/src/ch32v20x_misc.o
 .debug_aranges
                0x0000000000000730      0x130 ./Peripheral/src/ch32v20x_rcc.o
 .debug_aranges
                0x0000000000000860      0x2d0 ./Peripheral/src/ch32v20x_tim.o
 .debug_aranges
                0x0000000000000b30       0xf0 ./Peripheral/src/ch32v20x_usart.o
 .debug_aranges
                0x0000000000000c20       0x50 ./Debug/debug.o

.debug_ranges   0x0000000000000000      0xdc8
 .debug_ranges  0x0000000000000000      0x148 ./User/USBLIB/USB-Driver/src/usb_core.o
 .debug_ranges  0x0000000000000148       0x10 ./User/USBLIB/USB-Driver/src/usb_init.o
 .debug_ranges  0x0000000000000158       0x60 ./User/USBLIB/USB-Driver/src/usb_int.o
 .debug_ranges  0x00000000000001b8       0x18 ./User/USBLIB/USB-Driver/src/usb_mem.o
 .debug_ranges  0x00000000000001d0      0x338 ./User/USBLIB/USB-Driver/src/usb_regs.o
 .debug_ranges  0x0000000000000508       0x20 ./User/USBLIB/USB-Driver/src/usb_sil.o
 .debug_ranges  0x0000000000000528       0x40 ./User/USBLIB/CONFIG/hw_config.o
 .debug_ranges  0x0000000000000568       0x28 ./User/USBLIB/CONFIG/usb_endp.o
 .debug_ranges  0x0000000000000590       0x10 ./User/USBLIB/CONFIG/usb_istr.o
 .debug_ranges  0x00000000000005a0       0x70 ./User/USBLIB/CONFIG/usb_prop.o
 .debug_ranges  0x0000000000000610       0x30 ./User/USBLIB/CONFIG/usb_pwr.o
 .debug_ranges  0x0000000000000640       0x68 ./User/UART/UART.o
 .debug_ranges  0x00000000000006a8       0x10 ./User/Main.o
 .debug_ranges  0x00000000000006b8       0x20 ./User/ch32v20x_it.o
 .debug_ranges  0x00000000000006d8       0x18 ./User/system_ch32v20x.o
 .debug_ranges  0x00000000000006f0       0x28 ./Startup/startup_ch32v20x_D6.o
 .debug_ranges  0x0000000000000718       0x50 ./Peripheral/src/ch32v20x_dbgmcu.o
 .debug_ranges  0x0000000000000768       0x50 ./Peripheral/src/ch32v20x_dma.o
 .debug_ranges  0x00000000000007b8       0x40 ./Peripheral/src/ch32v20x_exti.o
 .debug_ranges  0x00000000000007f8       0xa0 ./Peripheral/src/ch32v20x_gpio.o
 .debug_ranges  0x0000000000000898       0x30 ./Peripheral/src/ch32v20x_misc.o
 .debug_ranges  0x00000000000008c8      0x120 ./Peripheral/src/ch32v20x_rcc.o
 .debug_ranges  0x00000000000009e8      0x2c0 ./Peripheral/src/ch32v20x_tim.o
 .debug_ranges  0x0000000000000ca8       0xe0 ./Peripheral/src/ch32v20x_usart.o
 .debug_ranges  0x0000000000000d88       0x40 ./Debug/debug.o

.debug_line     0x0000000000000000    0x116c2
 .debug_line    0x0000000000000000     0x1ac9 ./User/USBLIB/USB-Driver/src/usb_core.o
 .debug_line    0x0000000000001ac9      0x350 ./User/USBLIB/USB-Driver/src/usb_init.o
 .debug_line    0x0000000000001e19      0x999 ./User/USBLIB/USB-Driver/src/usb_int.o
 .debug_line    0x00000000000027b2      0x476 ./User/USBLIB/USB-Driver/src/usb_mem.o
 .debug_line    0x0000000000002c28     0x11eb ./User/USBLIB/USB-Driver/src/usb_regs.o
 .debug_line    0x0000000000003e13      0x3e6 ./User/USBLIB/USB-Driver/src/usb_sil.o
 .debug_line    0x00000000000041f9      0x790 ./User/USBLIB/CONFIG/hw_config.o
 .debug_line    0x0000000000004989      0x2eb ./User/USBLIB/CONFIG/usb_desc.o
 .debug_line    0x0000000000004c74      0x594 ./User/USBLIB/CONFIG/usb_endp.o
 .debug_line    0x0000000000005208      0x6eb ./User/USBLIB/CONFIG/usb_istr.o
 .debug_line    0x00000000000058f3      0xa0b ./User/USBLIB/CONFIG/usb_prop.o
 .debug_line    0x00000000000062fe      0x82c ./User/USBLIB/CONFIG/usb_pwr.o
 .debug_line    0x0000000000006b2a     0x1731 ./User/UART/UART.o
 .debug_line    0x000000000000825b      0x4e5 ./User/Main.o
 .debug_line    0x0000000000008740      0x3de ./User/ch32v20x_it.o
 .debug_line    0x0000000000008b1e      0x601 ./User/system_ch32v20x.o
 .debug_line    0x000000000000911f      0x121 ./Startup/startup_ch32v20x_D6.o
 .debug_line    0x0000000000009240      0x3eb ./Peripheral/src/ch32v20x_dbgmcu.o
 .debug_line    0x000000000000962b      0x806 ./Peripheral/src/ch32v20x_dma.o
 .debug_line    0x0000000000009e31      0x625 ./Peripheral/src/ch32v20x_exti.o
 .debug_line    0x000000000000a456     0x163a ./Peripheral/src/ch32v20x_gpio.o
 .debug_line    0x000000000000ba90      0x433 ./Peripheral/src/ch32v20x_misc.o
 .debug_line    0x000000000000bec3     0x11e2 ./Peripheral/src/ch32v20x_rcc.o
 .debug_line    0x000000000000d0a5     0x2f9e ./Peripheral/src/ch32v20x_tim.o
 .debug_line    0x0000000000010043      0xef1 ./Peripheral/src/ch32v20x_usart.o
 .debug_line    0x0000000000010f34      0x78e ./Debug/debug.o

.debug_str      0x0000000000000000     0x3d3e
 .debug_str     0x0000000000000000      0xda1 ./User/USBLIB/USB-Driver/src/usb_core.o
                                        0xf63 (size before relaxing)
 .debug_str     0x0000000000000da1       0x29 ./User/USBLIB/USB-Driver/src/usb_init.o
                                        0x9d0 (size before relaxing)
 .debug_str     0x0000000000000dca       0x68 ./User/USBLIB/USB-Driver/src/usb_int.o
                                        0xa2e (size before relaxing)
 .debug_str     0x0000000000000e32       0x58 ./User/USBLIB/USB-Driver/src/usb_mem.o
                                        0xa1e (size before relaxing)
 .debug_str     0x0000000000000e8a      0x389 ./User/USBLIB/USB-Driver/src/usb_regs.o
                                        0xda6 (size before relaxing)
 .debug_str     0x0000000000001213       0x7e ./User/USBLIB/USB-Driver/src/usb_sil.o
                                        0xa76 (size before relaxing)
 .debug_str     0x0000000000001291      0x75a ./User/USBLIB/CONFIG/hw_config.o
                                       0x1112 (size before relaxing)
 .debug_str     0x00000000000019eb       0x21 ./User/USBLIB/CONFIG/usb_desc.o
                                        0xa34 (size before relaxing)
 .debug_str     0x0000000000001a0c      0x1ea ./User/USBLIB/CONFIG/usb_endp.o
                                        0xc89 (size before relaxing)
 .debug_str     0x0000000000001bf6       0xc4 ./User/USBLIB/CONFIG/usb_istr.o
                                        0xab4 (size before relaxing)
 .debug_str     0x0000000000001cba      0x1bb ./User/USBLIB/CONFIG/usb_prop.o
                                        0xf68 (size before relaxing)
 .debug_str     0x0000000000001e75       0x63 ./User/USBLIB/CONFIG/usb_pwr.o
                                        0xb4c (size before relaxing)
 .debug_str     0x0000000000001ed8      0x6b5 ./User/UART/UART.o
                                       0x160b (size before relaxing)
 .debug_str     0x000000000000258d       0x71 ./User/Main.o
                                        0xc0c (size before relaxing)
 .debug_str     0x00000000000025fe       0x55 ./User/ch32v20x_it.o
                                        0x949 (size before relaxing)
 .debug_str     0x0000000000002653       0xc4 ./User/system_ch32v20x.o
                                        0x68e (size before relaxing)
 .debug_str     0x0000000000002717       0x2d ./Startup/startup_ch32v20x_D6.o
                                         0x48 (size before relaxing)
 .debug_str     0x0000000000002744       0x7e ./Peripheral/src/ch32v20x_dbgmcu.o
                                        0x635 (size before relaxing)
 .debug_str     0x00000000000027c2      0x116 ./Peripheral/src/ch32v20x_dma.o
                                        0x7e2 (size before relaxing)
 .debug_str     0x00000000000028d8       0xcd ./Peripheral/src/ch32v20x_exti.o
                                        0x77c (size before relaxing)
 .debug_str     0x00000000000029a5      0x25c ./Peripheral/src/ch32v20x_gpio.o
                                        0x9ab (size before relaxing)
 .debug_str     0x0000000000002c01       0x73 ./Peripheral/src/ch32v20x_misc.o
                                        0xa6d (size before relaxing)
 .debug_str     0x0000000000002c74      0x33d ./Peripheral/src/ch32v20x_rcc.o
                                        0xabd (size before relaxing)
 .debug_str     0x0000000000002fb1      0xa00 ./Peripheral/src/ch32v20x_tim.o
                                       0x12a8 (size before relaxing)
 .debug_str     0x00000000000039b1      0x324 ./Peripheral/src/ch32v20x_usart.o
                                        0xaed (size before relaxing)
 .debug_str     0x0000000000003cd5       0x69 ./Debug/debug.o
                                        0x900 (size before relaxing)

.comment        0x0000000000000000       0x33
 .comment       0x0000000000000000       0x33 ./User/USBLIB/USB-Driver/src/usb_core.o
                                         0x34 (size before relaxing)
 .comment       0x0000000000000033       0x34 ./User/USBLIB/USB-Driver/src/usb_init.o
 .comment       0x0000000000000033       0x34 ./User/USBLIB/USB-Driver/src/usb_int.o
 .comment       0x0000000000000033       0x34 ./User/USBLIB/USB-Driver/src/usb_mem.o
 .comment       0x0000000000000033       0x34 ./User/USBLIB/USB-Driver/src/usb_regs.o
 .comment       0x0000000000000033       0x34 ./User/USBLIB/USB-Driver/src/usb_sil.o
 .comment       0x0000000000000033       0x34 ./User/USBLIB/CONFIG/hw_config.o
 .comment       0x0000000000000033       0x34 ./User/USBLIB/CONFIG/usb_desc.o
 .comment       0x0000000000000033       0x34 ./User/USBLIB/CONFIG/usb_endp.o
 .comment       0x0000000000000033       0x34 ./User/USBLIB/CONFIG/usb_istr.o
 .comment       0x0000000000000033       0x34 ./User/USBLIB/CONFIG/usb_prop.o
 .comment       0x0000000000000033       0x34 ./User/USBLIB/CONFIG/usb_pwr.o
 .comment       0x0000000000000033       0x34 ./User/UART/UART.o
 .comment       0x0000000000000033       0x34 ./User/Main.o
 .comment       0x0000000000000033       0x34 ./User/ch32v20x_it.o
 .comment       0x0000000000000033       0x34 ./User/system_ch32v20x.o
 .comment       0x0000000000000033       0x34 ./Peripheral/src/ch32v20x_dbgmcu.o
 .comment       0x0000000000000033       0x34 ./Peripheral/src/ch32v20x_dma.o
 .comment       0x0000000000000033       0x34 ./Peripheral/src/ch32v20x_exti.o
 .comment       0x0000000000000033       0x34 ./Peripheral/src/ch32v20x_gpio.o
 .comment       0x0000000000000033       0x34 ./Peripheral/src/ch32v20x_misc.o
 .comment       0x0000000000000033       0x34 ./Peripheral/src/ch32v20x_rcc.o
 .comment       0x0000000000000033       0x34 ./Peripheral/src/ch32v20x_tim.o
 .comment       0x0000000000000033       0x34 ./Peripheral/src/ch32v20x_usart.o
 .comment       0x0000000000000033       0x34 ./Debug/debug.o

.debug_frame    0x0000000000000000     0x2474
 .debug_frame   0x0000000000000000      0x204 ./User/USBLIB/USB-Driver/src/usb_core.o
 .debug_frame   0x0000000000000204       0x2c ./User/USBLIB/USB-Driver/src/usb_init.o
 .debug_frame   0x0000000000000230       0x78 ./User/USBLIB/USB-Driver/src/usb_int.o
 .debug_frame   0x00000000000002a8       0x30 ./User/USBLIB/USB-Driver/src/usb_mem.o
 .debug_frame   0x00000000000002d8      0x438 ./User/USBLIB/USB-Driver/src/usb_regs.o
 .debug_frame   0x0000000000000710       0x68 ./User/USBLIB/USB-Driver/src/usb_sil.o
 .debug_frame   0x0000000000000778       0xd0 ./User/USBLIB/CONFIG/hw_config.o
 .debug_frame   0x0000000000000848       0x7c ./User/USBLIB/CONFIG/usb_endp.o
 .debug_frame   0x00000000000008c4       0x3c ./User/USBLIB/CONFIG/usb_istr.o
 .debug_frame   0x0000000000000900      0x170 ./User/USBLIB/CONFIG/usb_prop.o
 .debug_frame   0x0000000000000a70       0x88 ./User/USBLIB/CONFIG/usb_pwr.o
 .debug_frame   0x0000000000000af8      0x160 ./User/UART/UART.o
 .debug_frame   0x0000000000000c58       0x28 ./User/Main.o
 .debug_frame   0x0000000000000c80       0x40 ./User/ch32v20x_it.o
 .debug_frame   0x0000000000000cc0       0x30 ./User/system_ch32v20x.o
 .debug_frame   0x0000000000000cf0       0x70 ./Peripheral/src/ch32v20x_dbgmcu.o
 .debug_frame   0x0000000000000d60       0xcc ./Peripheral/src/ch32v20x_dma.o
 .debug_frame   0x0000000000000e2c       0x90 ./Peripheral/src/ch32v20x_exti.o
 .debug_frame   0x0000000000000ebc      0x170 ./Peripheral/src/ch32v20x_gpio.o
 .debug_frame   0x000000000000102c       0x30 ./Peripheral/src/ch32v20x_misc.o
 .debug_frame   0x000000000000105c      0x254 ./Peripheral/src/ch32v20x_rcc.o
 .debug_frame   0x00000000000012b0      0x614 ./Peripheral/src/ch32v20x_tim.o
 .debug_frame   0x00000000000018c4      0x1e4 ./Peripheral/src/ch32v20x_usart.o
 .debug_frame   0x0000000000001aa8       0xb8 ./Debug/debug.o
 .debug_frame   0x0000000000001b60       0x54 f:/mounriver_studio_ii/mounriver_studio2/resources/app/resources/win32/components/wch/toolchain/risc-v embedded gcc/bin/../lib/gcc/riscv-none-embed/8.2.0/../../../../riscv-none-embed/lib/rv32imacxw/ilp32\libg_nano.a(lib_a-printf.o)
 .debug_frame   0x0000000000001bb4       0x54 f:/mounriver_studio_ii/mounriver_studio2/resources/app/resources/win32/components/wch/toolchain/risc-v embedded gcc/bin/../lib/gcc/riscv-none-embed/8.2.0/../../../../riscv-none-embed/lib/rv32imacxw/ilp32\libg_nano.a(lib_a-puts.o)
 .debug_frame   0x0000000000001c08       0x50 f:/mounriver_studio_ii/mounriver_studio2/resources/app/resources/win32/components/wch/toolchain/risc-v embedded gcc/bin/../lib/gcc/riscv-none-embed/8.2.0/../../../../riscv-none-embed/lib/rv32imacxw/ilp32\libg_nano.a(lib_a-wbuf.o)
 .debug_frame   0x0000000000001c58       0x3c f:/mounriver_studio_ii/mounriver_studio2/resources/app/resources/win32/components/wch/toolchain/risc-v embedded gcc/bin/../lib/gcc/riscv-none-embed/8.2.0/../../../../riscv-none-embed/lib/rv32imacxw/ilp32\libg_nano.a(lib_a-wsetup.o)
 .debug_frame   0x0000000000001c94       0x7c f:/mounriver_studio_ii/mounriver_studio2/resources/app/resources/win32/components/wch/toolchain/risc-v embedded gcc/bin/../lib/gcc/riscv-none-embed/8.2.0/../../../../riscv-none-embed/lib/rv32imacxw/ilp32\libg_nano.a(lib_a-fflush.o)
 .debug_frame   0x0000000000001d10      0x148 f:/mounriver_studio_ii/mounriver_studio2/resources/app/resources/win32/components/wch/toolchain/risc-v embedded gcc/bin/../lib/gcc/riscv-none-embed/8.2.0/../../../../riscv-none-embed/lib/rv32imacxw/ilp32\libg_nano.a(lib_a-findfp.o)
 .debug_frame   0x0000000000001e58       0x88 f:/mounriver_studio_ii/mounriver_studio2/resources/app/resources/win32/components/wch/toolchain/risc-v embedded gcc/bin/../lib/gcc/riscv-none-embed/8.2.0/../../../../riscv-none-embed/lib/rv32imacxw/ilp32\libg_nano.a(lib_a-fwalk.o)
 .debug_frame   0x0000000000001ee0       0x64 f:/mounriver_studio_ii/mounriver_studio2/resources/app/resources/win32/components/wch/toolchain/risc-v embedded gcc/bin/../lib/gcc/riscv-none-embed/8.2.0/../../../../riscv-none-embed/lib/rv32imacxw/ilp32\libg_nano.a(lib_a-makebuf.o)
 .debug_frame   0x0000000000001f44       0x40 f:/mounriver_studio_ii/mounriver_studio2/resources/app/resources/win32/components/wch/toolchain/risc-v embedded gcc/bin/../lib/gcc/riscv-none-embed/8.2.0/../../../../riscv-none-embed/lib/rv32imacxw/ilp32\libg_nano.a(lib_a-nano-freer.o)
 .debug_frame   0x0000000000001f84       0x40 f:/mounriver_studio_ii/mounriver_studio2/resources/app/resources/win32/components/wch/toolchain/risc-v embedded gcc/bin/../lib/gcc/riscv-none-embed/8.2.0/../../../../riscv-none-embed/lib/rv32imacxw/ilp32\libg_nano.a(lib_a-nano-mallocr.o)
 .debug_frame   0x0000000000001fc4       0xd0 f:/mounriver_studio_ii/mounriver_studio2/resources/app/resources/win32/components/wch/toolchain/risc-v embedded gcc/bin/../lib/gcc/riscv-none-embed/8.2.0/../../../../riscv-none-embed/lib/rv32imacxw/ilp32\libg_nano.a(lib_a-nano-vfprintf.o)
 .debug_frame   0x0000000000002094       0x8c f:/mounriver_studio_ii/mounriver_studio2/resources/app/resources/win32/components/wch/toolchain/risc-v embedded gcc/bin/../lib/gcc/riscv-none-embed/8.2.0/../../../../riscv-none-embed/lib/rv32imacxw/ilp32\libg_nano.a(lib_a-nano-vfprintf_i.o)
 .debug_frame   0x0000000000002120       0x30 f:/mounriver_studio_ii/mounriver_studio2/resources/app/resources/win32/components/wch/toolchain/risc-v embedded gcc/bin/../lib/gcc/riscv-none-embed/8.2.0/../../../../riscv-none-embed/lib/rv32imacxw/ilp32\libg_nano.a(lib_a-sbrkr.o)
 .debug_frame   0x0000000000002150       0xa4 f:/mounriver_studio_ii/mounriver_studio2/resources/app/resources/win32/components/wch/toolchain/risc-v embedded gcc/bin/../lib/gcc/riscv-none-embed/8.2.0/../../../../riscv-none-embed/lib/rv32imacxw/ilp32\libg_nano.a(lib_a-stdio.o)
 .debug_frame   0x00000000000021f4       0x30 f:/mounriver_studio_ii/mounriver_studio2/resources/app/resources/win32/components/wch/toolchain/risc-v embedded gcc/bin/../lib/gcc/riscv-none-embed/8.2.0/../../../../riscv-none-embed/lib/rv32imacxw/ilp32\libg_nano.a(lib_a-writer.o)
 .debug_frame   0x0000000000002224       0x30 f:/mounriver_studio_ii/mounriver_studio2/resources/app/resources/win32/components/wch/toolchain/risc-v embedded gcc/bin/../lib/gcc/riscv-none-embed/8.2.0/../../../../riscv-none-embed/lib/rv32imacxw/ilp32\libg_nano.a(lib_a-closer.o)
 .debug_frame   0x0000000000002254       0x30 f:/mounriver_studio_ii/mounriver_studio2/resources/app/resources/win32/components/wch/toolchain/risc-v embedded gcc/bin/../lib/gcc/riscv-none-embed/8.2.0/../../../../riscv-none-embed/lib/rv32imacxw/ilp32\libg_nano.a(lib_a-fstatr.o)
 .debug_frame   0x0000000000002284       0x30 f:/mounriver_studio_ii/mounriver_studio2/resources/app/resources/win32/components/wch/toolchain/risc-v embedded gcc/bin/../lib/gcc/riscv-none-embed/8.2.0/../../../../riscv-none-embed/lib/rv32imacxw/ilp32\libg_nano.a(lib_a-isattyr.o)
 .debug_frame   0x00000000000022b4       0x30 f:/mounriver_studio_ii/mounriver_studio2/resources/app/resources/win32/components/wch/toolchain/risc-v embedded gcc/bin/../lib/gcc/riscv-none-embed/8.2.0/../../../../riscv-none-embed/lib/rv32imacxw/ilp32\libg_nano.a(lib_a-lseekr.o)
 .debug_frame   0x00000000000022e4       0x20 f:/mounriver_studio_ii/mounriver_studio2/resources/app/resources/win32/components/wch/toolchain/risc-v embedded gcc/bin/../lib/gcc/riscv-none-embed/8.2.0/../../../../riscv-none-embed/lib/rv32imacxw/ilp32\libg_nano.a(lib_a-memchr.o)
 .debug_frame   0x0000000000002304       0x30 f:/mounriver_studio_ii/mounriver_studio2/resources/app/resources/win32/components/wch/toolchain/risc-v embedded gcc/bin/../lib/gcc/riscv-none-embed/8.2.0/../../../../riscv-none-embed/lib/rv32imacxw/ilp32\libg_nano.a(lib_a-mlock.o)
 .debug_frame   0x0000000000002334       0x30 f:/mounriver_studio_ii/mounriver_studio2/resources/app/resources/win32/components/wch/toolchain/risc-v embedded gcc/bin/../lib/gcc/riscv-none-embed/8.2.0/../../../../riscv-none-embed/lib/rv32imacxw/ilp32\libg_nano.a(lib_a-readr.o)
 .debug_frame   0x0000000000002364       0x70 f:/mounriver_studio_ii/mounriver_studio2/resources/app/resources/win32/components/wch/toolchain/risc-v embedded gcc/bin/../lib/gcc/riscv-none-embed/8.2.0/../../../../riscv-none-embed/lib/rv32imacxw/ilp32\libg_nano.a(lib_a-reent.o)
 .debug_frame   0x00000000000023d4       0x20 f:/mounriver_studio_ii/mounriver_studio2/resources/app/resources/win32/components/wch/toolchain/risc-v embedded gcc/bin/../lib/gcc/riscv-none-embed/8.2.0/../../../../riscv-none-embed/lib/rv32imacxw/ilp32\libnosys.a(close.o)
 .debug_frame   0x00000000000023f4       0x20 f:/mounriver_studio_ii/mounriver_studio2/resources/app/resources/win32/components/wch/toolchain/risc-v embedded gcc/bin/../lib/gcc/riscv-none-embed/8.2.0/../../../../riscv-none-embed/lib/rv32imacxw/ilp32\libnosys.a(fstat.o)
 .debug_frame   0x0000000000002414       0x20 f:/mounriver_studio_ii/mounriver_studio2/resources/app/resources/win32/components/wch/toolchain/risc-v embedded gcc/bin/../lib/gcc/riscv-none-embed/8.2.0/../../../../riscv-none-embed/lib/rv32imacxw/ilp32\libnosys.a(isatty.o)
 .debug_frame   0x0000000000002434       0x20 f:/mounriver_studio_ii/mounriver_studio2/resources/app/resources/win32/components/wch/toolchain/risc-v embedded gcc/bin/../lib/gcc/riscv-none-embed/8.2.0/../../../../riscv-none-embed/lib/rv32imacxw/ilp32\libnosys.a(lseek.o)
 .debug_frame   0x0000000000002454       0x20 f:/mounriver_studio_ii/mounriver_studio2/resources/app/resources/win32/components/wch/toolchain/risc-v embedded gcc/bin/../lib/gcc/riscv-none-embed/8.2.0/../../../../riscv-none-embed/lib/rv32imacxw/ilp32\libnosys.a(read.o)

.stab           0x0000000000000000       0x84
 .stab          0x0000000000000000       0x24 f:/mounriver_studio_ii/mounriver_studio2/resources/app/resources/win32/components/wch/toolchain/risc-v embedded gcc/bin/../lib/gcc/riscv-none-embed/8.2.0/../../../../riscv-none-embed/lib/rv32imacxw/ilp32\libnosys.a(close.o)
 .stab          0x0000000000000024       0x18 f:/mounriver_studio_ii/mounriver_studio2/resources/app/resources/win32/components/wch/toolchain/risc-v embedded gcc/bin/../lib/gcc/riscv-none-embed/8.2.0/../../../../riscv-none-embed/lib/rv32imacxw/ilp32\libnosys.a(fstat.o)
                                         0x24 (size before relaxing)
 .stab          0x000000000000003c       0x18 f:/mounriver_studio_ii/mounriver_studio2/resources/app/resources/win32/components/wch/toolchain/risc-v embedded gcc/bin/../lib/gcc/riscv-none-embed/8.2.0/../../../../riscv-none-embed/lib/rv32imacxw/ilp32\libnosys.a(isatty.o)
                                         0x24 (size before relaxing)
 .stab          0x0000000000000054       0x18 f:/mounriver_studio_ii/mounriver_studio2/resources/app/resources/win32/components/wch/toolchain/risc-v embedded gcc/bin/../lib/gcc/riscv-none-embed/8.2.0/../../../../riscv-none-embed/lib/rv32imacxw/ilp32\libnosys.a(lseek.o)
                                         0x24 (size before relaxing)
 .stab          0x000000000000006c       0x18 f:/mounriver_studio_ii/mounriver_studio2/resources/app/resources/win32/components/wch/toolchain/risc-v embedded gcc/bin/../lib/gcc/riscv-none-embed/8.2.0/../../../../riscv-none-embed/lib/rv32imacxw/ilp32\libnosys.a(read.o)
                                         0x24 (size before relaxing)

.stabstr        0x0000000000000000      0x117
 .stabstr       0x0000000000000000      0x117 f:/mounriver_studio_ii/mounriver_studio2/resources/app/resources/win32/components/wch/toolchain/risc-v embedded gcc/bin/../lib/gcc/riscv-none-embed/8.2.0/../../../../riscv-none-embed/lib/rv32imacxw/ilp32\libnosys.a(close.o)