Archive member included to satisfy reference by file (symbol)

f:/mounriver_studio_ii/mounriver_studio2/resources/app/resources/win32/components/wch/toolchain/risc-v embedded gcc/bin/../lib/gcc/riscv-none-embed/8.2.0/rv32imacxw/ilp32\libgcc.a(_divdi3.o)
                              ./Peripheral/src/ch32v20x_usart.o (__divdi3)
f:/mounriver_studio_ii/mounriver_studio2/resources/app/resources/win32/components/wch/toolchain/risc-v embedded gcc/bin/../lib/gcc/riscv-none-embed/8.2.0/rv32imacxw/ilp32\libgcc.a(_udivdi3.o)
                              ./Peripheral/src/ch32v20x_usart.o (__udivdi3)
f:/mounriver_studio_ii/mounriver_studio2/resources/app/resources/win32/components/wch/toolchain/risc-v embedded gcc/bin/../lib/gcc/riscv-none-embed/8.2.0/rv32imacxw/ilp32\libgcc.a(save-restore.o)
                              ./User/USBLIB/USB-Driver/src/usb_int.o (__riscv_save_8)
f:/mounriver_studio_ii/mounriver_studio2/resources/app/resources/win32/components/wch/toolchain/risc-v embedded gcc/bin/../lib/gcc/riscv-none-embed/8.2.0/rv32imacxw/ilp32\libgcc.a(_clz.o)
                              f:/mounriver_studio_ii/mounriver_studio2/resources/app/resources/win32/components/wch/toolchain/risc-v embedded gcc/bin/../lib/gcc/riscv-none-embed/8.2.0/rv32imacxw/ilp32\libgcc.a(_divdi3.o) (__clz_tab)
f:/mounriver_studio_ii/mounriver_studio2/resources/app/resources/win32/components/wch/toolchain/risc-v embedded gcc/bin/../lib/gcc/riscv-none-embed/8.2.0/../../../../riscv-none-embed/lib/rv32imacxw/ilp32\libg_nano.a(lib_a-memset.o)
                              ./User/UART/UART.o (memset)
f:/mounriver_studio_ii/mounriver_studio2/resources/app/resources/win32/components/wch/toolchain/risc-v embedded gcc/bin/../lib/gcc/riscv-none-embed/8.2.0/../../../../riscv-none-embed/lib/rv32imacxw/ilp32\libg_nano.a(lib_a-printf.o)
                              ./User/UART/UART.o (printf)
f:/mounriver_studio_ii/mounriver_studio2/resources/app/resources/win32/components/wch/toolchain/risc-v embedded gcc/bin/../lib/gcc/riscv-none-embed/8.2.0/../../../../riscv-none-embed/lib/rv32imacxw/ilp32\libg_nano.a(lib_a-puts.o)
                              ./User/USBLIB/CONFIG/hw_config.o (puts)
f:/mounriver_studio_ii/mounriver_studio2/resources/app/resources/win32/components/wch/toolchain/risc-v embedded gcc/bin/../lib/gcc/riscv-none-embed/8.2.0/../../../../riscv-none-embed/lib/rv32imacxw/ilp32\libg_nano.a(lib_a-wbuf.o)
                              f:/mounriver_studio_ii/mounriver_studio2/resources/app/resources/win32/components/wch/toolchain/risc-v embedded gcc/bin/../lib/gcc/riscv-none-embed/8.2.0/../../../../riscv-none-embed/lib/rv32imacxw/ilp32\libg_nano.a(lib_a-puts.o) (__swbuf_r)
f:/mounriver_studio_ii/mounriver_studio2/resources/app/resources/win32/components/wch/toolchain/risc-v embedded gcc/bin/../lib/gcc/riscv-none-embed/8.2.0/../../../../riscv-none-embed/lib/rv32imacxw/ilp32\libg_nano.a(lib_a-wsetup.o)
                              f:/mounriver_studio_ii/mounriver_studio2/resources/app/resources/win32/components/wch/toolchain/risc-v embedded gcc/bin/../lib/gcc/riscv-none-embed/8.2.0/../../../../riscv-none-embed/lib/rv32imacxw/ilp32\libg_nano.a(lib_a-puts.o) (__swsetup_r)
f:/mounriver_studio_ii/mounriver_studio2/resources/app/resources/win32/components/wch/toolchain/risc-v embedded gcc/bin/../lib/gcc/riscv-none-embed/8.2.0/../../../../riscv-none-embed/lib/rv32imacxw/ilp32\libg_nano.a(lib_a-fflush.o)
                              f:/mounriver_studio_ii/mounriver_studio2/resources/app/resources/win32/components/wch/toolchain/risc-v embedded gcc/bin/../lib/gcc/riscv-none-embed/8.2.0/../../../../riscv-none-embed/lib/rv32imacxw/ilp32\libg_nano.a(lib_a-wbuf.o) (_fflush_r)
f:/mounriver_studio_ii/mounriver_studio2/resources/app/resources/win32/components/wch/toolchain/risc-v embedded gcc/bin/../lib/gcc/riscv-none-embed/8.2.0/../../../../riscv-none-embed/lib/rv32imacxw/ilp32\libg_nano.a(lib_a-findfp.o)
                              f:/mounriver_studio_ii/mounriver_studio2/resources/app/resources/win32/components/wch/toolchain/risc-v embedded gcc/bin/../lib/gcc/riscv-none-embed/8.2.0/../../../../riscv-none-embed/lib/rv32imacxw/ilp32\libg_nano.a(lib_a-printf.o) (__sinit)
f:/mounriver_studio_ii/mounriver_studio2/resources/app/resources/win32/components/wch/toolchain/risc-v embedded gcc/bin/../lib/gcc/riscv-none-embed/8.2.0/../../../../riscv-none-embed/lib/rv32imacxw/ilp32\libg_nano.a(lib_a-fwalk.o)
                              f:/mounriver_studio_ii/mounriver_studio2/resources/app/resources/win32/components/wch/toolchain/risc-v embedded gcc/bin/../lib/gcc/riscv-none-embed/8.2.0/../../../../riscv-none-embed/lib/rv32imacxw/ilp32\libg_nano.a(lib_a-findfp.o) (_fwalk)
f:/mounriver_studio_ii/mounriver_studio2/resources/app/resources/win32/components/wch/toolchain/risc-v embedded gcc/bin/../lib/gcc/riscv-none-embed/8.2.0/../../../../riscv-none-embed/lib/rv32imacxw/ilp32\libg_nano.a(lib_a-impure.o)
[...]
Memory Configuration

Name             Origin             Length             Attributes
FLASH            0x0000000000000000 0x0000000000006000 xr
RAM              0x0000000020000000 0x0000000000005000 xrw
*default*        0x0000000000000000 0xffffffffffffffff

Linker script and memory map

LOAD ./User/USBLIB/USB-Driver/src/usb_core.o
LOAD ./User/USBLIB/USB-Driver/src/usb_init.o
LOAD ./User/USBLIB/USB-Driver/src/usb_int.o
LOAD ./User/USBLIB/USB-Driver/src/usb_mem.o
LOAD ./User/USBLIB/USB-Driver/src/usb_regs.o
LOAD ./User/USBLIB/USB-Driver/src/usb_sil.o
LOAD ./User/USBLIB/CONFIG/hw_config.o
LOAD ./User/USBLIB/CONFIG/usb_desc.o
LOAD ./User/USBLIB/CONFIG/usb_endp.o
LOAD ./User/USBLIB/CONFIG/usb_istr.o
LOAD ./User/USBLIB/CONFIG/usb_prop.o
LOAD ./User/USBLIB/CONFIG/usb_pwr.o
LOAD ./User/UART/OTA.o
LOAD ./User/UART/UART.o
LOAD ./User/Main.o
LOAD ./User/ch32v20x_it.o
LOAD ./User/system_ch32v20x.o
LOAD ./Startup/startup_ch32v20x_D6.o
LOAD ./Peripheral/src/ch32v20x_adc.o
LOAD ./Peripheral/src/ch32v20x_bkp.o
LOAD ./Peripheral/src/ch32v20x_can.o
LOAD ./Peripheral/src/ch32v20x_crc.o
LOAD ./Peripheral/src/ch32v20x_dbgmcu.o
LOAD ./Peripheral/src/ch32v20x_dma.o
LOAD ./Peripheral/src/ch32v20x_exti.o
LOAD ./Peripheral/src/ch32v20x_flash.o
LOAD ./Peripheral/src/ch32v20x_gpio.o
LOAD ./Peripheral/src/ch32v20x_i2c.o
LOAD ./Peripheral/src/ch32v20x_iwdg.o
LOAD ./Peripheral/src/ch32v20x_misc.o
LOAD ./Peripheral/src/ch32v20x_opa.o
LOAD ./Peripheral/src/ch32v20x_pwr.o
LOAD ./Peripheral/src/ch32v20x_rcc.o
LOAD ./Peripheral/src/ch32v20x_rtc.o
LOAD ./Peripheral/src/ch32v20x_spi.o
LOAD ./Peripheral/src/ch32v20x_tim.o
LOAD ./Peripheral/src/ch32v20x_usart.o
LOAD ./Peripheral/src/ch32v20x_wwdg.o
LOAD ./Debug/debug.o
LOAD ./Core/core_riscv.o
LOAD f:/mounriver_studio_ii/mounriver_studio2/resources/app/resources/win32/components/wch/toolchain/risc-v embedded gcc/bin/../lib/gcc/riscv-none-embed/8.2.0/../../../../riscv-none-embed/lib/rv32imacxw/ilp32\libm.a
LOAD f:/mounriver_studio_ii/mounriver_studio2/resources/app/resources/win32/components/wch/toolchain/risc-v embedded gcc/bin/../lib/gcc/riscv-none-embed/8.2.0/rv32imacxw/ilp32\libgcc.a
LOAD f:/mounriver_studio_ii/mounriver_studio2/resources/app/resources/win32/components/wch/toolchain/risc-v embedded gcc/bin/../lib/gcc/riscv-none-embed/8.2.0/../../../../riscv-none-embed/lib/rv32imacxw/ilp32\libg_nano.a
LOAD f:/mounriver_studio_ii/mounriver_studio2/resources/app/resources/win32/components/wch/toolchain/risc-v embedded gcc/bin/../lib/gcc/riscv-none-embed/8.2.0/../../../../riscv-none-embed/lib/rv32imacxw/ilp32\libc_nano.a
LOAD f:/mounriver_studio_ii/mounriver_studio2/resources/app/resources/win32/components/wch/toolchain/risc-v embedded gcc/bin/../lib/gcc/riscv-none-embed/8.2.0/rv32imacxw/ilp32\libgcc.a
START GROUP
LOAD f:/mounriver_studio_ii/mounriver_studio2/resources/app/resources/win32/components/wch/toolchain/risc-v embedded gcc/bin/../lib/gcc/riscv-none-embed/8.2.0/rv32imacxw/ilp32\libgcc.a
LOAD f:/mounriver_studio_ii/mounriver_studio2/resources/app/resources/win32/components/wch/toolchain/risc-v embedded gcc/bin/../lib/gcc/riscv-none-embed/8.2.0/../../../../riscv-none-embed/lib/rv32imacxw/ilp32\libc_nano.a
LOAD f:/mounriver_studio_ii/mounriver_studio2/resources/app/resources/win32/components/wch/toolchain/risc-v embedded gcc/bin/../lib/gcc/riscv-none-embed/8.2.0/../../../../riscv-none-embed/lib/rv32imacxw/ilp32\libnosys.a
END GROUP
START GROUP
LOAD f:/mounriver_studio_ii/mounriver_studio2/resources/app/resources/win32/components/wch/toolchain/risc-v embedded gcc/bin/../lib/gcc/riscv-none-embed/8.2.0/rv32imacxw/ilp32\libgcc.a
LOAD f:/mounriver_studio_ii/mounriver_studio2/resources/app/resources/win32/components/wch/toolchain/risc-v embedded gcc/bin/../lib/gcc/riscv-none-embed/8.2.0/../../../../riscv-none-embed/lib/rv32imacxw/ilp32\libc_nano.a
LOAD f:/mounriver_studio_ii/mounriver_studio2/resources/app/resources/win32/components/wch/toolchain/risc-v embedded gcc/bin/../lib/gcc/riscv-none-embed/8.2.0/../../../../riscv-none-embed/lib/rv32imacxw/ilp32\libnosys.a
END GROUP
                0x0000000000000800                __stack_size = 0x800
                [!provide]                        PROVIDE (_stack_size = __stack_size)

.init           0x0000000000000000        0x4
                0x0000000000000000                _sinit = .
                0x0000000000000000                . = ALIGN (0x4)
 *(SORT_NONE(.init))
 .init          0x0000000000000000        0x4 ./Startup/startup_ch32v20x_D6.o
                0x0000000000000000                _start
                0x0000000000000004                . = ALIGN (0x4)
                0x0000000000000004                _einit = .

.vector         0x0000000000000004       0xfc
 *(.vector)
 .vector        0x0000000000000004       0xfc ./Startup/startup_ch32v20x_D6.o
                0x0000000000000100                . = ALIGN (0x40)

.text           0x0000000000000100     0x4608
                0x0000000000000100                . = ALIGN (0x4)
 *(.text)
 .text          0x0000000000000100       0x60 f:/mounriver_studio_ii/mounriver_studio2/resources/app/resources/win32/components/wch/toolchain/risc-v embedded gcc/bin/../lib/gcc/riscv-none-embed/8.2.0/rv32imacxw/ilp32\libgcc.a(save-restore.o)
                0x0000000000000100                __riscv_save_12
                0x0000000000000108                __riscv_save_9
                0x0000000000000108                __riscv_save_11
                0x0000000000000108                __riscv_save_10
                0x0000000000000108                __riscv_save_8
                0x0000000000000116                __riscv_save_4
                0x0000000000000116                __riscv_save_6
                0x0000000000000116                __riscv_save_5
                0x0000000000000116                __riscv_save_7
                0x0000000000000130                __riscv_save_3
                0x0000000000000130                __riscv_save_2
                0x0000000000000130                __riscv_save_1
                0x0000000000000130                __riscv_save_0
                0x000000000000013c                __riscv_restore_12
                0x0000000000000140                __riscv_restore_11
                0x0000000000000140                __riscv_restore_9
                0x0000000000000140                __riscv_restore_10
                0x0000000000000140                __riscv_restore_8
                0x000000000000014a                __riscv_restore_5
                0x000000000000014a                __riscv_restore_7
                0x000000000000014a                __riscv_restore_6
                0x000000000000014a                __riscv_restore_4
                0x0000000000000154                __riscv_restore_3
                0x0000000000000154                __riscv_restore_0
                0x0000000000000154                __riscv_restore_2
                0x0000000000000154                __riscv_restore_1
 .text          0x0000000000000160       0xa8 f:/mounriver_studio_ii/mounriver_studio2/resources/app/resources/win32/components/wch/toolchain/risc-v embedded gcc/bin/../lib/gcc/riscv-none-embed/8.2.0/../../../../riscv-none-embed/lib/rv32imacxw/ilp32\libg_nano.a(lib_a-memset.o)
                0x0000000000000160                memset
 *(.text.*)
 .text.Standard_GetConfiguration
                0x0000000000000208       0x20 ./User/USBLIB/USB-Driver/src/usb_core.o
                0x0000000000000208                Standard_GetConfiguration
 .text.Standard_GetInterface
                0x0000000000000228       0x20 ./User/USBLIB/USB-Driver/src/usb_core.o
                0x0000000000000228                Standard_GetInterface
 .text.Standard_GetStatus
                0x0000000000000248       0x8e ./User/USBLIB/USB-Driver/src/usb_core.o
                0x0000000000000248                Standard_GetStatus
 .text.DataStageIn
                0x00000000000002d6       0xae ./User/USBLIB/USB-Driver/src/usb_core.o
 .text.Standard_SetConfiguration
                0x0000000000000384       0x2c ./User/USBLIB/USB-Driver/src/usb_core.o
                0x0000000000000384                Standard_SetConfiguration
 .text.Standard_SetInterface
                0x00000000000003b0       0x48 ./User/USBLIB/USB-Driver/src/usb_core.o
                0x00000000000003b0                Standard_SetInterface
 .text.Standard_ClearFeature
                0x00000000000003f8      0x11a ./User/USBLIB/USB-Driver/src/usb_core.o
                0x00000000000003f8                Standard_ClearFeature
 .text.Standard_SetEndPointFeature
                0x0000000000000512       0xba ./User/USBLIB/USB-Driver/src/usb_core.o
                0x0000000000000512                Standard_SetEndPointFeature
 .text.Standard_SetDeviceFeature
                0x00000000000005cc       0x1c ./User/USBLIB/USB-Driver/src/usb_core.o
                0x00000000000005cc                Standard_SetDeviceFeature
 .text.Standard_GetDescriptorData
                0x00000000000005e8       0x18 ./User/USBLIB/USB-Driver/src/usb_core.o
                0x00000000000005e8                Standard_GetDescriptorData
 .text.Post0_Process
                0x0000000000000600       0x32 ./User/USBLIB/USB-Driver/src/usb_core.o
                0x0000000000000600                Post0_Process
 .text.Setup0_Process
                0x0000000000000632      0x2f0 ./User/USBLIB/USB-Driver/src/usb_core.o
                0x0000000000000632                Setup0_Process
 .text.Out0_Process
                0x0000000000000922       0xca ./User/USBLIB/USB-Driver/src/usb_core.o
                0x0000000000000922                Out0_Process
 .text.SetDeviceAddress
                0x00000000000009ec       0x4a ./User/USBLIB/USB-Driver/src/usb_core.o
                0x00000000000009ec                SetDeviceAddress
 .text.In0_Process
                0x0000000000000a36       0x5a ./User/USBLIB/USB-Driver/src/usb_core.o
                0x0000000000000a36                In0_Process
 .text.NOP_Process
                0x0000000000000a90        0x2 ./User/USBLIB/USB-Driver/src/usb_core.o
                0x0000000000000a90                NOP_Process
 .text.USB_Init
                0x0000000000000a92       0x32 ./User/USBLIB/USB-Driver/src/usb_init.o
                0x0000000000000a92                USB_Init
 .text.CTR_LP   0x0000000000000ac4      0x3b8 ./User/USBLIB/USB-Driver/src/usb_int.o
                0x0000000000000ac4                CTR_LP
 .text.UserToPMABufferCopy
                0x0000000000000e7c       0x24 ./User/USBLIB/USB-Driver/src/usb_mem.o
                0x0000000000000e7c                UserToPMABufferCopy
 .text.PMAToUserBufferCopy
                0x0000000000000ea0       0x1e ./User/USBLIB/USB-Driver/src/usb_mem.o
                0x0000000000000ea0                PMAToUserBufferCopy
 .text.SetBTABLE
                0x0000000000000ebe       0x10 ./User/USBLIB/USB-Driver/src/usb_regs.o
                0x0000000000000ebe                SetBTABLE
 .text.SetEPType
                0x0000000000000ece       0x20 ./User/USBLIB/USB-Driver/src/usb_regs.o
                0x0000000000000ece                SetEPType
 .text.SetEPTxStatus
                0x0000000000000eee       0x48 ./User/USBLIB/USB-Driver/src/usb_regs.o
                0x0000000000000eee                SetEPTxStatus
 .text.SetEPRxStatus
                0x0000000000000f36       0x56 ./User/USBLIB/USB-Driver/src/usb_regs.o
                0x0000000000000f36                SetEPRxStatus
 .text.SetEPRxValid
                0x0000000000000f8c       0x42 ./User/USBLIB/USB-Driver/src/usb_regs.o
                0x0000000000000f8c                SetEPRxValid
 .text.ClearEP_KIND
                0x0000000000000fce       0x26 ./User/USBLIB/USB-Driver/src/usb_regs.o
                0x0000000000000fce                ClearEP_KIND
 .text.Clear_Status_Out
                0x0000000000000ff4        0xa ./User/USBLIB/USB-Driver/src/usb_regs.o
                0x0000000000000ff4                Clear_Status_Out
 .text.ClearDTOG_RX
                0x0000000000000ffe       0x34 ./User/USBLIB/USB-Driver/src/usb_regs.o
                0x0000000000000ffe                ClearDTOG_RX
 .text.ClearDTOG_TX
                0x0000000000001032       0x30 ./User/USBLIB/USB-Driver/src/usb_regs.o
                0x0000000000001032                ClearDTOG_TX
 .text.SetEPTxAddr
                0x0000000000001062       0x20 ./User/USBLIB/USB-Driver/src/usb_regs.o
                0x0000000000001062                SetEPTxAddr
 .text.SetEPRxAddr
                0x0000000000001082       0x22 ./User/USBLIB/USB-Driver/src/usb_regs.o
                0x0000000000001082                SetEPRxAddr
 .text.GetEPTxAddr
                0x00000000000010a4       0x1c ./User/USBLIB/USB-Driver/src/usb_regs.o
                0x00000000000010a4                GetEPTxAddr
 .text.GetEPRxAddr
                0x00000000000010c0       0x1e ./User/USBLIB/USB-Driver/src/usb_regs.o
                0x00000000000010c0                GetEPRxAddr
 .text.SetEPTxCount
                0x00000000000010de       0x1e ./User/USBLIB/USB-Driver/src/usb_regs.o
                0x00000000000010de                SetEPTxCount
 .text.SetEPRxCount
                0x00000000000010fc       0x82 ./User/USBLIB/USB-Driver/src/usb_regs.o
                0x00000000000010fc                SetEPRxCount
 .text.GetEPRxCount
                0x000000000000117e       0x22 ./User/USBLIB/USB-Driver/src/usb_regs.o
                0x000000000000117e                GetEPRxCount
 .text.ByteSwap
                0x00000000000011a0        0xe ./User/USBLIB/USB-Driver/src/usb_regs.o
                0x00000000000011a0                ByteSwap
 .text.USB_SIL_Init
                0x00000000000011ae       0x20 ./User/USBLIB/USB-Driver/src/usb_sil.o
                0x00000000000011ae                USB_SIL_Init
 .text.USB_SIL_Write
                0x00000000000011ce       0x28 ./User/USBLIB/USB-Driver/src/usb_sil.o
                0x00000000000011ce                USB_SIL_Write
 .text.USBWakeUp_IRQHandler
                0x00000000000011f6        0xc ./User/USBLIB/CONFIG/hw_config.o
                0x00000000000011f6                USBWakeUp_IRQHandler
 .text.USB_LP_CAN1_RX0_IRQHandler
                0x0000000000001202        0x6 ./User/USBLIB/CONFIG/hw_config.o
                0x0000000000001202                USB_LP_CAN1_RX0_IRQHandler
 .text.Set_USBConfig
                0x0000000000001208       0x56 ./User/USBLIB/CONFIG/hw_config.o
                0x0000000000001208                Set_USBConfig
 .text.Enter_LowPowerMode
                0x000000000000125e       0x1a ./User/USBLIB/CONFIG/hw_config.o
                0x000000000000125e                Enter_LowPowerMode
 .text.Leave_LowPowerMode
                0x0000000000001278       0x24 ./User/USBLIB/CONFIG/hw_config.o
                0x0000000000001278                Leave_LowPowerMode
 .text.USB_Interrupts_Config
                0x000000000000129c       0x48 ./User/USBLIB/CONFIG/hw_config.o
                0x000000000000129c                USB_Interrupts_Config
 .text.USB_Port_Set
                0x00000000000012e4       0xb2 ./User/USBLIB/CONFIG/hw_config.o
                0x00000000000012e4                USB_Port_Set
 .text.EP1_IN_Callback
                0x0000000000001396        0x2 ./User/USBLIB/CONFIG/usb_endp.o
                0x0000000000001396                EP1_IN_Callback
 .text.EP2_OUT_Callback
                0x0000000000001398       0xc4 ./User/USBLIB/CONFIG/usb_endp.o
                0x0000000000001398                EP2_OUT_Callback
 .text.EP3_IN_Callback
                0x000000000000145c        0xe ./User/USBLIB/CONFIG/usb_endp.o
                0x000000000000145c                EP3_IN_Callback
 .text.USBD_ENDPx_DataUp
                0x000000000000146a       0x30 ./User/USBLIB/CONFIG/usb_endp.o
                0x000000000000146a                USBD_ENDPx_DataUp
 .text.USB_Istr
                0x000000000000149a      0x208 ./User/USBLIB/CONFIG/usb_istr.o
                0x000000000000149a                USB_Istr
 .text.USBD_SetConfiguration
                0x00000000000016a2        0xe ./User/USBLIB/CONFIG/usb_prop.o
                0x00000000000016a2                USBD_SetConfiguration
 .text.USBD_SetDeviceAddress
                0x00000000000016b0        0x8 ./User/USBLIB/CONFIG/usb_prop.o
                0x00000000000016b0                USBD_SetDeviceAddress
 .text.USBD_SetDeviceFeature
                0x00000000000016b8        0x2 ./User/USBLIB/CONFIG/usb_prop.o
                0x00000000000016b8                USBD_SetDeviceFeature
 .text.USBD_Get_Interface_Setting
                0x00000000000016ba       0x10 ./User/USBLIB/CONFIG/usb_prop.o
                0x00000000000016ba                USBD_Get_Interface_Setting
 .text.USB_CDC_GetLineCoding
                0x00000000000016ca       0x12 ./User/USBLIB/CONFIG/usb_prop.o
                0x00000000000016ca                USB_CDC_GetLineCoding
 .text.USB_CDC_SetLineCoding
                0x00000000000016dc        0xa ./User/USBLIB/CONFIG/usb_prop.o
                0x00000000000016dc                USB_CDC_SetLineCoding
 .text.USBD_Data_Setup
                0x00000000000016e6       0x4a ./User/USBLIB/CONFIG/usb_prop.o
                0x00000000000016e6                USBD_Data_Setup
 .text.USBD_NoData_Setup
                0x0000000000001730       0x28 ./User/USBLIB/CONFIG/usb_prop.o
                0x0000000000001730                USBD_NoData_Setup
 .text.USBD_Status_In
                0x0000000000001758       0x2a ./User/USBLIB/CONFIG/usb_prop.o
                0x0000000000001758                USBD_Status_In
 .text.USBD_init
                0x0000000000001782       0x5c ./User/USBLIB/CONFIG/usb_prop.o
                0x0000000000001782                USBD_init
 .text.USBD_Reset
                0x00000000000017de      0x254 ./User/USBLIB/CONFIG/usb_prop.o
                0x00000000000017de                USBD_Reset
 .text.USBD_GetDeviceDescriptor
                0x0000000000001a32       0x10 ./User/USBLIB/CONFIG/usb_prop.o
                0x0000000000001a32                USBD_GetDeviceDescriptor
 .text.USBD_GetConfigDescriptor
                0x0000000000001a42       0x14 ./User/USBLIB/CONFIG/usb_prop.o
                0x0000000000001a42                USBD_GetConfigDescriptor
 .text.USBD_GetStringDescriptor
                0x0000000000001a56       0x28 ./User/USBLIB/CONFIG/usb_prop.o
                0x0000000000001a56                USBD_GetStringDescriptor
 .text.USBD_Status_Out
                0x0000000000001a7e        0x2 ./User/USBLIB/CONFIG/usb_prop.o
                0x0000000000001a7e                USBD_Status_Out
 .text.USBD_ClearFeature
                0x0000000000001a80        0x2 ./User/USBLIB/CONFIG/usb_prop.o
                0x0000000000001a80                USBD_ClearFeature
 .text.PowerOn  0x0000000000001a82       0x2a ./User/USBLIB/CONFIG/usb_pwr.o
                0x0000000000001a82                PowerOn
 .text.Suspend  0x0000000000001aac       0xba ./User/USBLIB/CONFIG/usb_pwr.o
                0x0000000000001aac                Suspend
 .text.Resume_Init
                0x0000000000001b66       0x2c ./User/USBLIB/CONFIG/usb_pwr.o
                0x0000000000001b66                Resume_Init
 .text.Resume   0x0000000000001b92       0xb6 ./User/USBLIB/CONFIG/usb_pwr.o
                0x0000000000001b92                Resume
 .text.Send_ACK
                0x0000000000001c48       0x24 ./User/UART/OTA.o
 .text.Send_NACK
                0x0000000000001c6c       0x22 ./User/UART/OTA.o
 .text.Jump_To_App
                0x0000000000001c8e       0x62 ./User/UART/OTA.o
 .text.OTA_ProcessPacket
                0x0000000000001cf0      0x134 ./User/UART/OTA.o
                0x0000000000001cf0                OTA_ProcessPacket
 .text.RCC_Configuration
                0x0000000000001e24       0x2a ./User/UART/UART.o
                0x0000000000001e24                RCC_Configuration
 .text.TIM2_Init
                0x0000000000001e4e       0x6e ./User/UART/UART.o
                0x0000000000001e4e                TIM2_Init
 .text.UART1_CfgInit
                0x0000000000001ebc      0x114 ./User/UART/UART.o
                0x0000000000001ebc                UART1_CfgInit
 .text.UART1_ParaInit
                0x0000000000001fd0       0x8e ./User/UART/UART.o
                0x0000000000001fd0                UART1_ParaInit
 .text.UART1_DMAInit
                0x000000000000205e       0xa4 ./User/UART/UART.o
                0x000000000000205e                UART1_DMAInit
 .text.UART1_Init
                0x0000000000002102       0x72 ./User/UART/UART.o
                0x0000000000002102                UART1_Init
 .text.UART1_USB_Init
                0x0000000000002174       0x34 ./User/UART/UART.o
                0x0000000000002174                UART1_USB_Init
 .text.UART1_DataTx_Deal
                0x00000000000021a8       0x9c ./User/UART/UART.o
                0x00000000000021a8                UART1_DataTx_Deal
 .text.UART1_DataRx_Deal
                0x0000000000002244      0x1e4 ./User/UART/UART.o
                0x0000000000002244                UART1_DataRx_Deal
 .text.startup.main
                0x0000000000002428       0x70 ./User/Main.o
                0x0000000000002428                main
 .text.NMI_Handler
                0x0000000000002498        0x2 ./User/ch32v20x_it.o
                0x0000000000002498                NMI_Handler
 .text.TIM2_IRQHandler
                0x000000000000249a       0x66 ./User/ch32v20x_it.o
                0x000000000000249a                TIM2_IRQHandler
 .text.HardFault_Handler
                0x0000000000002500       0x10 ./User/ch32v20x_it.o
                0x0000000000002500                HardFault_Handler
 .text.SystemInit
                0x0000000000002510       0xa8 ./User/system_ch32v20x.o
                0x0000000000002510                SystemInit
 .text.SystemCoreClockUpdate
                0x00000000000025b8       0x8e ./User/system_ch32v20x.o
                0x00000000000025b8                SystemCoreClockUpdate
 .text.vector_handler
                0x0000000000002646        0x2 ./Startup/startup_ch32v20x_D6.o
                0x0000000000002646                EXTI2_IRQHandler
                0x0000000000002646                TIM1_CC_IRQHandler
                0x0000000000002646                SysTick_Handler
                0x0000000000002646                PVD_IRQHandler
                0x0000000000002646                EXTI3_IRQHandler
                0x0000000000002646                USBFS_IRQHandler
                0x0000000000002646                EXTI0_IRQHandler
                0x0000000000002646                I2C2_EV_IRQHandler
                0x0000000000002646                ADC1_2_IRQHandler
                0x0000000000002646                Break_Point_Handler
                0x0000000000002646                SPI1_IRQHandler
                0x0000000000002646                TAMPER_IRQHandler
                0x0000000000002646                Ecall_M_Mode_Handler
                0x0000000000002646                DMA1_Channel4_IRQHandler
                0x0000000000002646                USART3_IRQHandler
                0x0000000000002646                RTC_IRQHandler
                0x0000000000002646                DMA1_Channel7_IRQHandler
                0x0000000000002646                CAN1_RX1_IRQHandler
                0x0000000000002646                TIM4_IRQHandler
                0x0000000000002646                I2C1_EV_IRQHandler
                0x0000000000002646                DMA1_Channel6_IRQHandler
                0x0000000000002646                UART4_IRQHandler
                0x0000000000002646                TIM3_IRQHandler
                0x0000000000002646                RCC_IRQHandler
                0x0000000000002646                TIM1_TRG_COM_IRQHandler
                0x0000000000002646                DMA1_Channel1_IRQHandler
                0x0000000000002646                EXTI15_10_IRQHandler
                0x0000000000002646                DMA1_Channel8_IRQHandler
                0x0000000000002646                EXTI9_5_IRQHandler
                0x0000000000002646                SPI2_IRQHandler
                0x0000000000002646                DMA1_Channel5_IRQHandler
                0x0000000000002646                EXTI4_IRQHandler
                0x0000000000002646                USB_HP_CAN1_TX_IRQHandler
                0x0000000000002646                DMA1_Channel3_IRQHandler
                0x0000000000002646                TIM1_UP_IRQHandler
                0x0000000000002646                WWDG_IRQHandler
                0x0000000000002646                Ecall_U_Mode_Handler
                0x0000000000002646                SW_Handler
                0x0000000000002646                TIM1_BRK_IRQHandler
                0x0000000000002646                EXTI1_IRQHandler
                0x0000000000002646                RTCAlarm_IRQHandler
                0x0000000000002646                USART2_IRQHandler
                0x0000000000002646                I2C2_ER_IRQHandler
                0x0000000000002646                DMA1_Channel2_IRQHandler
                0x0000000000002646                CAN1_SCE_IRQHandler
                0x0000000000002646                FLASH_IRQHandler
                0x0000000000002646                USBFSWakeUp_IRQHandler
                0x0000000000002646                USART1_IRQHandler
                0x0000000000002646                I2C1_ER_IRQHandler
 .text.handle_reset
                0x0000000000002648       0x86 ./Startup/startup_ch32v20x_D6.o
                0x0000000000002648                handle_reset
 .text.DBGMCU_GetCHIPID
                0x00000000000026ce        0xa ./Peripheral/src/ch32v20x_dbgmcu.o
                0x00000000000026ce                DBGMCU_GetCHIPID
 .text.DMA_DeInit
                0x00000000000026d8       0x9c ./Peripheral/src/ch32v20x_dma.o
                0x00000000000026d8                DMA_DeInit
 .text.DMA_Init
                0x0000000000002774       0x38 ./Peripheral/src/ch32v20x_dma.o
                0x0000000000002774                DMA_Init
 .text.DMA_Cmd  0x00000000000027ac       0x14 ./Peripheral/src/ch32v20x_dma.o
                0x00000000000027ac                DMA_Cmd
 .text.EXTI_Init
                0x00000000000027c0       0x6a ./Peripheral/src/ch32v20x_exti.o
                0x00000000000027c0                EXTI_Init
 .text.EXTI_ClearITPendingBit
                0x000000000000282a        0xa ./Peripheral/src/ch32v20x_exti.o
                0x000000000000282a                EXTI_ClearITPendingBit
 .text.FLASH_Unlock
                0x0000000000002834       0x1a ./Peripheral/src/ch32v20x_flash.o
                0x0000000000002834                FLASH_Unlock
 .text.FLASH_Lock
                0x000000000000284e        0xe ./Peripheral/src/ch32v20x_flash.o
                0x000000000000284e                FLASH_Lock
 .text.FLASH_GetBank1Status
                0x000000000000285c       0x18 ./Peripheral/src/ch32v20x_flash.o
                0x000000000000285c                FLASH_GetBank1Status
 .text.FLASH_WaitForLastOperation
                0x0000000000002874       0x20 ./Peripheral/src/ch32v20x_flash.o
                0x0000000000002874                FLASH_WaitForLastOperation
 .text.FLASH_ErasePage
                0x0000000000002894       0x38 ./Peripheral/src/ch32v20x_flash.o
                0x0000000000002894                FLASH_ErasePage
 .text.FLASH_ProgramHalfWord
                0x00000000000028cc       0x34 ./Peripheral/src/ch32v20x_flash.o
                0x00000000000028cc                FLASH_ProgramHalfWord
 .text.GPIO_Init
                0x0000000000002900       0xf2 ./Peripheral/src/ch32v20x_gpio.o
                0x0000000000002900                GPIO_Init
 .text.GPIO_SetBits
                0x00000000000029f2       0x14 ./Peripheral/src/ch32v20x_gpio.o
                0x00000000000029f2                GPIO_SetBits
 .text.NVIC_PriorityGroupConfig
                0x0000000000002a06        0x6 ./Peripheral/src/ch32v20x_misc.o
                0x0000000000002a06                NVIC_PriorityGroupConfig
 .text.NVIC_Init
                0x0000000000002a0c       0x62 ./Peripheral/src/ch32v20x_misc.o
                0x0000000000002a0c                NVIC_Init
 .text.RCC_USBCLKConfig
                0x0000000000002a6e       0x1a ./Peripheral/src/ch32v20x_rcc.o
                0x0000000000002a6e                RCC_USBCLKConfig
 .text.RCC_GetClocksFreq
                0x0000000000002a88       0xbe ./Peripheral/src/ch32v20x_rcc.o
                0x0000000000002a88                RCC_GetClocksFreq
 .text.RCC_AHBPeriphClockCmd
                0x0000000000002b46       0x1e ./Peripheral/src/ch32v20x_rcc.o
                0x0000000000002b46                RCC_AHBPeriphClockCmd
 .text.RCC_APB2PeriphClockCmd
                0x0000000000002b64       0x1e ./Peripheral/src/ch32v20x_rcc.o
                0x0000000000002b64                RCC_APB2PeriphClockCmd
 .text.RCC_APB1PeriphClockCmd
                0x0000000000002b82       0x1e ./Peripheral/src/ch32v20x_rcc.o
                0x0000000000002b82                RCC_APB1PeriphClockCmd
 .text.RCC_APB2PeriphResetCmd
                0x0000000000002ba0       0x1e ./Peripheral/src/ch32v20x_rcc.o
                0x0000000000002ba0                RCC_APB2PeriphResetCmd
 .text.RCC_APB1PeriphResetCmd
                0x0000000000002bbe       0x1e ./Peripheral/src/ch32v20x_rcc.o
                0x0000000000002bbe                RCC_APB1PeriphResetCmd
 .text.TIM_DeInit
                0x0000000000002bdc       0x7c ./Peripheral/src/ch32v20x_tim.o
                0x0000000000002bdc                TIM_DeInit
 .text.TIM_TimeBaseInit
                0x0000000000002c58       0x62 ./Peripheral/src/ch32v20x_tim.o
                0x0000000000002c58                TIM_TimeBaseInit
 .text.TIM_Cmd  0x0000000000002cba       0x18 ./Peripheral/src/ch32v20x_tim.o
                0x0000000000002cba                TIM_Cmd
 .text.TIM_ITConfig
                0x0000000000002cd2       0x12 ./Peripheral/src/ch32v20x_tim.o
                0x0000000000002cd2                TIM_ITConfig
 .text.TIM_ClearFlag
                0x0000000000002ce4        0xc ./Peripheral/src/ch32v20x_tim.o
                0x0000000000002ce4                TIM_ClearFlag
 .text.USART_Init
                0x0000000000002cf0       0xa6 ./Peripheral/src/ch32v20x_usart.o
                0x0000000000002cf0                USART_Init
 .text.USART_Cmd
                0x0000000000002d96       0x16 ./Peripheral/src/ch32v20x_usart.o
                0x0000000000002d96                USART_Cmd
 .text.USART_DMACmd
                0x0000000000002dac       0x12 ./Peripheral/src/ch32v20x_usart.o
                0x0000000000002dac                USART_DMACmd
 .text.USART_SendData
                0x0000000000002dbe        0x8 ./Peripheral/src/ch32v20x_usart.o
                0x0000000000002dbe                USART_SendData
 .text.USART_GetFlagStatus
                0x0000000000002dc6        0xa ./Peripheral/src/ch32v20x_usart.o
                0x0000000000002dc6                USART_GetFlagStatus
 .text.USART_ClearFlag
                0x0000000000002dd0        0xc ./Peripheral/src/ch32v20x_usart.o
                0x0000000000002dd0                USART_ClearFlag
 .text.Delay_Init
                0x0000000000002ddc       0x26 ./Debug/debug.o
                0x0000000000002ddc                Delay_Init
 .text.Delay_Ms
                0x0000000000002e02       0x36 ./Debug/debug.o
                0x0000000000002e02                Delay_Ms
 .text.USART_Printf_Init
                0x0000000000002e38       0x58 ./Debug/debug.o
                0x0000000000002e38                USART_Printf_Init
 .text._write   0x0000000000002e90       0x3e ./Debug/debug.o
                0x0000000000002e90                _write
 .text._sbrk    0x0000000000002ece       0x26 ./Debug/debug.o
                0x0000000000002ece                _sbrk
 .text.__udivdi3
                0x0000000000002ef4      0x392 f:/mounriver_studio_ii/mounriver_studio2/resources/app/resources/win32/components/wch/toolchain/risc-v embedded gcc/bin/../lib/gcc/riscv-none-embed/8.2.0/rv32imacxw/ilp32\libgcc.a(_udivdi3.o)
                0x0000000000002ef4                __udivdi3
 .text.printf   0x0000000000003286       0x40 f:/mounriver_studio_ii/mounriver_studio2/resources/app/resources/win32/components/wch/toolchain/risc-v embedded gcc/bin/../lib/gcc/riscv-none-embed/8.2.0/../../../../riscv-none-embed/lib/rv32imacxw/ilp32\libg_nano.a(lib_a-printf.o)
                0x0000000000003286                iprintf
                0x0000000000003286                printf
 .text._puts_r  0x00000000000032c6       0xd4 f:/mounriver_studio_ii/mounriver_studio2/resources/app/resources/win32/components/wch/toolchain/risc-v embedded gcc/bin/../lib/gcc/riscv-none-embed/8.2.0/../../../../riscv-none-embed/lib/rv32imacxw/ilp32\libg_nano.a(lib_a-puts.o)
                0x00000000000032c6                _puts_r
 .text.puts     0x000000000000339a        0xc f:/mounriver_studio_ii/mounriver_studio2/resources/app/resources/win32/components/wch/toolchain/risc-v embedded gcc/bin/../lib/gcc/riscv-none-embed/8.2.0/../../../../riscv-none-embed/lib/rv32imacxw/ilp32\libg_nano.a(lib_a-puts.o)
                0x000000000000339a                puts
 .text.__swbuf_r
                0x00000000000033a6       0xbc f:/mounriver_studio_ii/mounriver_studio2/resources/app/resources/win32/components/wch/toolchain/risc-v embedded gcc/bin/../lib/gcc/riscv-none-embed/8.2.0/../../../../riscv-none-embed/lib/rv32imacxw/ilp32\libg_nano.a(lib_a-wbuf.o)
                0x00000000000033a6                __swbuf_r
 .text.__swsetup_r
                0x0000000000003462       0xfc f:/mounriver_studio_ii/mounriver_studio2/resources/app/resources/win32/components/wch/toolchain/risc-v embedded gcc/bin/../lib/gcc/riscv-none-embed/8.2.0/../../../../riscv-none-embed/lib/rv32imacxw/ilp32\libg_nano.a(lib_a-wsetup.o)
                0x0000000000003462                __swsetup_r
 .text.__sflush_r
                0x000000000000355e      0x130 f:/mounriver_studio_ii/mounriver_studio2/resources/app/resources/win32/components/wch/toolchain/risc-v embedded gcc/bin/../lib/gcc/riscv-none-embed/8.2.0/../../../../riscv-none-embed/lib/rv32imacxw/ilp32\libg_nano.a(lib_a-fflush.o)
                0x000000000000355e                __sflush_r
 .text._fflush_r
                0x000000000000368e       0x66 f:/mounriver_studio_ii/mounriver_studio2/resources/app/resources/win32/components/wch/toolchain/risc-v embedded gcc/bin/../lib/gcc/riscv-none-embed/8.2.0/../../../../riscv-none-embed/lib/rv32imacxw/ilp32\libg_nano.a(lib_a-fflush.o)
                0x000000000000368e                _fflush_r
 .text.std      0x00000000000036f4       0x66 f:/mounriver_studio_ii/mounriver_studio2/resources/app/resources/win32/components/wch/toolchain/risc-v embedded gcc/bin/../lib/gcc/riscv-none-embed/8.2.0/../../../../riscv-none-embed/lib/rv32imacxw/ilp32\libg_nano.a(lib_a-findfp.o)
 .text._cleanup_r
                0x000000000000375a        0xa f:/mounriver_studio_ii/mounriver_studio2/resources/app/resources/win32/components/wch/toolchain/risc-v embedded gcc/bin/../lib/gcc/riscv-none-embed/8.2.0/../../../../riscv-none-embed/lib/rv32imacxw/ilp32\libg_nano.a(lib_a-findfp.o)
                0x000000000000375a                _cleanup_r
 .text.__sfmoreglue
                0x0000000000003764       0x46 f:/mounriver_studio_ii/mounriver_studio2/resources/app/resources/win32/components/wch/toolchain/risc-v embedded gcc/bin/../lib/gcc/riscv-none-embed/8.2.0/../../../../riscv-none-embed/lib/rv32imacxw/ilp32\libg_nano.a(lib_a-findfp.o)
                0x0000000000003764                __sfmoreglue
 .text.__sinit  0x00000000000037aa       0x6c f:/mounriver_studio_ii/mounriver_studio2/resources/app/resources/win32/components/wch/toolchain/risc-v embedded gcc/bin/../lib/gcc/riscv-none-embed/8.2.0/../../../../riscv-none-embed/lib/rv32imacxw/ilp32\libg_nano.a(lib_a-findfp.o)
                0x00000000000037aa                __sinit
 .text.__sfp    0x0000000000003816       0xa0 f:/mounriver_studio_ii/mounriver_studio2/resources/app/resources/win32/components/wch/toolchain/risc-v embedded gcc/bin/../lib/gcc/riscv-none-embed/8.2.0/../../../../riscv-none-embed/lib/rv32imacxw/ilp32\libg_nano.a(lib_a-findfp.o)
                0x0000000000003816                __sfp
 .text._fwalk_reent
                0x00000000000038b6       0x6a f:/mounriver_studio_ii/mounriver_studio2/resources/app/resources/win32/components/wch/toolchain/risc-v embedded gcc/bin/../lib/gcc/riscv-none-embed/8.2.0/../../../../riscv-none-embed/lib/rv32imacxw/ilp32\libg_nano.a(lib_a-fwalk.o)
                0x00000000000038b6                _fwalk_reent
 .text.__swhatbuf_r
                0x0000000000003920       0x58 f:/mounriver_studio_ii/mounriver_studio2/resources/app/resources/win32/components/wch/toolchain/risc-v embedded gcc/bin/../lib/gcc/riscv-none-embed/8.2.0/../../../../riscv-none-embed/lib/rv32imacxw/ilp32\libg_nano.a(lib_a-makebuf.o)
                0x0000000000003920                __swhatbuf_r
 .text.__smakebuf_r
                0x0000000000003978       0x92 f:/mounriver_studio_ii/mounriver_studio2/resources/app/resources/win32/components/wch/toolchain/risc-v embedded gcc/bin/../lib/gcc/riscv-none-embed/8.2.0/../../../../riscv-none-embed/lib/rv32imacxw/ilp32\libg_nano.a(lib_a-makebuf.o)
                0x0000000000003978                __smakebuf_r
 .text._free_r  0x0000000000003a0a       0xa8 f:/mounriver_studio_ii/mounriver_studio2/resources/app/resources/win32/components/wch/toolchain/risc-v embedded gcc/bin/../lib/gcc/riscv-none-embed/8.2.0/../../../../riscv-none-embed/lib/rv32imacxw/ilp32\libg_nano.a(lib_a-nano-freer.o)
                0x0000000000003a0a                _free_r
 .text._malloc_r
                0x0000000000003ab2       0xd4 f:/mounriver_studio_ii/mounriver_studio2/resources/app/resources/win32/components/wch/toolchain/risc-v embedded gcc/bin/../lib/gcc/riscv-none-embed/8.2.0/../../../../riscv-none-embed/lib/rv32imacxw/ilp32\libg_nano.a(lib_a-nano-mallocr.o)
                0x0000000000003ab2                _malloc_r
 .text.__sfputc_r
                0x0000000000003b86       0x28 f:/mounriver_studio_ii/mounriver_studio2/resources/app/resources/win32/components/wch/toolchain/risc-v embedded gcc/bin/../lib/gcc/riscv-none-embed/8.2.0/../../../../riscv-none-embed/lib/rv32imacxw/ilp32\libg_nano.a(lib_a-nano-vfprintf.o)
 .text.__sfputs_r
                0x0000000000003bae       0x42 f:/mounriver_studio_ii/mounriver_studio2/resources/app/resources/win32/components/wch/toolchain/risc-v embedded gcc/bin/../lib/gcc/riscv-none-embed/8.2.0/../../../../riscv-none-embed/lib/rv32imacxw/ilp32\libg_nano.a(lib_a-nano-vfprintf.o)
                0x0000000000003bae                __sfputs_r
 .text._vfprintf_r
                0x0000000000003bf0      0x288 f:/mounriver_studio_ii/mounriver_studio2/resources/app/resources/win32/components/wch/toolchain/risc-v embedded gcc/bin/../lib/gcc/riscv-none-embed/8.2.0/../../../../riscv-none-embed/lib/rv32imacxw/ilp32\libg_nano.a(lib_a-nano-vfprintf.o)
                0x0000000000003bf0                _vfprintf_r
                0x0000000000003bf0                _vfiprintf_r
 .text._printf_common
                0x0000000000003e78      0x10c f:/mounriver_studio_ii/mounriver_studio2/resources/app/resources/win32/components/wch/toolchain/risc-v embedded gcc/bin/../lib/gcc/riscv-none-embed/8.2.0/../../../../riscv-none-embed/lib/rv32imacxw/ilp32\libg_nano.a(lib_a-nano-vfprintf_i.o)
                0x0000000000003e78                _printf_common
 .text._printf_i
                0x0000000000003f84      0x2a2 f:/mounriver_studio_ii/mounriver_studio2/resources/app/resources/win32/components/wch/toolchain/risc-v embedded gcc/bin/../lib/gcc/riscv-none-embed/8.2.0/../../../../riscv-none-embed/lib/rv32imacxw/ilp32\libg_nano.a(lib_a-nano-vfprintf_i.o)
                0x0000000000003f84                _printf_i
 .text._sbrk_r  0x0000000000004226       0x2a f:/mounriver_studio_ii/mounriver_studio2/resources/app/resources/win32/components/wch/toolchain/risc-v embedded gcc/bin/../lib/gcc/riscv-none-embed/8.2.0/../../../../riscv-none-embed/lib/rv32imacxw/ilp32\libg_nano.a(lib_a-sbrkr.o)
                0x0000000000004226                _sbrk_r
 .text.__sread  0x0000000000004250       0x2c f:/mounriver_studio_ii/mounriver_studio2/resources/app/resources/win32/components/wch/toolchain/risc-v embedded gcc/bin/../lib/gcc/riscv-none-embed/8.2.0/../../../../riscv-none-embed/lib/rv32imacxw/ilp32\libg_nano.a(lib_a-stdio.o)
                0x0000000000004250                __sread
 .text.__swrite
                0x000000000000427c       0x48 f:/mounriver_studio_ii/mounriver_studio2/resources/app/resources/win32/components/wch/toolchain/risc-v embedded gcc/bin/../lib/gcc/riscv-none-embed/8.2.0/../../../../riscv-none-embed/lib/rv32imacxw/ilp32\libg_nano.a(lib_a-stdio.o)
                0x000000000000427c                __swrite
 .text.__sseek  0x00000000000042c4       0x30 f:/mounriver_studio_ii/mounriver_studio2/resources/app/resources/win32/components/wch/toolchain/risc-v embedded gcc/bin/../lib/gcc/riscv-none-embed/8.2.0/../../../../riscv-none-embed/lib/rv32imacxw/ilp32\libg_nano.a(lib_a-stdio.o)
                0x00000000000042c4                __sseek
 .text.__sclose
                0x00000000000042f4        0x6 f:/mounriver_studio_ii/mounriver_studio2/resources/app/resources/win32/components/wch/toolchain/risc-v embedded gcc/bin/../lib/gcc/riscv-none-embed/8.2.0/../../../../riscv-none-embed/lib/rv32imacxw/ilp32\libg_nano.a(lib_a-stdio.o)
                0x00000000000042f4                __sclose
 .text._write_r
                0x00000000000042fa       0x2e f:/mounriver_studio_ii/mounriver_studio2/resources/app/resources/win32/components/wch/toolchain/risc-v embedded gcc/bin/../lib/gcc/riscv-none-embed/8.2.0/../../../../riscv-none-embed/lib/rv32imacxw/ilp32\libg_nano.a(lib_a-writer.o)
                0x00000000000042fa                _write_r
 .text._close_r
                0x0000000000004328       0x28 f:/mounriver_studio_ii/mounriver_studio2/resources/app/resources/win32/components/wch/toolchain/risc-v embedded gcc/bin/../lib/gcc/riscv-none-embed/8.2.0/../../../../riscv-none-embed/lib/rv32imacxw/ilp32\libg_nano.a(lib_a-closer.o)
                0x0000000000004328                _close_r
 .text._fstat_r
                0x0000000000004350       0x2a f:/mounriver_studio_ii/mounriver_studio2/resources/app/resources/win32/components/wch/toolchain/risc-v embedded gcc/bin/../lib/gcc/riscv-none-embed/8.2.0/../../../../riscv-none-embed/lib/rv32imacxw/ilp32\libg_nano.a(lib_a-fstatr.o)
                0x0000000000004350                _fstat_r
 .text._isatty_r
                0x000000000000437a       0x28 f:/mounriver_studio_ii/mounriver_studio2/resources/app/resources/win32/components/wch/toolchain/risc-v embedded gcc/bin/../lib/gcc/riscv-none-embed/8.2.0/../../../../riscv-none-embed/lib/rv32imacxw/ilp32\libg_nano.a(lib_a-isattyr.o)
                0x000000000000437a                _isatty_r
 .text._lseek_r
                0x00000000000043a2       0x2c f:/mounriver_studio_ii/mounriver_studio2/resources/app/resources/win32/components/wch/toolchain/risc-v embedded gcc/bin/../lib/gcc/riscv-none-embed/8.2.0/../../../../riscv-none-embed/lib/rv32imacxw/ilp32\libg_nano.a(lib_a-lseekr.o)
                0x00000000000043a2                _lseek_r
 .text.memchr   0x00000000000043ce       0x18 f:/mounriver_studio_ii/mounriver_studio2/resources/app/resources/win32/components/wch/toolchain/risc-v embedded gcc/bin/../lib/gcc/riscv-none-embed/8.2.0/../../../../riscv-none-embed/lib/rv32imacxw/ilp32\libg_nano.a(lib_a-memchr.o)
                0x00000000000043ce                memchr
 .text.__malloc_lock
                0x00000000000043e6        0x2 f:/mounriver_studio_ii/mounriver_studio2/resources/app/resources/win32/components/wch/toolchain/risc-v embedded gcc/bin/../lib/gcc/riscv-none-embed/8.2.0/../../../../riscv-none-embed/lib/rv32imacxw/ilp32\libg_nano.a(lib_a-mlock.o)
                0x00000000000043e6                __malloc_lock
 .text.__malloc_unlock
                0x00000000000043e8        0x2 f:/mounriver_studio_ii/mounriver_studio2/resources/app/resources/win32/components/wch/toolchain/risc-v embedded gcc/bin/../lib/gcc/riscv-none-embed/8.2.0/../../../../riscv-none-embed/lib/rv32imacxw/ilp32\libg_nano.a(lib_a-mlock.o)
                0x00000000000043e8                __malloc_unlock
 .text._read_r  0x00000000000043ea       0x2c f:/mounriver_studio_ii/mounriver_studio2/resources/app/resources/win32/components/wch/toolchain/risc-v embedded gcc/bin/../lib/gcc/riscv-none-embed/8.2.0/../../../../riscv-none-embed/lib/rv32imacxw/ilp32\libg_nano.a(lib_a-readr.o)
                0x00000000000043ea                _read_r
 .text._close   0x0000000000004416        0xc f:/mounriver_studio_ii/mounriver_studio2/resources/app/resources/win32/components/wch/toolchain/risc-v embedded gcc/bin/../lib/gcc/riscv-none-embed/8.2.0/../../../../riscv-none-embed/lib/rv32imacxw/ilp32\libnosys.a(close.o)
                0x0000000000004416                _close
 .text._fstat   0x0000000000004422        0xc f:/mounriver_studio_ii/mounriver_studio2/resources/app/resources/win32/components/wch/toolchain/risc-v embedded gcc/bin/../lib/gcc/riscv-none-embed/8.2.0/../../../../riscv-none-embed/lib/rv32imacxw/ilp32\libnosys.a(fstat.o)
                0x0000000000004422                _fstat
 .text._isatty  0x000000000000442e        0xc f:/mounriver_studio_ii/mounriver_studio2/resources/app/resources/win32/components/wch/toolchain/risc-v embedded gcc/bin/../lib/gcc/riscv-none-embed/8.2.0/../../../../riscv-none-embed/lib/rv32imacxw/ilp32\libnosys.a(isatty.o)
                0x000000000000442e                _isatty
 .text._lseek   0x000000000000443a        0xc f:/mounriver_studio_ii/mounriver_studio2/resources/app/resources/win32/components/wch/toolchain/risc-v embedded gcc/bin/../lib/gcc/riscv-none-embed/8.2.0/../../../../riscv-none-embed/lib/rv32imacxw/ilp32\libnosys.a(lseek.o)
                0x000000000000443a                _lseek
 .text._read    0x0000000000004446        0xc f:/mounriver_studio_ii/mounriver_studio2/resources/app/resources/win32/components/wch/toolchain/risc-v embedded gcc/bin/../lib/gcc/riscv-none-embed/8.2.0/../../../../riscv-none-embed/lib/rv32imacxw/ilp32\libnosys.a(read.o)
                0x0000000000004446                _read
 *(.rodata)
 *(.rodata*)
 *fill*         0x0000000000004452        0x2 
 .rodata.Enter_LowPowerMode.str1.4
                0x0000000000004454       0x1a ./User/USBLIB/CONFIG/hw_config.o
 *fill*         0x000000000000446e        0x2 
 .rodata.Leave_LowPowerMode.str1.4
                0x0000000000004470       0x1a ./User/USBLIB/CONFIG/hw_config.o
 *fill*         0x000000000000448a        0x2 
 .rodata.USBD_ConfigDescriptor
                0x000000000000448c       0x43 ./User/USBLIB/CONFIG/usb_desc.o
                0x000000000000448c                USBD_ConfigDescriptor
 *fill*         0x00000000000044cf        0x1 
 .rodata.USBD_DeviceDescriptor
                0x00000000000044d0       0x12 ./User/USBLIB/CONFIG/usb_desc.o
                0x00000000000044d0                USBD_DeviceDescriptor
 *fill*         0x00000000000044e2        0x2 
 .rodata.USBD_StringProduct
                0x00000000000044e4       0x28 ./User/USBLIB/CONFIG/usb_desc.o
                0x00000000000044e4                USBD_StringProduct
 .rodata.USBD_StringVendor
                0x000000000000450c        0xa ./User/USBLIB/CONFIG/usb_desc.o
                0x000000000000450c                USBD_StringVendor
 *fill*         0x0000000000004516        0x2 
 .rodata.Resume
                0x0000000000004518       0x18 ./User/USBLIB/CONFIG/usb_pwr.o
 .rodata.UART1_DataRx_Deal.str1.4
                0x0000000000004530        0xc ./User/UART/UART.o
 .rodata.main.str1.4
                0x000000000000453c       0x30 ./User/Main.o
 .rodata.__clz_tab
                0x000000000000456c      0x100 f:/mounriver_studio_ii/mounriver_studio2/resources/app/resources/win32/components/wch/toolchain/risc-v embedded gcc/bin/../lib/gcc/riscv-none-embed/8.2.0/rv32imacxw/ilp32\libgcc.a(_clz.o)
                0x000000000000456c                __clz_tab
 .rodata.__sf_fake_stderr
                0x000000000000466c       0x20 f:/mounriver_studio_ii/mounriver_studio2/resources/app/resources/win32/components/wch/toolchain/risc-v embedded gcc/bin/../lib/gcc/riscv-none-embed/8.2.0/../../../../riscv-none-embed/lib/rv32imacxw/ilp32\libg_nano.a(lib_a-findfp.o)
                0x000000000000466c                __sf_fake_stderr
 .rodata.__sf_fake_stdin
                0x000000000000468c       0x20 f:/mounriver_studio_ii/mounriver_studio2/resources/app/resources/win32/components/wch/toolchain/risc-v embedded gcc/bin/../lib/gcc/riscv-none-embed/8.2.0/../../../../riscv-none-embed/lib/rv32imacxw/ilp32\libg_nano.a(lib_a-findfp.o)
                0x000000000000468c                __sf_fake_stdin
 .rodata.__sf_fake_stdout
                0x00000000000046ac       0x20 f:/mounriver_studio_ii/mounriver_studio2/resources/app/resources/win32/components/wch/toolchain/risc-v embedded gcc/bin/../lib/gcc/riscv-none-embed/8.2.0/../../../../riscv-none-embed/lib/rv32imacxw/ilp32\libg_nano.a(lib_a-findfp.o)
                0x00000000000046ac                __sf_fake_stdout
 .rodata._vfprintf_r.str1.4
                0x00000000000046cc       0x13 f:/mounriver_studio_ii/mounriver_studio2/resources/app/resources/win32/components/wch/toolchain/risc-v embedded gcc/bin/../lib/gcc/riscv-none-embed/8.2.0/../../../../riscv-none-embed/lib/rv32imacxw/ilp32\libg_nano.a(lib_a-nano-vfprintf.o)
 *fill*         0x00000000000046df        0x1 
 .rodata._printf_i.str1.4
                0x00000000000046e0       0x28 f:/mounriver_studio_ii/mounriver_studio2/resources/app/resources/win32/components/wch/toolchain/risc-v embedded gcc/bin/../lib/gcc/riscv-none-embed/8.2.0/../../../../riscv-none-embed/lib/rv32imacxw/ilp32\libg_nano.a(lib_a-nano-vfprintf_i.o)
                                         0x25 (size before relaxing)
 *(.gnu.linkonce.t.*)
                0x0000000000004708                . = ALIGN (0x4)

.rela.dyn       0x0000000000004708        0x0
 .rela.init     0x0000000000004708        0x0 ./User/USBLIB/USB-Driver/src/usb_core.o
 .rela.vector   0x0000000000004708        0x0 ./User/USBLIB/USB-Driver/src/usb_core.o
 .rela.text.handle_reset
                0x0000000000004708        0x0 ./User/USBLIB/USB-Driver/src/usb_core.o
 .rela.text._sbrk
                0x0000000000004708        0x0 ./User/USBLIB/USB-Driver/src/usb_core.o
 .rela.sdata.curbrk.4672
                0x0000000000004708        0x0 ./User/USBLIB/USB-Driver/src/usb_core.o
 .rela.text._vfprintf_r
                0x0000000000004708        0x0 ./User/USBLIB/USB-Driver/src/usb_core.o
 .rela.text._sbrk_r
                0x0000000000004708        0x0 ./User/USBLIB/USB-Driver/src/usb_core.o
 .rela.text._write_r
                0x0000000000004708        0x0 ./User/USBLIB/USB-Driver/src/usb_core.o
 .rela.text._close_r
                0x0000000000004708        0x0 ./User/USBLIB/USB-Driver/src/usb_core.o
 .rela.text._fstat_r
                0x0000000000004708        0x0 ./User/USBLIB/USB-Driver/src/usb_core.o
 .rela.text._isatty_r
                0x0000000000004708        0x0 ./User/USBLIB/USB-Driver/src/usb_core.o
 .rela.text._lseek_r
                0x0000000000004708        0x0 ./User/USBLIB/USB-Driver/src/usb_core.o
 .rela.text._read_r
                0x0000000000004708        0x0 ./User/USBLIB/USB-Driver/src/usb_core.o
 .rela.text._close
                0x0000000000004708        0x0 ./User/USBLIB/USB-Driver/src/usb_core.o
 .rela.text._fstat
                0x0000000000004708        0x0 ./User/USBLIB/USB-Driver/src/usb_core.o
 .rela.text._isatty
                0x0000000000004708        0x0 ./User/USBLIB/USB-Driver/src/usb_core.o
 .rela.text._lseek
                0x0000000000004708        0x0 ./User/USBLIB/USB-Driver/src/usb_core.o
 .rela.text._read
                0x0000000000004708        0x0 ./User/USBLIB/USB-Driver/src/usb_core.o

.fini           0x0000000000004708        0x0
 *(SORT_NONE(.fini))
                0x0000000000004708                . = ALIGN (0x4)
                [!provide]                        PROVIDE (_etext = .)
                [!provide]                        PROVIDE (_eitcm = .)

.preinit_array  0x0000000000004708        0x0
                [!provide]                        PROVIDE (__preinit_array_start = .)
 *(.preinit_array)
                [!provide]                        PROVIDE (__preinit_array_end = .)

.init_array     0x0000000000004708        0x0
                [!provide]                        PROVIDE (__init_array_start = .)
 *(SORT_BY_INIT_PRIORITY(.init_array.*) SORT_BY_INIT_PRIORITY(.ctors.*))
 *(.init_array EXCLUDE_FILE(*crtend?.o *crtend.o *crtbegin?.o *crtbegin.o) .ctors)
                [!provide]                        PROVIDE (__init_array_end = .)

.fini_array     0x0000000000004708        0x0
                [!provide]                        PROVIDE (__fini_array_start = .)
 *(SORT_BY_INIT_PRIORITY(.fini_array.*) SORT_BY_INIT_PRIORITY(.dtors.*))
 *(.fini_array EXCLUDE_FILE(*crtend?.o *crtend.o *crtbegin?.o *crtbegin.o) .dtors)
                [!provide]                        PROVIDE (__fini_array_end = .)

.ctors
 *crtbegin.o(.ctors)
 *crtbegin?.o(.ctors)
 *(EXCLUDE_FILE(*crtend?.o *crtend.o) .ctors)
 *(SORT_BY_NAME(.ctors.*))
 *(.ctors)

.dtors
 *crtbegin.o(.dtors)
 *crtbegin?.o(.dtors)
 *(EXCLUDE_FILE(*crtend?.o *crtend.o) .dtors)
 *(SORT_BY_NAME(.dtors.*))
 *(.dtors)

.dalign         0x0000000020000000        0x0 load address 0x0000000000004708
                0x0000000020000000                . = ALIGN (0x4)
                0x0000000020000000                PROVIDE (_data_vma = .)

.dlalign        0x0000000000004708        0x0
                0x0000000000004708                . = ALIGN (0x4)
                0x0000000000004708                PROVIDE (_data_lma = .)

.data           0x0000000020000000      0x180 load address 0x0000000000004708
 *(.gnu.linkonce.r.*)
 *(.data .data.*)
 .data.USBD_StringSerial
                0x0000000020000000       0x1e ./User/USBLIB/CONFIG/usb_desc.o
                0x0000000020000000                USBD_StringSerial
 *fill*         0x000000002000001e        0x2 
 .data.pEpInt_IN
                0x0000000020000020       0x1c ./User/USBLIB/CONFIG/usb_istr.o
                0x0000000020000020                pEpInt_IN
 .data.pEpInt_OUT
                0x000000002000003c       0x1c ./User/USBLIB/CONFIG/usb_istr.o
                0x000000002000003c                pEpInt_OUT
 .data.Device_Property
                0x0000000020000058       0x30 ./User/USBLIB/CONFIG/usb_prop.o
                0x0000000020000058                Device_Property
 .data.String_Descriptor
                0x0000000020000088       0x20 ./User/USBLIB/CONFIG/usb_prop.o
                0x0000000020000088                String_Descriptor
 .data.User_Standard_Requests
                0x00000000200000a8       0x24 ./User/USBLIB/CONFIG/usb_prop.o
                0x00000000200000a8                User_Standard_Requests
 .data.AHBPrescTable
                0x00000000200000cc       0x10 ./User/system_ch32v20x.o
                0x00000000200000cc                AHBPrescTable
 .data.APBAHBPrescTable
                0x00000000200000dc       0x10 ./Peripheral/src/ch32v20x_rcc.o
 .data.impure_data
                0x00000000200000ec       0x60 f:/mounriver_studio_ii/mounriver_studio2/resources/app/resources/win32/components/wch/toolchain/risc-v embedded gcc/bin/../lib/gcc/riscv-none-embed/8.2.0/../../../../riscv-none-embed/lib/rv32imacxw/ilp32\libg_nano.a(lib_a-impure.o)
 *(.gnu.linkonce.d.*)
                0x0000000020000150                . = ALIGN (0x8)
 *fill*         0x000000002000014c        0x4 
                0x0000000020000950                PROVIDE (__global_pointer$ = (. + 0x800))
 *(.sdata .sdata.*)
 .sdata.Config_Descriptor
                0x0000000020000150        0x8 ./User/USBLIB/CONFIG/usb_prop.o
                0x0000000020000150                Config_Descriptor
 .sdata.Device_Descriptor
                0x0000000020000158        0x8 ./User/USBLIB/CONFIG/usb_prop.o
                0x0000000020000158                Device_Descriptor
 .sdata.Device_Table
                0x0000000020000160        0x2 ./User/USBLIB/CONFIG/usb_prop.o
                0x0000000020000160                Device_Table
 *fill*         0x0000000020000162        0x2 
 .sdata.fSuspendEnabled
                0x0000000020000164        0x4 ./User/USBLIB/CONFIG/usb_pwr.o
                0x0000000020000164                fSuspendEnabled
 .sdata.SystemCoreClock
                0x0000000020000168        0x4 ./User/system_ch32v20x.o
                0x0000000020000168                SystemCoreClock
 .sdata.ADCPrescTable
                0x000000002000016c        0x4 ./Peripheral/src/ch32v20x_rcc.o
 .sdata.curbrk.4672
                0x0000000020000170        0x4 ./Debug/debug.o
 .sdata._impure_ptr
                0x0000000020000174        0x4 f:/mounriver_studio_ii/mounriver_studio2/resources/app/resources/win32/components/wch/toolchain/risc-v embedded gcc/bin/../lib/gcc/riscv-none-embed/8.2.0/../../../../riscv-none-embed/lib/rv32imacxw/ilp32\libg_nano.a(lib_a-impure.o)
                0x0000000020000174                _impure_ptr
 *(.sdata2.*)
 .sdata2.USBD_StringLangID
                0x0000000020000178        0x4 ./User/USBLIB/CONFIG/usb_desc.o
                0x0000000020000178                USBD_StringLangID
 .sdata2._global_impure_ptr
                0x000000002000017c        0x4 f:/mounriver_studio_ii/mounriver_studio2/resources/app/resources/win32/components/wch/toolchain/risc-v embedded gcc/bin/../lib/gcc/riscv-none-embed/8.2.0/../../../../riscv-none-embed/lib/rv32imacxw/ilp32\libg_nano.a(lib_a-impure.o)
                0x000000002000017c                _global_impure_ptr
 *(.gnu.linkonce.s.*)
                0x0000000020000180                . = ALIGN (0x8)
 *(.srodata.cst16)
 *(.srodata.cst8)
 *(.srodata.cst4)
 *(.srodata.cst2)
 *(.srodata .srodata.*)
                0x0000000020000180                . = ALIGN (0x4)
                0x0000000020000180                PROVIDE (_edata = .)

.bss            0x0000000020000180      0xce8 load address 0x0000000000004888
                0x0000000020000180                . = ALIGN (0x4)
                0x0000000020000180                PROVIDE (_sbss = .)
 *(.sbss*)
 .sbss.Data_Mul_MaxPacketSize
                0x0000000020000180        0x4 ./User/USBLIB/USB-Driver/src/usb_core.o
                0x0000000020000180                Data_Mul_MaxPacketSize
 .sbss.StatusInfo
                0x0000000020000184        0x2 ./User/USBLIB/USB-Driver/src/usb_core.o
                0x0000000020000184                StatusInfo
 .sbss.EPindex  0x0000000020000186        0x1 ./User/USBLIB/USB-Driver/src/usb_init.o
                0x0000000020000186                EPindex
 *fill*         0x0000000020000187        0x1 
 .sbss.pInformation
                0x0000000020000188        0x4 ./User/USBLIB/USB-Driver/src/usb_init.o
                0x0000000020000188                pInformation
 .sbss.pProperty
                0x000000002000018c        0x4 ./User/USBLIB/USB-Driver/src/usb_init.o
                0x000000002000018c                pProperty
 .sbss.pUser_Standard_Requests
                0x0000000020000190        0x4 ./User/USBLIB/USB-Driver/src/usb_init.o
                0x0000000020000190                pUser_Standard_Requests
 .sbss.wInterrupt_Mask
                0x0000000020000194        0x2 ./User/USBLIB/USB-Driver/src/usb_init.o
                0x0000000020000194                wInterrupt_Mask
 .sbss.SaveRState
                0x0000000020000196        0x2 ./User/USBLIB/USB-Driver/src/usb_int.o
                0x0000000020000196                SaveRState
 .sbss.SaveTState
                0x0000000020000198        0x2 ./User/USBLIB/USB-Driver/src/usb_int.o
                0x0000000020000198                SaveTState
 .sbss.USBD_Endp3_Busy
                0x000000002000019a        0x1 ./User/USBLIB/CONFIG/usb_endp.o
                0x000000002000019a                USBD_Endp3_Busy
 *fill*         0x000000002000019b        0x1 
 .sbss.Ep0RxBlks
                0x000000002000019c        0x2 ./User/USBLIB/CONFIG/usb_istr.o
                0x000000002000019c                Ep0RxBlks
 .sbss.bIntPackSOF
                0x000000002000019e        0x1 ./User/USBLIB/CONFIG/usb_istr.o
                0x000000002000019e                bIntPackSOF
 *fill*         0x000000002000019f        0x1 
 .sbss.esof_counter
                0x00000000200001a0        0x4 ./User/USBLIB/CONFIG/usb_istr.o
                0x00000000200001a0                esof_counter
 .sbss.wCNTR    0x00000000200001a4        0x4 ./User/USBLIB/CONFIG/usb_istr.o
                0x00000000200001a4                wCNTR
 .sbss.wIstr    0x00000000200001a8        0x2 ./User/USBLIB/CONFIG/usb_istr.o
                0x00000000200001a8                wIstr
 *fill*         0x00000000200001aa        0x2 
 .sbss.ResumeS  0x00000000200001ac        0x8 ./User/USBLIB/CONFIG/usb_pwr.o
                0x00000000200001ac                ResumeS
 .sbss.bDeviceState
                0x00000000200001b4        0x4 ./User/USBLIB/CONFIG/usb_pwr.o
                0x00000000200001b4                bDeviceState
 .sbss.remotewakeupon
                0x00000000200001b8        0x4 ./User/USBLIB/CONFIG/usb_pwr.o
                0x00000000200001b8                remotewakeupon
 .sbss.OTA_active
                0x00000000200001bc        0x1 ./User/UART/OTA.o
                0x00000000200001bc                OTA_active
 *fill*         0x00000000200001bd        0x3 
 .sbss.OTA_tick
                0x00000000200001c0        0x4 ./User/UART/OTA.o
                0x00000000200001c0                OTA_tick
 .sbss.UARTx_Rx_DMACurCount
                0x00000000200001c4        0x4 ./User/UART/UART.o
                0x00000000200001c4                UARTx_Rx_DMACurCount
 .sbss.UARTx_Rx_DMALastCount
                0x00000000200001c8        0x4 ./User/UART/UART.o
                0x00000000200001c8                UARTx_Rx_DMALastCount
 .sbss.ms_count.4915
                0x00000000200001cc        0x1 ./User/ch32v20x_it.o
 .sbss.MCU_Version
                0x00000000200001cd        0x1 ./Peripheral/src/ch32v20x_gpio.o
                0x00000000200001cd                MCU_Version
 *fill*         0x00000000200001ce        0x2 
 .sbss.NVIC_Priority_Group
                0x00000000200001d0        0x4 ./Peripheral/src/ch32v20x_misc.o
                0x00000000200001d0                NVIC_Priority_Group
 .sbss.p_ms     0x00000000200001d4        0x2 ./Debug/debug.o
 .sbss.p_us     0x00000000200001d6        0x1 ./Debug/debug.o
 *fill*         0x00000000200001d7        0x1 
 .sbss.__malloc_free_list
                0x00000000200001d8        0x4 f:/mounriver_studio_ii/mounriver_studio2/resources/app/resources/win32/components/wch/toolchain/risc-v embedded gcc/bin/../lib/gcc/riscv-none-embed/8.2.0/../../../../riscv-none-embed/lib/rv32imacxw/ilp32\libg_nano.a(lib_a-nano-mallocr.o)
                0x00000000200001d8                __malloc_free_list
 .sbss.__malloc_sbrk_start
                0x00000000200001dc        0x4 f:/mounriver_studio_ii/mounriver_studio2/resources/app/resources/win32/components/wch/toolchain/risc-v embedded gcc/bin/../lib/gcc/riscv-none-embed/8.2.0/../../../../riscv-none-embed/lib/rv32imacxw/ilp32\libg_nano.a(lib_a-nano-mallocr.o)
                0x00000000200001dc                __malloc_sbrk_start
 *(.gnu.linkonce.sb.*)
 *(.bss*)
 .bss.Device_Info
                0x00000000200001e0       0x1c ./User/USBLIB/USB-Driver/src/usb_init.o
                0x00000000200001e0                Device_Info
 .bss.EP        0x00000000200001fc       0x20 ./User/USBLIB/CONFIG/usb_pwr.o
                0x00000000200001fc                EP
 .bss.UART1_Rx_Buf
                0x000000002000021c      0x800 ./User/UART/UART.o
                0x000000002000021c                UART1_Rx_Buf
 .bss.UART1_Tx_Buf
                0x0000000020000a1c      0x400 ./User/UART/UART.o
                0x0000000020000a1c                UART1_Tx_Buf
 .bss.Uart      0x0000000020000e1c       0x46 ./User/UART/UART.o
                0x0000000020000e1c                Uart
 *(.gnu.linkonce.b.*)
 *(COMMON*)
 *fill*         0x0000000020000e62        0x2 
 COMMON         0x0000000020000e64        0x4 f:/mounriver_studio_ii/mounriver_studio2/resources/app/resources/win32/components/wch/toolchain/risc-v embedded gcc/bin/../lib/gcc/riscv-none-embed/8.2.0/../../../../riscv-none-embed/lib/rv32imacxw/ilp32\libg_nano.a(lib_a-reent.o)
                0x0000000020000e64                errno
                0x0000000020000e68                . = ALIGN (0x4)
                0x0000000020000e68                PROVIDE (_ebss = .)
                0x0000000020000e68                PROVIDE (_end = _ebss)
                [!provide]                        PROVIDE (end = .)

.stack          0x0000000020004800      0x800
                0x0000000020004800                PROVIDE (_heap_end = .)
                0x0000000020004800                . = ALIGN (0x4)
                [!provide]                        PROVIDE (_susrstack = .)
                0x0000000020005000                . = (. + __stack_size)
 *fill*         0x0000000020004800      0x800 
                0x0000000020005000                PROVIDE (_eusrstack = .)
OUTPUT(XBOX.elf elf32-littleriscv)

.debug_info     0x0000000000000000    0x1fa48
 .debug_info    0x0000000000000000     0x1802 ./User/USBLIB/USB-Driver/src/usb_core.o
 .debug_info    0x0000000000001802      0xde5 ./User/USBLIB/USB-Driver/src/usb_init.o
 .debug_info    0x00000000000025e7      0xef1 ./User/USBLIB/USB-Driver/src/usb_int.o
 .debug_info    0x00000000000034d8      0xe81 ./User/USBLIB/USB-Driver/src/usb_mem.o
 .debug_info    0x0000000000004359     0x19df ./User/USBLIB/USB-Driver/src/usb_regs.o
 .debug_info    0x0000000000005d38      0xeeb ./User/USBLIB/USB-Driver/src/usb_sil.o
 .debug_info    0x0000000000006c23     0x144d ./User/USBLIB/CONFIG/hw_config.o
 .debug_info    0x0000000000008070      0xe83 ./User/USBLIB/CONFIG/usb_desc.o
 .debug_info    0x0000000000008ef3     0x11c1 ./User/USBLIB/CONFIG/usb_endp.o
 .debug_info    0x000000000000a0b4      0xf3b ./User/USBLIB/CONFIG/usb_istr.o
 .debug_info    0x000000000000afef     0x174e ./User/USBLIB/CONFIG/usb_prop.o
 .debug_info    0x000000000000c73d      0xfe1 ./User/USBLIB/CONFIG/usb_pwr.o
 .debug_info    0x000000000000d71e     0x1691 ./User/UART/OTA.o
 .debug_info    0x000000000000edaf     0x23f0 ./User/UART/UART.o
 .debug_info    0x000000000001119f     0x10f1 ./User/Main.o
 .debug_info    0x0000000000012290     0x1130 ./User/ch32v20x_it.o
 .debug_info    0x00000000000133c0      0xb3b ./User/system_ch32v20x.o
 .debug_info    0x0000000000013efb       0x22 ./Startup/startup_ch32v20x_D6.o
 .debug_info    0x0000000000013f1d      0xa94 ./Peripheral/src/ch32v20x_dbgmcu.o
 .debug_info    0x00000000000149b1      0xd21 ./Peripheral/src/ch32v20x_dma.o
 .debug_info    0x00000000000156d2      0xc0d ./Peripheral/src/ch32v20x_exti.o
 .debug_info    0x00000000000162df     0x1601 ./Peripheral/src/ch32v20x_flash.o
 .debug_info    0x00000000000178e0     0x133b ./Peripheral/src/ch32v20x_gpio.o
 .debug_info    0x0000000000018c1b      0xe67 ./Peripheral/src/ch32v20x_misc.o
 .debug_info    0x0000000000019a82     0x1273 ./Peripheral/src/ch32v20x_rcc.o
 .debug_info    0x000000000001acf5     0x2aca ./Peripheral/src/ch32v20x_tim.o
 .debug_info    0x000000000001d7bf     0x135c ./Peripheral/src/ch32v20x_usart.o
 .debug_info    0x000000000001eb1b      0xf2d ./Debug/debug.o

.debug_abbrev   0x0000000000000000     0x54e6
 .debug_abbrev  0x0000000000000000      0x553 ./User/USBLIB/USB-Driver/src/usb_core.o
 .debug_abbrev  0x0000000000000553      0x223 ./User/USBLIB/USB-Driver/src/usb_init.o
 .debug_abbrev  0x0000000000000776      0x279 ./User/USBLIB/USB-Driver/src/usb_int.o
 .debug_abbrev  0x00000000000009ef      0x25a ./User/USBLIB/USB-Driver/src/usb_mem.o
 .debug_abbrev  0x0000000000000c49      0x3b2 ./User/USBLIB/USB-Driver/src/usb_regs.o
 .debug_abbrev  0x0000000000000ffb      0x2a0 ./User/USBLIB/USB-Driver/src/usb_sil.o
 .debug_abbrev  0x000000000000129b      0x2be ./User/USBLIB/CONFIG/hw_config.o
 .debug_abbrev  0x0000000000001559      0x205 ./User/USBLIB/CONFIG/usb_desc.o
 .debug_abbrev  0x000000000000175e      0x310 ./User/USBLIB/CONFIG/usb_endp.o
 .debug_abbrev  0x0000000000001a6e      0x2af ./User/USBLIB/CONFIG/usb_istr.o
 .debug_abbrev  0x0000000000001d1d      0x3bc ./User/USBLIB/CONFIG/usb_prop.o
 .debug_abbrev  0x00000000000020d9      0x2fa ./User/USBLIB/CONFIG/usb_pwr.o
 .debug_abbrev  0x00000000000023d3      0x400 ./User/UART/OTA.o
 .debug_abbrev  0x00000000000027d3      0x43f ./User/UART/UART.o
 .debug_abbrev  0x0000000000002c12      0x27f ./User/Main.o
 .debug_abbrev  0x0000000000002e91      0x274 ./User/ch32v20x_it.o
 .debug_abbrev  0x0000000000003105      0x2b0 ./User/system_ch32v20x.o
 .debug_abbrev  0x00000000000033b5       0x12 ./Startup/startup_ch32v20x_D6.o
 .debug_abbrev  0x00000000000033c7      0x2f7 ./Peripheral/src/ch32v20x_dbgmcu.o
 .debug_abbrev  0x00000000000036be      0x302 ./Peripheral/src/ch32v20x_dma.o
 .debug_abbrev  0x00000000000039c0      0x2da ./Peripheral/src/ch32v20x_exti.o
 .debug_abbrev  0x0000000000003c9a      0x496 ./Peripheral/src/ch32v20x_flash.o
 .debug_abbrev  0x0000000000004130      0x34b ./Peripheral/src/ch32v20x_gpio.o
 .debug_abbrev  0x000000000000447b      0x2e1 ./Peripheral/src/ch32v20x_misc.o
 .debug_abbrev  0x000000000000475c      0x36b ./Peripheral/src/ch32v20x_rcc.o
 .debug_abbrev  0x0000000000004ac7      0x40f ./Peripheral/src/ch32v20x_tim.o
 .debug_abbrev  0x0000000000004ed6      0x32e ./Peripheral/src/ch32v20x_usart.o
 .debug_abbrev  0x0000000000005204      0x2e2 ./Debug/debug.o

.debug_loc      0x0000000000000000     0x67ee
 .debug_loc     0x0000000000000000      0xa1e ./User/USBLIB/USB-Driver/src/usb_core.o
 .debug_loc     0x0000000000000a1e       0xfa ./User/USBLIB/USB-Driver/src/usb_int.o
 .debug_loc     0x0000000000000b18      0x1dc ./User/USBLIB/USB-Driver/src/usb_mem.o
 .debug_loc     0x0000000000000cf4      0xb6f ./User/USBLIB/USB-Driver/src/usb_regs.o
 .debug_loc     0x0000000000001863       0xc4 ./User/USBLIB/USB-Driver/src/usb_sil.o
 .debug_loc     0x0000000000001927       0x3c ./User/USBLIB/CONFIG/hw_config.o
 .debug_loc     0x0000000000001963       0x9d ./User/USBLIB/CONFIG/usb_endp.o
 .debug_loc     0x0000000000001a00       0x42 ./User/USBLIB/CONFIG/usb_istr.o
 .debug_loc     0x0000000000001a42      0x1e4 ./User/USBLIB/CONFIG/usb_prop.o
 .debug_loc     0x0000000000001c26      0x139 ./User/USBLIB/CONFIG/usb_pwr.o
 .debug_loc     0x0000000000001d5f      0x4ed ./User/UART/OTA.o
 .debug_loc     0x000000000000224c      0x38b ./User/UART/UART.o
 .debug_loc     0x00000000000025d7       0xac ./User/system_ch32v20x.o
 .debug_loc     0x0000000000002683       0x7c ./Peripheral/src/ch32v20x_dbgmcu.o
 .debug_loc     0x00000000000026ff      0x155 ./Peripheral/src/ch32v20x_dma.o
 .debug_loc     0x0000000000002854      0x181 ./Peripheral/src/ch32v20x_exti.o
 .debug_loc     0x00000000000029d5      0xce8 ./Peripheral/src/ch32v20x_flash.o
 .debug_loc     0x00000000000036bd      0x888 ./Peripheral/src/ch32v20x_gpio.o
 .debug_loc     0x0000000000003f45       0x47 ./Peripheral/src/ch32v20x_misc.o
 .debug_loc     0x0000000000003f8c      0x797 ./Peripheral/src/ch32v20x_rcc.o
 .debug_loc     0x0000000000004723     0x180e ./Peripheral/src/ch32v20x_tim.o
 .debug_loc     0x0000000000005f31      0x746 ./Peripheral/src/ch32v20x_usart.o
 .debug_loc     0x0000000000006677      0x177 ./Debug/debug.o

.debug_aranges  0x0000000000000000      0xdc0
 .debug_aranges
                0x0000000000000000       0x98 ./User/USBLIB/USB-Driver/src/usb_core.o
 .debug_aranges
                0x0000000000000098       0x20 ./User/USBLIB/USB-Driver/src/usb_init.o
 .debug_aranges
                0x00000000000000b8       0x28 ./User/USBLIB/USB-Driver/src/usb_int.o
 .debug_aranges
                0x00000000000000e0       0x28 ./User/USBLIB/USB-Driver/src/usb_mem.o
 .debug_aranges
                0x0000000000000108      0x1a0 ./User/USBLIB/USB-Driver/src/usb_regs.o
 .debug_aranges
                0x00000000000002a8       0x30 ./User/USBLIB/USB-Driver/src/usb_sil.o
 .debug_aranges
                0x00000000000002d8       0x50 ./User/USBLIB/CONFIG/hw_config.o
 .debug_aranges
                0x0000000000000328       0x18 ./User/USBLIB/CONFIG/usb_desc.o
 .debug_aranges
                0x0000000000000340       0x38 ./User/USBLIB/CONFIG/usb_endp.o
 .debug_aranges
                0x0000000000000378       0x20 ./User/USBLIB/CONFIG/usb_istr.o
 .debug_aranges
                0x0000000000000398       0x80 ./User/USBLIB/CONFIG/usb_prop.o
 .debug_aranges
                0x0000000000000418       0x40 ./User/USBLIB/CONFIG/usb_pwr.o
 .debug_aranges
                0x0000000000000458       0x40 ./User/UART/OTA.o
 .debug_aranges
                0x0000000000000498       0x60 ./User/UART/UART.o
 .debug_aranges
                0x00000000000004f8       0x20 ./User/Main.o
 .debug_aranges
                0x0000000000000518       0x30 ./User/ch32v20x_it.o
 .debug_aranges
                0x0000000000000548       0x28 ./User/system_ch32v20x.o
 .debug_aranges
                0x0000000000000570       0x30 ./Startup/startup_ch32v20x_D6.o
 .debug_aranges
                0x00000000000005a0       0x48 ./Peripheral/src/ch32v20x_dbgmcu.o
 .debug_aranges
                0x00000000000005e8       0x60 ./Peripheral/src/ch32v20x_dma.o
 .debug_aranges
                0x0000000000000648       0x50 ./Peripheral/src/ch32v20x_exti.o
 .debug_aranges
                0x0000000000000698      0x110 ./Peripheral/src/ch32v20x_flash.o
 .debug_aranges
                0x00000000000007a8       0xb0 ./Peripheral/src/ch32v20x_gpio.o
 .debug_aranges
                0x0000000000000858       0x28 ./Peripheral/src/ch32v20x_misc.o
 .debug_aranges
                0x0000000000000880      0x130 ./Peripheral/src/ch32v20x_rcc.o
 .debug_aranges
                0x00000000000009b0      0x2d0 ./Peripheral/src/ch32v20x_tim.o
 .debug_aranges
                0x0000000000000c80       0xf0 ./Peripheral/src/ch32v20x_usart.o
 .debug_aranges
                0x0000000000000d70       0x50 ./Debug/debug.o

.debug_ranges   0x0000000000000000      0xfa8
 .debug_ranges  0x0000000000000000      0x148 ./User/USBLIB/USB-Driver/src/usb_core.o
 .debug_ranges  0x0000000000000148       0x10 ./User/USBLIB/USB-Driver/src/usb_init.o
 .debug_ranges  0x0000000000000158       0x60 ./User/USBLIB/USB-Driver/src/usb_int.o
 .debug_ranges  0x00000000000001b8       0x18 ./User/USBLIB/USB-Driver/src/usb_mem.o
 .debug_ranges  0x00000000000001d0      0x338 ./User/USBLIB/USB-Driver/src/usb_regs.o
 .debug_ranges  0x0000000000000508       0x20 ./User/USBLIB/USB-Driver/src/usb_sil.o
 .debug_ranges  0x0000000000000528       0x40 ./User/USBLIB/CONFIG/hw_config.o
 .debug_ranges  0x0000000000000568       0x28 ./User/USBLIB/CONFIG/usb_endp.o
 .debug_ranges  0x0000000000000590       0x10 ./User/USBLIB/CONFIG/usb_istr.o
 .debug_ranges  0x00000000000005a0       0x70 ./User/USBLIB/CONFIG/usb_prop.o
 .debug_ranges  0x0000000000000610       0x30 ./User/USBLIB/CONFIG/usb_pwr.o
 .debug_ranges  0x0000000000000640       0xe0 ./User/UART/OTA.o
 .debug_ranges  0x0000000000000720       0x50 ./User/UART/UART.o
 .debug_ranges  0x0000000000000770       0x10 ./User/Main.o
 .debug_ranges  0x0000000000000780       0x20 ./User/ch32v20x_it.o
 .debug_ranges  0x00000000000007a0       0x18 ./User/system_ch32v20x.o
 .debug_ranges  0x00000000000007b8       0x28 ./Startup/startup_ch32v20x_D6.o
 .debug_ranges  0x00000000000007e0       0x50 ./Peripheral/src/ch32v20x_dbgmcu.o
 .debug_ranges  0x0000000000000830       0x50 ./Peripheral/src/ch32v20x_dma.o
 .debug_ranges  0x0000000000000880       0x40 ./Peripheral/src/ch32v20x_exti.o
 .debug_ranges  0x00000000000008c0      0x118 ./Peripheral/src/ch32v20x_flash.o
 .debug_ranges  0x00000000000009d8       0xa0 ./Peripheral/src/ch32v20x_gpio.o
 .debug_ranges  0x0000000000000a78       0x30 ./Peripheral/src/ch32v20x_misc.o
 .debug_ranges  0x0000000000000aa8      0x120 ./Peripheral/src/ch32v20x_rcc.o
 .debug_ranges  0x0000000000000bc8      0x2c0 ./Peripheral/src/ch32v20x_tim.o
 .debug_ranges  0x0000000000000e88       0xe0 ./Peripheral/src/ch32v20x_usart.o
 .debug_ranges  0x0000000000000f68       0x40 ./Debug/debug.o

.debug_line     0x0000000000000000    0x14388
 .debug_line    0x0000000000000000     0x1ac9 ./User/USBLIB/USB-Driver/src/usb_core.o
 .debug_line    0x0000000000001ac9      0x350 ./User/USBLIB/USB-Driver/src/usb_init.o
 .debug_line    0x0000000000001e19      0x999 ./User/USBLIB/USB-Driver/src/usb_int.o
 .debug_line    0x00000000000027b2      0x476 ./User/USBLIB/USB-Driver/src/usb_mem.o
 .debug_line    0x0000000000002c28     0x11eb ./User/USBLIB/USB-Driver/src/usb_regs.o
 .debug_line    0x0000000000003e13      0x3e6 ./User/USBLIB/USB-Driver/src/usb_sil.o
 .debug_line    0x00000000000041f9      0x790 ./User/USBLIB/CONFIG/hw_config.o
 .debug_line    0x0000000000004989      0x2eb ./User/USBLIB/CONFIG/usb_desc.o
 .debug_line    0x0000000000004c74      0x594 ./User/USBLIB/CONFIG/usb_endp.o
 .debug_line    0x0000000000005208      0x6eb ./User/USBLIB/CONFIG/usb_istr.o
 .debug_line    0x00000000000058f3      0xa0b ./User/USBLIB/CONFIG/usb_prop.o
 .debug_line    0x00000000000062fe      0x82c ./User/USBLIB/CONFIG/usb_pwr.o
 .debug_line    0x0000000000006b2a      0x89a ./User/UART/OTA.o
 .debug_line    0x00000000000073c4     0x1546 ./User/UART/UART.o
 .debug_line    0x000000000000890a      0x4e5 ./User/Main.o
 .debug_line    0x0000000000008def      0x445 ./User/ch32v20x_it.o
 .debug_line    0x0000000000009234      0x601 ./User/system_ch32v20x.o
 .debug_line    0x0000000000009835      0x121 ./Startup/startup_ch32v20x_D6.o
 .debug_line    0x0000000000009956      0x3eb ./Peripheral/src/ch32v20x_dbgmcu.o
 .debug_line    0x0000000000009d41      0x806 ./Peripheral/src/ch32v20x_dma.o
 .debug_line    0x000000000000a547      0x625 ./Peripheral/src/ch32v20x_exti.o
 .debug_line    0x000000000000ab6c     0x25b0 ./Peripheral/src/ch32v20x_flash.o
 .debug_line    0x000000000000d11c     0x163a ./Peripheral/src/ch32v20x_gpio.o
 .debug_line    0x000000000000e756      0x433 ./Peripheral/src/ch32v20x_misc.o
 .debug_line    0x000000000000eb89     0x11e2 ./Peripheral/src/ch32v20x_rcc.o
 .debug_line    0x000000000000fd6b     0x2f9e ./Peripheral/src/ch32v20x_tim.o
 .debug_line    0x0000000000012d09      0xef1 ./Peripheral/src/ch32v20x_usart.o
 .debug_line    0x0000000000013bfa      0x78e ./Debug/debug.o

.debug_str      0x0000000000000000     0x4312
 .debug_str     0x0000000000000000      0xda1 ./User/USBLIB/USB-Driver/src/usb_core.o
                                        0xf63 (size before relaxing)
 .debug_str     0x0000000000000da1       0x29 ./User/USBLIB/USB-Driver/src/usb_init.o
                                        0x9d0 (size before relaxing)
 .debug_str     0x0000000000000dca       0x68 ./User/USBLIB/USB-Driver/src/usb_int.o
                                        0xa2e (size before relaxing)
 .debug_str     0x0000000000000e32       0x58 ./User/USBLIB/USB-Driver/src/usb_mem.o
                                        0xa1e (size before relaxing)
 .debug_str     0x0000000000000e8a      0x389 ./User/USBLIB/USB-Driver/src/usb_regs.o
                                        0xda6 (size before relaxing)
 .debug_str     0x0000000000001213       0x7e ./User/USBLIB/USB-Driver/src/usb_sil.o
                                        0xa76 (size before relaxing)
 .debug_str     0x0000000000001291      0x75a ./User/USBLIB/CONFIG/hw_config.o
                                       0x1112 (size before relaxing)
 .debug_str     0x00000000000019eb       0x21 ./User/USBLIB/CONFIG/usb_desc.o
                                        0xa34 (size before relaxing)
 .debug_str     0x0000000000001a0c      0x1ea ./User/USBLIB/CONFIG/usb_endp.o
                                        0xc89 (size before relaxing)
 .debug_str     0x0000000000001bf6       0xc4 ./User/USBLIB/CONFIG/usb_istr.o
                                        0xab4 (size before relaxing)
 .debug_str     0x0000000000001cba      0x1bb ./User/USBLIB/CONFIG/usb_prop.o
                                        0xf68 (size before relaxing)
 .debug_str     0x0000000000001e75       0x63 ./User/USBLIB/CONFIG/usb_pwr.o
                                        0xb4c (size before relaxing)
 .debug_str     0x0000000000001ed8      0x272 ./User/UART/OTA.o
                                        0xfc0 (size before relaxing)
 .debug_str     0x000000000000214a      0x608 ./User/UART/UART.o
                                       0x1617 (size before relaxing)
 .debug_str     0x0000000000002752       0x71 ./User/Main.o
                                        0xc0c (size before relaxing)
 .debug_str     0x00000000000027c3       0x5e ./User/ch32v20x_it.o
                                        0x95b (size before relaxing)
 .debug_str     0x0000000000002821       0xc4 ./User/system_ch32v20x.o
                                        0x68e (size before relaxing)
 .debug_str     0x00000000000028e5       0x2d ./Startup/startup_ch32v20x_D6.o
                                         0x48 (size before relaxing)
 .debug_str     0x0000000000002912       0x7e ./Peripheral/src/ch32v20x_dbgmcu.o
                                        0x635 (size before relaxing)
 .debug_str     0x0000000000002990      0x116 ./Peripheral/src/ch32v20x_dma.o
                                        0x7e2 (size before relaxing)
 .debug_str     0x0000000000002aa6       0xcd ./Peripheral/src/ch32v20x_exti.o
                                        0x77c (size before relaxing)
 .debug_str     0x0000000000002b73      0x406 ./Peripheral/src/ch32v20x_flash.o
                                        0xb0e (size before relaxing)
 .debug_str     0x0000000000002f79      0x25c ./Peripheral/src/ch32v20x_gpio.o
                                        0x9ab (size before relaxing)
 .debug_str     0x00000000000031d5       0x73 ./Peripheral/src/ch32v20x_misc.o
                                        0xa6d (size before relaxing)
 .debug_str     0x0000000000003248      0x33d ./Peripheral/src/ch32v20x_rcc.o
                                        0xabd (size before relaxing)
 .debug_str     0x0000000000003585      0xa00 ./Peripheral/src/ch32v20x_tim.o
                                       0x12a8 (size before relaxing)
 .debug_str     0x0000000000003f85      0x324 ./Peripheral/src/ch32v20x_usart.o
                                        0xaed (size before relaxing)
 .debug_str     0x00000000000042a9       0x69 ./Debug/debug.o
                                        0x900 (size before relaxing)

.comment        0x0000000000000000       0x33
 .comment       0x0000000000000000       0x33 ./User/USBLIB/USB-Driver/src/usb_core.o
                                         0x34 (size before relaxing)
 .comment       0x0000000000000033       0x34 ./User/USBLIB/USB-Driver/src/usb_init.o
 .comment       0x0000000000000033       0x34 ./User/USBLIB/USB-Driver/src/usb_int.o
 .comment       0x0000000000000033       0x34 ./User/USBLIB/USB-Driver/src/usb_mem.o
 .comment       0x0000000000000033       0x34 ./User/USBLIB/USB-Driver/src/usb_regs.o
 .comment       0x0000000000000033       0x34 ./User/USBLIB/USB-Driver/src/usb_sil.o
 .comment       0x0000000000000033       0x34 ./User/USBLIB/CONFIG/hw_config.o
 .comment       0x0000000000000033       0x34 ./User/USBLIB/CONFIG/usb_desc.o
 .comment       0x0000000000000033       0x34 ./User/USBLIB/CONFIG/usb_endp.o
 .comment       0x0000000000000033       0x34 ./User/USBLIB/CONFIG/usb_istr.o
 .comment       0x0000000000000033       0x34 ./User/USBLIB/CONFIG/usb_prop.o
 .comment       0x0000000000000033       0x34 ./User/USBLIB/CONFIG/usb_pwr.o
 .comment       0x0000000000000033       0x34 ./User/UART/OTA.o
 .comment       0x0000000000000033       0x34 ./User/UART/UART.o
 .comment       0x0000000000000033       0x34 ./User/Main.o
 .comment       0x0000000000000033       0x34 ./User/ch32v20x_it.o
 .comment       0x0000000000000033       0x34 ./User/system_ch32v20x.o
 .comment       0x0000000000000033       0x34 ./Peripheral/src/ch32v20x_dbgmcu.o
 .comment       0x0000000000000033       0x34 ./Peripheral/src/ch32v20x_dma.o
 .comment       0x0000000000000033       0x34 ./Peripheral/src/ch32v20x_exti.o
 .comment       0x0000000000000033       0x34 ./Peripheral/src/ch32v20x_flash.o
 .comment       0x0000000000000033       0x34 ./Peripheral/src/ch32v20x_gpio.o
 .comment       0x0000000000000033       0x34 ./Peripheral/src/ch32v20x_misc.o
 .comment       0x0000000000000033       0x34 ./Peripheral/src/ch32v20x_rcc.o
 .comment       0x0000000000000033       0x34 ./Peripheral/src/ch32v20x_tim.o
 .comment       0x0000000000000033       0x34 ./Peripheral/src/ch32v20x_usart.o
 .comment       0x0000000000000033       0x34 ./Debug/debug.o

.debug_frame    0x0000000000000000     0x28ac
 .debug_frame   0x0000000000000000      0x204 ./User/USBLIB/USB-Driver/src/usb_core.o
 .debug_frame   0x0000000000000204       0x2c ./User/USBLIB/USB-Driver/src/usb_init.o
 .debug_frame   0x0000000000000230       0x78 ./User/USBLIB/USB-Driver/src/usb_int.o
 .debug_frame   0x00000000000002a8       0x30 ./User/USBLIB/USB-Driver/src/usb_mem.o
 .debug_frame   0x00000000000002d8      0x438 ./User/USBLIB/USB-Driver/src/usb_regs.o
 .debug_frame   0x0000000000000710       0x68 ./User/USBLIB/USB-Driver/src/usb_sil.o
 .debug_frame   0x0000000000000778       0xd0 ./User/USBLIB/CONFIG/hw_config.o
 .debug_frame   0x0000000000000848       0x7c ./User/USBLIB/CONFIG/usb_endp.o
 .debug_frame   0x00000000000008c4       0x3c ./User/USBLIB/CONFIG/usb_istr.o
 .debug_frame   0x0000000000000900      0x170 ./User/USBLIB/CONFIG/usb_prop.o
 .debug_frame   0x0000000000000a70       0x88 ./User/USBLIB/CONFIG/usb_pwr.o
 .debug_frame   0x0000000000000af8       0xc0 ./User/UART/OTA.o
 .debug_frame   0x0000000000000bb8      0x158 ./User/UART/UART.o
 .debug_frame   0x0000000000000d10       0x28 ./User/Main.o
 .debug_frame   0x0000000000000d38       0x40 ./User/ch32v20x_it.o
 .debug_frame   0x0000000000000d78       0x30 ./User/system_ch32v20x.o
 .debug_frame   0x0000000000000da8       0x70 ./Peripheral/src/ch32v20x_dbgmcu.o
 .debug_frame   0x0000000000000e18       0xcc ./Peripheral/src/ch32v20x_dma.o
 .debug_frame   0x0000000000000ee4       0x90 ./Peripheral/src/ch32v20x_exti.o
 .debug_frame   0x0000000000000f74      0x380 ./Peripheral/src/ch32v20x_flash.o
 .debug_frame   0x00000000000012f4      0x170 ./Peripheral/src/ch32v20x_gpio.o
 .debug_frame   0x0000000000001464       0x30 ./Peripheral/src/ch32v20x_misc.o
 .debug_frame   0x0000000000001494      0x254 ./Peripheral/src/ch32v20x_rcc.o
 .debug_frame   0x00000000000016e8      0x614 ./Peripheral/src/ch32v20x_tim.o
 .debug_frame   0x0000000000001cfc      0x1e4 ./Peripheral/src/ch32v20x_usart.o
 .debug_frame   0x0000000000001ee0       0xb8 ./Debug/debug.o
 .debug_frame   0x0000000000001f98       0x54 f:/mounriver_studio_ii/mounriver_studio2/resources/app/resources/win32/components/wch/toolchain/risc-v embedded gcc/bin/../lib/gcc/riscv-none-embed/8.2.0/../../../../riscv-none-embed/lib/rv32imacxw/ilp32\libg_nano.a(lib_a-printf.o)
 .debug_frame   0x0000000000001fec       0x54 f:/mounriver_studio_ii/mounriver_studio2/resources/app/resources/win32/components/wch/toolchain/risc-v embedded gcc/bin/../lib/gcc/riscv-none-embed/8.2.0/../../../../riscv-none-embed/lib/rv32imacxw/ilp32\libg_nano.a(lib_a-puts.o)
 .debug_frame   0x0000000000002040       0x50 f:/mounriver_studio_ii/mounriver_studio2/resources/app/resources/win32/components/wch/toolchain/risc-v embedded gcc/bin/../lib/gcc/riscv-none-embed/8.2.0/../../../../riscv-none-embed/lib/rv32imacxw/ilp32\libg_nano.a(lib_a-wbuf.o)
 .debug_frame   0x0000000000002090       0x3c f:/mounriver_studio_ii/mounriver_studio2/resources/app/resources/win32/components/wch/toolchain/risc-v embedded gcc/bin/../lib/gcc/riscv-none-embed/8.2.0/../../../../riscv-none-embed/lib/rv32imacxw/ilp32\libg_nano.a(lib_a-wsetup.o)
 .debug_frame   0x00000000000020cc       0x7c f:/mounriver_studio_ii/mounriver_studio2/resources/app/resources/win32/components/wch/toolchain/risc-v embedded gcc/bin/../lib/gcc/riscv-none-embed/8.2.0/../../../../riscv-none-embed/lib/rv32imacxw/ilp32\libg_nano.a(lib_a-fflush.o)
 .debug_frame   0x0000000000002148      0x148 f:/mounriver_studio_ii/mounriver_studio2/resources/app/resources/win32/components/wch/toolchain/risc-v embedded gcc/bin/../lib/gcc/riscv-none-embed/8.2.0/../../../../riscv-none-embed/lib/rv32imacxw/ilp32\libg_nano.a(lib_a-findfp.o)
 .debug_frame   0x0000000000002290       0x88 f:/mounriver_studio_ii/mounriver_studio2/resources/app/resources/win32/components/wch/toolchain/risc-v embedded gcc/bin/../lib/gcc/riscv-none-embed/8.2.0/../../../../riscv-none-embed/lib/rv32imacxw/ilp32\libg_nano.a(lib_a-fwalk.o)
 .debug_frame   0x0000000000002318       0x64 f:/mounriver_studio_ii/mounriver_studio2/resources/app/resources/win32/components/wch/toolchain/risc-v embedded gcc/bin/../lib/gcc/riscv-none-embed/8.2.0/../../../../riscv-none-embed/lib/rv32imacxw/ilp32\libg_nano.a(lib_a-makebuf.o)
 .debug_frame   0x000000000000237c       0x40 f:/mounriver_studio_ii/mounriver_studio2/resources/app/resources/win32/components/wch/toolchain/risc-v embedded gcc/bin/../lib/gcc/riscv-none-embed/8.2.0/../../../../riscv-none-embed/lib/rv32imacxw/ilp32\libg_nano.a(lib_a-nano-freer.o)
 .debug_frame   0x00000000000023bc       0x40 f:/mounriver_studio_ii/mounriver_studio2/resources/app/resources/win32/components/wch/toolchain/risc-v embedded gcc/bin/../lib/gcc/riscv-none-embed/8.2.0/../../../../riscv-none-embed/lib/rv32imacxw/ilp32\libg_nano.a(lib_a-nano-mallocr.o)
 .debug_frame   0x00000000000023fc       0xd0 f:/mounriver_studio_ii/mounriver_studio2/resources/app/resources/win32/components/wch/toolchain/risc-v embedded gcc/bin/../lib/gcc/riscv-none-embed/8.2.0/../../../../riscv-none-embed/lib/rv32imacxw/ilp32\libg_nano.a(lib_a-nano-vfprintf.o)
 .debug_frame   0x00000000000024cc       0x8c f:/mounriver_studio_ii/mounriver_studio2/resources/app/resources/win32/components/wch/toolchain/risc-v embedded gcc/bin/../lib/gcc/riscv-none-embed/8.2.0/../../../../riscv-none-embed/lib/rv32imacxw/ilp32\libg_nano.a(lib_a-nano-vfprintf_i.o)
 .debug_frame   0x0000000000002558       0x30 f:/mounriver_studio_ii/mounriver_studio2/resources/app/resources/win32/components/wch/toolchain/risc-v embedded gcc/bin/../lib/gcc/riscv-none-embed/8.2.0/../../../../riscv-none-embed/lib/rv32imacxw/ilp32\libg_nano.a(lib_a-sbrkr.o)
 .debug_frame   0x0000000000002588       0xa4 f:/mounriver_studio_ii/mounriver_studio2/resources/app/resources/win32/components/wch/toolchain/risc-v embedded gcc/bin/../lib/gcc/riscv-none-embed/8.2.0/../../../../riscv-none-embed/lib/rv32imacxw/ilp32\libg_nano.a(lib_a-stdio.o)
 .debug_frame   0x000000000000262c       0x30 f:/mounriver_studio_ii/mounriver_studio2/resources/app/resources/win32/components/wch/toolchain/risc-v embedded gcc/bin/../lib/gcc/riscv-none-embed/8.2.0/../../../../riscv-none-embed/lib/rv32imacxw/ilp32\libg_nano.a(lib_a-writer.o)
 .debug_frame   0x000000000000265c       0x30 f:/mounriver_studio_ii/mounriver_studio2/resources/app/resources/win32/components/wch/toolchain/risc-v embedded gcc/bin/../lib/gcc/riscv-none-embed/8.2.0/../../../../riscv-none-embed/lib/rv32imacxw/ilp32\libg_nano.a(lib_a-closer.o)
 .debug_frame   0x000000000000268c       0x30 f:/mounriver_studio_ii/mounriver_studio2/resources/app/resources/win32/components/wch/toolchain/risc-v embedded gcc/bin/../lib/gcc/riscv-none-embed/8.2.0/../../../../riscv-none-embed/lib/rv32imacxw/ilp32\libg_nano.a(lib_a-fstatr.o)
 .debug_frame   0x00000000000026bc       0x30 f:/mounriver_studio_ii/mounriver_studio2/resources/app/resources/win32/components/wch/toolchain/risc-v embedded gcc/bin/../lib/gcc/riscv-none-embed/8.2.0/../../../../riscv-none-embed/lib/rv32imacxw/ilp32\libg_nano.a(lib_a-isattyr.o)
 .debug_frame   0x00000000000026ec       0x30 f:/mounriver_studio_ii/mounriver_studio2/resources/app/resources/win32/components/wch/toolchain/risc-v embedded gcc/bin/../lib/gcc/riscv-none-embed/8.2.0/../../../../riscv-none-embed/lib/rv32imacxw/ilp32\libg_nano.a(lib_a-lseekr.o)
 .debug_frame   0x000000000000271c       0x20 f:/mounriver_studio_ii/mounriver_studio2/resources/app/resources/win32/components/wch/toolchain/risc-v embedded gcc/bin/../lib/gcc/riscv-none-embed/8.2.0/../../../../riscv-none-embed/lib/rv32imacxw/ilp32\libg_nano.a(lib_a-memchr.o)
 .debug_frame   0x000000000000273c       0x30 f:/mounriver_studio_ii/mounriver_studio2/resources/app/resources/win32/components/wch/toolchain/risc-v embedded gcc/bin/../lib/gcc/riscv-none-embed/8.2.0/../../../../riscv-none-embed/lib/rv32imacxw/ilp32\libg_nano.a(lib_a-mlock.o)
 .debug_frame   0x000000000000276c       0x30 f:/mounriver_studio_ii/mounriver_studio2/resources/app/resources/win32/components/wch/toolchain/risc-v embedded gcc/bin/../lib/gcc/riscv-none-embed/8.2.0/../../../../riscv-none-embed/lib/rv32imacxw/ilp32\libg_nano.a(lib_a-readr.o)
 .debug_frame   0x000000000000279c       0x70 f:/mounriver_studio_ii/mounriver_studio2/resources/app/resources/win32/components/wch/toolchain/risc-v embedded gcc/bin/../lib/gcc/riscv-none-embed/8.2.0/../../../../riscv-none-embed/lib/rv32imacxw/ilp32\libg_nano.a(lib_a-reent.o)
 .debug_frame   0x000000000000280c       0x20 f:/mounriver_studio_ii/mounriver_studio2/resources/app/resources/win32/components/wch/toolchain/risc-v embedded gcc/bin/../lib/gcc/riscv-none-embed/8.2.0/../../../../riscv-none-embed/lib/rv32imacxw/ilp32\libnosys.a(close.o)
 .debug_frame   0x000000000000282c       0x20 f:/mounriver_studio_ii/mounriver_studio2/resources/app/resources/win32/components/wch/toolchain/risc-v embedded gcc/bin/../lib/gcc/riscv-none-embed/8.2.0/../../../../riscv-none-embed/lib/rv32imacxw/ilp32\libnosys.a(fstat.o)
 .debug_frame   0x000000000000284c       0x20 f:/mounriver_studio_ii/mounriver_studio2/resources/app/resources/win32/components/wch/toolchain/risc-v embedded gcc/bin/../lib/gcc/riscv-none-embed/8.2.0/../../../../riscv-none-embed/lib/rv32imacxw/ilp32\libnosys.a(isatty.o)